2026-05-10T00:40:25.161406+00:00 Run directory prepared: /home/carti/ETH/Msc/CCA/risultatiPart3/Matte/automation/runs/part3-Parta/2026-05-10-02h40m25s
2026-05-10T00:40:25.162050+00:00 Rendered 8 manifests into /home/carti/ETH/Msc/CCA/risultatiPart3/Matte/automation/runs/part3-Parta/2026-05-10-02h40m25s/rendered_manifests
2026-05-10T00:40:25.162103+00:00 Cleaning previous managed workloads
2026-05-10T00:40:59.148439+00:00 Ensuring canonical node labels and checking client provisioning
2026-05-10T00:41:16.858467+00:00 Applying memcached manifest
2026-05-10T00:41:20.706884+00:00 Capturing benchmark node CPU platforms
2026-05-10T00:41:27.071972+00:00 Benchmark node CPU platform capture complete: node-a-8core=e2-standard-8/AMD Rome, node-b-4core=n2d-highcpu-4/AMD Milan
2026-05-10T00:41:27.072609+00:00 Restarting mcperf-agent.service on client-agent-a (client-agent-a-tp31)
2026-05-10T00:41:35.759769+00:00 mcperf-agent.service active on client-agent-a (client-agent-a-tp31)
2026-05-10T00:41:35.760196+00:00 Restarting mcperf-agent.service on client-agent-b (client-agent-b-ggp4)
2026-05-10T00:41:44.665065+00:00 mcperf-agent.service active on client-agent-b (client-agent-b-ggp4)
2026-05-10T00:41:44.665369+00:00 Starting measurement against memcached IP 100.96.4.52
2026-05-10T00:41:45.474092+00:00 Waiting for first mcperf measurement sample
2026-05-10T00:41:54.800233+00:00 mcperf measurement header observed
2026-05-10T00:42:05.602467+00:00 mcperf measurement sample observed
2026-05-10T00:42:05.602780+00:00 mcperf measurement is live
2026-05-10T00:42:05.603244+00:00 Starting phase scheduler
2026-05-10T00:42:06.474026+00:00 Phase dependency satisfied for phase-01: start
2026-05-10T00:42:06.474360+00:00 Launching phase phase-01: streamcluster, blackscholes
2026-05-10T00:42:08.522563+00:00 Scheduler heartbeat: launched_phases=['phase-01'] pending_phases=['phase-02', 'phase-03', 'phase-04', 'phase-05'] completed_jobs=[] running_jobs=['parsec-blackscholes-2026-05-10-02h40m25s', 'parsec-streamcluster-2026-05-10-02h40m25s']
2026-05-10T00:42:26.159874+00:00 Scheduler heartbeat: launched_phases=['phase-01'] pending_phases=['phase-02', 'phase-03', 'phase-04', 'phase-05'] completed_jobs=[] running_jobs=['parsec-blackscholes-2026-05-10-02h40m25s', 'parsec-streamcluster-2026-05-10-02h40m25s']
2026-05-10T00:42:41.564556+00:00 Scheduler heartbeat: launched_phases=['phase-01'] pending_phases=['phase-02', 'phase-03', 'phase-04', 'phase-05'] completed_jobs=[] running_jobs=['parsec-blackscholes-2026-05-10-02h40m25s', 'parsec-streamcluster-2026-05-10-02h40m25s']
2026-05-10T00:42:59.613765+00:00 Scheduler heartbeat: launched_phases=['phase-01'] pending_phases=['phase-02', 'phase-03', 'phase-04', 'phase-05'] completed_jobs=[] running_jobs=['parsec-blackscholes-2026-05-10-02h40m25s', 'parsec-streamcluster-2026-05-10-02h40m25s']
2026-05-10T00:43:01.293597+00:00 Job completed: parsec-blackscholes-2026-05-10-02h40m25s
2026-05-10T00:43:01.293971+00:00 Phase dependency satisfied for phase-03: blackscholes
2026-05-10T00:43:01.294067+00:00 Launching phase phase-03: canneal
2026-05-10T00:43:15.916943+00:00 Scheduler heartbeat: launched_phases=['phase-01', 'phase-03'] pending_phases=['phase-02', 'phase-04', 'phase-05'] completed_jobs=['blackscholes'] running_jobs=['parsec-canneal-2026-05-10-02h40m25s', 'parsec-streamcluster-2026-05-10-02h40m25s']
2026-05-10T00:43:33.229994+00:00 Scheduler heartbeat: launched_phases=['phase-01', 'phase-03'] pending_phases=['phase-02', 'phase-04', 'phase-05'] completed_jobs=['blackscholes'] running_jobs=['parsec-canneal-2026-05-10-02h40m25s', 'parsec-streamcluster-2026-05-10-02h40m25s']
2026-05-10T00:43:48.418200+00:00 Scheduler heartbeat: launched_phases=['phase-01', 'phase-03'] pending_phases=['phase-02', 'phase-04', 'phase-05'] completed_jobs=['blackscholes'] running_jobs=['parsec-canneal-2026-05-10-02h40m25s', 'parsec-streamcluster-2026-05-10-02h40m25s']
2026-05-10T00:43:56.246411+00:00 Job completed: parsec-streamcluster-2026-05-10-02h40m25s
2026-05-10T00:43:56.246751+00:00 Phase dependency satisfied for phase-02: streamcluster
2026-05-10T00:43:56.246913+00:00 Launching phase phase-02: freqmine
2026-05-10T00:44:04.122969+00:00 Scheduler heartbeat: launched_phases=['phase-01', 'phase-02', 'phase-03'] pending_phases=['phase-04', 'phase-05'] completed_jobs=['blackscholes', 'streamcluster'] running_jobs=['parsec-canneal-2026-05-10-02h40m25s', 'parsec-freqmine-2026-05-10-02h40m25s']
2026-05-10T00:44:22.008537+00:00 Scheduler heartbeat: launched_phases=['phase-01', 'phase-02', 'phase-03'] pending_phases=['phase-04', 'phase-05'] completed_jobs=['blackscholes', 'streamcluster'] running_jobs=['parsec-canneal-2026-05-10-02h40m25s', 'parsec-freqmine-2026-05-10-02h40m25s']
2026-05-10T00:44:38.031228+00:00 Scheduler heartbeat: launched_phases=['phase-01', 'phase-02', 'phase-03'] pending_phases=['phase-04', 'phase-05'] completed_jobs=['blackscholes', 'streamcluster'] running_jobs=['parsec-canneal-2026-05-10-02h40m25s', 'parsec-freqmine-2026-05-10-02h40m25s']
2026-05-10T00:44:52.854295+00:00 Job completed: parsec-canneal-2026-05-10-02h40m25s
2026-05-10T00:44:52.854720+00:00 Phase dependency satisfied for phase-05: canneal
2026-05-10T00:44:52.854934+00:00 Launching phase phase-05: barnes
2026-05-10T00:44:56.222579+00:00 Scheduler heartbeat: launched_phases=['phase-01', 'phase-02', 'phase-03', 'phase-05'] pending_phases=['phase-04'] completed_jobs=['blackscholes', 'canneal', 'streamcluster'] running_jobs=['parsec-barnes-2026-05-10-02h40m25s', 'parsec-freqmine-2026-05-10-02h40m25s']
2026-05-10T00:45:08.133045+00:00 Job completed: parsec-freqmine-2026-05-10-02h40m25s
2026-05-10T00:45:08.133358+00:00 Phase dependency satisfied for phase-04: freqmine
2026-05-10T00:45:08.133457+00:00 Launching phase phase-04: vips, radix
2026-05-10T00:45:11.571763+00:00 Scheduler heartbeat: launched_phases=['phase-01', 'phase-02', 'phase-03', 'phase-04', 'phase-05'] pending_phases=[] completed_jobs=['blackscholes', 'canneal', 'freqmine', 'streamcluster'] running_jobs=['parsec-barnes-2026-05-10-02h40m25s', 'parsec-radix-2026-05-10-02h40m25s', 'parsec-vips-2026-05-10-02h40m25s']
2026-05-10T00:45:30.211036+00:00 Scheduler heartbeat: launched_phases=['phase-01', 'phase-02', 'phase-03', 'phase-04', 'phase-05'] pending_phases=[] completed_jobs=['blackscholes', 'canneal', 'freqmine', 'streamcluster'] running_jobs=['parsec-barnes-2026-05-10-02h40m25s', 'parsec-radix-2026-05-10-02h40m25s', 'parsec-vips-2026-05-10-02h40m25s']
2026-05-10T00:45:44.494731+00:00 Job completed: parsec-vips-2026-05-10-02h40m25s
2026-05-10T00:45:44.495783+00:00 Job completed: parsec-radix-2026-05-10-02h40m25s
2026-05-10T00:45:46.115475+00:00 Scheduler heartbeat: launched_phases=['phase-01', 'phase-02', 'phase-03', 'phase-04', 'phase-05'] pending_phases=[] completed_jobs=['blackscholes', 'canneal', 'freqmine', 'radix', 'streamcluster', 'vips'] running_jobs=['parsec-barnes-2026-05-10-02h40m25s']
2026-05-10T00:46:00.921535+00:00 Job completed: parsec-barnes-2026-05-10-02h40m25s
2026-05-10T00:46:00.922134+00:00 All batch jobs completed; capturing results.json and stopping mcperf
2026-05-10T00:46:00.922229+00:00 Waiting briefly for final pod termination metadata
2026-05-10T00:46:02.212623+00:00 Stopping mcperf measurement wrapper on client-measure-2qdl with SIGINT
2026-05-10T00:46:16.587637+00:00 mcperf is still running on client-measure-2qdl after SIGINT; escalating to SIGTERM
2026-05-10T00:46:21.141730+00:00 Summarizing run from captured pod snapshot and mcperf output
2026-05-10T00:46:21.144608+00:00 Run completed with status pass makespan=229.0 max_p95_us=375.2
2026-05-10T00:46:21.643387+00:00 Runtime stats refreshed: /home/carti/ETH/Msc/CCA/risultatiPart3/Matte/automation/runs/runtime_stats.json samples=707 eligible_runs=101
