2026-05-09T14:53:16.243973+00:00 Run directory prepared: /home/carti/ETH/Msc/CCA/risultatiPart3/Matte/automation/runs/part3-PartB/2026-05-09-16h53m16s
2026-05-09T14:53:16.244242+00:00 Rendered 8 manifests into /home/carti/ETH/Msc/CCA/risultatiPart3/Matte/automation/runs/part3-PartB/2026-05-09-16h53m16s/rendered_manifests
2026-05-09T14:53:16.244341+00:00 Cleaning previous managed workloads
2026-05-09T14:53:49.577413+00:00 Ensuring canonical node labels and checking client provisioning
2026-05-09T14:54:00.439773+00:00 Applying memcached manifest
2026-05-09T14:54:04.359945+00:00 Capturing benchmark node CPU platforms
2026-05-09T14:54:09.820326+00:00 Benchmark node CPU platform capture complete: node-a-8core=e2-standard-8/AMD Rome, node-b-4core=n2d-highcpu-4/AMD Milan
2026-05-09T14:54:09.821633+00:00 Restarting mcperf-agent.service on client-agent-a (client-agent-a-1p0l)
2026-05-09T14:54:19.477695+00:00 mcperf-agent.service active on client-agent-a (client-agent-a-1p0l)
2026-05-09T14:54:19.477911+00:00 Restarting mcperf-agent.service on client-agent-b (client-agent-b-j3kd)
2026-05-09T14:54:25.390600+00:00 mcperf-agent.service active on client-agent-b (client-agent-b-j3kd)
2026-05-09T14:54:25.390777+00:00 Starting measurement against memcached IP 100.96.4.84
2026-05-09T14:54:25.975065+00:00 Waiting for first mcperf measurement sample
2026-05-09T14:54:32.066705+00:00 mcperf measurement header observed
2026-05-09T14:54:43.530152+00:00 mcperf measurement sample observed
2026-05-09T14:54:43.530709+00:00 mcperf measurement is live
2026-05-09T14:54:43.530855+00:00 Starting phase scheduler
2026-05-09T14:54:43.848724+00:00 Phase dependency satisfied for phase-01: start
2026-05-09T14:54:43.848984+00:00 Launching phase phase-01: streamcluster, blackscholes
2026-05-09T14:54:45.484807+00:00 Scheduler heartbeat: launched_phases=['phase-01'] pending_phases=['phase-02', 'phase-03', 'phase-04', 'phase-05'] completed_jobs=[] running_jobs=['parsec-blackscholes-2026-05-09-16h53m16s', 'parsec-streamcluster-2026-05-09-16h53m16s']
2026-05-09T14:55:01.205870+00:00 Scheduler heartbeat: launched_phases=['phase-01'] pending_phases=['phase-02', 'phase-03', 'phase-04', 'phase-05'] completed_jobs=[] running_jobs=['parsec-blackscholes-2026-05-09-16h53m16s', 'parsec-streamcluster-2026-05-09-16h53m16s']
2026-05-09T14:55:17.097955+00:00 Scheduler heartbeat: launched_phases=['phase-01'] pending_phases=['phase-02', 'phase-03', 'phase-04', 'phase-05'] completed_jobs=[] running_jobs=['parsec-blackscholes-2026-05-09-16h53m16s', 'parsec-streamcluster-2026-05-09-16h53m16s']
2026-05-09T14:55:34.660639+00:00 Scheduler heartbeat: launched_phases=['phase-01'] pending_phases=['phase-02', 'phase-03', 'phase-04', 'phase-05'] completed_jobs=[] running_jobs=['parsec-blackscholes-2026-05-09-16h53m16s', 'parsec-streamcluster-2026-05-09-16h53m16s']
2026-05-09T14:55:43.188282+00:00 Job completed: parsec-blackscholes-2026-05-09-16h53m16s
2026-05-09T14:55:43.188696+00:00 Phase dependency satisfied for phase-03: blackscholes
2026-05-09T14:55:43.188928+00:00 Launching phase phase-03: canneal
2026-05-09T14:55:49.736752+00:00 Scheduler heartbeat: launched_phases=['phase-01', 'phase-03'] pending_phases=['phase-02', 'phase-04', 'phase-05'] completed_jobs=['blackscholes'] running_jobs=['parsec-canneal-2026-05-09-16h53m16s', 'parsec-streamcluster-2026-05-09-16h53m16s']
2026-05-09T14:56:06.724191+00:00 Scheduler heartbeat: launched_phases=['phase-01', 'phase-03'] pending_phases=['phase-02', 'phase-04', 'phase-05'] completed_jobs=['blackscholes'] running_jobs=['parsec-canneal-2026-05-09-16h53m16s', 'parsec-streamcluster-2026-05-09-16h53m16s']
2026-05-09T14:56:22.613504+00:00 Scheduler heartbeat: launched_phases=['phase-01', 'phase-03'] pending_phases=['phase-02', 'phase-04', 'phase-05'] completed_jobs=['blackscholes'] running_jobs=['parsec-canneal-2026-05-09-16h53m16s', 'parsec-streamcluster-2026-05-09-16h53m16s']
2026-05-09T14:56:39.162148+00:00 Scheduler heartbeat: launched_phases=['phase-01', 'phase-03'] pending_phases=['phase-02', 'phase-04', 'phase-05'] completed_jobs=['blackscholes'] running_jobs=['parsec-canneal-2026-05-09-16h53m16s', 'parsec-streamcluster-2026-05-09-16h53m16s']
2026-05-09T14:56:48.934586+00:00 Job completed: parsec-streamcluster-2026-05-09-16h53m16s
2026-05-09T14:56:48.934935+00:00 Phase dependency satisfied for phase-02: streamcluster
2026-05-09T14:56:48.935019+00:00 Launching phase phase-02: freqmine
2026-05-09T14:56:54.512016+00:00 Scheduler heartbeat: launched_phases=['phase-01', 'phase-02', 'phase-03'] pending_phases=['phase-04', 'phase-05'] completed_jobs=['blackscholes', 'streamcluster'] running_jobs=['parsec-canneal-2026-05-09-16h53m16s', 'parsec-freqmine-2026-05-09-16h53m16s']
2026-05-09T14:57:11.148067+00:00 Scheduler heartbeat: launched_phases=['phase-01', 'phase-02', 'phase-03'] pending_phases=['phase-04', 'phase-05'] completed_jobs=['blackscholes', 'streamcluster'] running_jobs=['parsec-canneal-2026-05-09-16h53m16s', 'parsec-freqmine-2026-05-09-16h53m16s']
2026-05-09T14:57:26.675460+00:00 Scheduler heartbeat: launched_phases=['phase-01', 'phase-02', 'phase-03'] pending_phases=['phase-04', 'phase-05'] completed_jobs=['blackscholes', 'streamcluster'] running_jobs=['parsec-canneal-2026-05-09-16h53m16s', 'parsec-freqmine-2026-05-09-16h53m16s']
2026-05-09T14:57:41.879262+00:00 Job completed: parsec-canneal-2026-05-09-16h53m16s
2026-05-09T14:57:41.879605+00:00 Phase dependency satisfied for phase-05: canneal
2026-05-09T14:57:41.880301+00:00 Launching phase phase-05: barnes
2026-05-09T14:57:42.730410+00:00 Scheduler heartbeat: launched_phases=['phase-01', 'phase-02', 'phase-03', 'phase-05'] pending_phases=['phase-04'] completed_jobs=['blackscholes', 'canneal', 'streamcluster'] running_jobs=['parsec-barnes-2026-05-09-16h53m16s', 'parsec-freqmine-2026-05-09-16h53m16s']
2026-05-09T14:57:59.018097+00:00 Scheduler heartbeat: launched_phases=['phase-01', 'phase-02', 'phase-03', 'phase-05'] pending_phases=['phase-04'] completed_jobs=['blackscholes', 'canneal', 'streamcluster'] running_jobs=['parsec-barnes-2026-05-09-16h53m16s', 'parsec-freqmine-2026-05-09-16h53m16s']
2026-05-09T14:58:01.768855+00:00 Job completed: parsec-freqmine-2026-05-09-16h53m16s
2026-05-09T14:58:01.769525+00:00 Phase dependency satisfied for phase-04: freqmine
2026-05-09T14:58:01.769610+00:00 Launching phase phase-04: vips, radix
2026-05-09T14:58:14.916439+00:00 Scheduler heartbeat: launched_phases=['phase-01', 'phase-02', 'phase-03', 'phase-04', 'phase-05'] pending_phases=[] completed_jobs=['blackscholes', 'canneal', 'freqmine', 'streamcluster'] running_jobs=['parsec-barnes-2026-05-09-16h53m16s', 'parsec-radix-2026-05-09-16h53m16s', 'parsec-vips-2026-05-09-16h53m16s']
2026-05-09T14:58:30.020861+00:00 Scheduler heartbeat: launched_phases=['phase-01', 'phase-02', 'phase-03', 'phase-04', 'phase-05'] pending_phases=[] completed_jobs=['blackscholes', 'canneal', 'freqmine', 'streamcluster'] running_jobs=['parsec-barnes-2026-05-09-16h53m16s', 'parsec-radix-2026-05-09-16h53m16s', 'parsec-vips-2026-05-09-16h53m16s']
2026-05-09T14:58:38.211161+00:00 Job completed: parsec-vips-2026-05-09-16h53m16s
2026-05-09T14:58:38.211377+00:00 Job completed: parsec-radix-2026-05-09-16h53m16s
2026-05-09T14:58:46.933780+00:00 Scheduler heartbeat: launched_phases=['phase-01', 'phase-02', 'phase-03', 'phase-04', 'phase-05'] pending_phases=[] completed_jobs=['blackscholes', 'canneal', 'freqmine', 'radix', 'streamcluster', 'vips'] running_jobs=['parsec-barnes-2026-05-09-16h53m16s']
2026-05-09T14:58:49.726758+00:00 Job completed: parsec-barnes-2026-05-09-16h53m16s
2026-05-09T14:58:49.726971+00:00 All batch jobs completed; capturing results.json and stopping mcperf
2026-05-09T14:58:49.726997+00:00 Waiting briefly for final pod termination metadata
2026-05-09T14:58:50.521811+00:00 Stopping mcperf measurement wrapper on client-measure-qsfk with SIGINT
2026-05-09T14:59:03.501782+00:00 mcperf is still running on client-measure-qsfk after SIGINT; escalating to SIGTERM
2026-05-09T14:59:06.595343+00:00 Summarizing run from captured pod snapshot and mcperf output
2026-05-09T14:59:06.597256+00:00 Run completed with status pass makespan=242.0 max_p95_us=404.8
2026-05-09T14:59:06.767764+00:00 Runtime stats refreshed: /home/carti/ETH/Msc/CCA/risultatiPart3/Matte/automation/runs/runtime_stats.json samples=602 eligible_runs=86
