2026-05-09T13:21:20.160880+00:00 Run directory prepared: /home/carti/ETH/Msc/CCA/risultatiPart3/Matte/automation/runs/part3-PartA/2026-05-09-15h21m20s
2026-05-09T13:21:20.161103+00:00 Rendered 8 manifests into /home/carti/ETH/Msc/CCA/risultatiPart3/Matte/automation/runs/part3-PartA/2026-05-09-15h21m20s/rendered_manifests
2026-05-09T13:21:20.161158+00:00 Cleaning previous managed workloads
2026-05-09T13:21:53.814989+00:00 Ensuring canonical node labels and checking client provisioning
2026-05-09T13:22:07.885307+00:00 Applying memcached manifest
2026-05-09T13:22:12.438169+00:00 Capturing benchmark node CPU platforms
2026-05-09T13:22:17.096766+00:00 Benchmark node CPU platform capture complete: node-a-8core=e2-standard-8/AMD Rome, node-b-4core=n2d-highcpu-4/AMD Milan
2026-05-09T13:22:17.097346+00:00 Restarting mcperf-agent.service on client-agent-a (client-agent-a-1p0l)
2026-05-09T13:22:25.841771+00:00 mcperf-agent.service active on client-agent-a (client-agent-a-1p0l)
2026-05-09T13:22:25.842294+00:00 Restarting mcperf-agent.service on client-agent-b (client-agent-b-j3kd)
2026-05-09T13:22:34.505395+00:00 mcperf-agent.service active on client-agent-b (client-agent-b-j3kd)
2026-05-09T13:22:34.505643+00:00 Starting measurement against memcached IP 100.96.4.37
2026-05-09T13:22:35.627679+00:00 Waiting for first mcperf measurement sample
2026-05-09T13:22:42.559086+00:00 mcperf measurement header observed
2026-05-09T13:22:54.191099+00:00 mcperf measurement sample observed
2026-05-09T13:22:54.192044+00:00 mcperf measurement is live
2026-05-09T13:22:54.192269+00:00 Starting phase scheduler
2026-05-09T13:22:55.032871+00:00 Phase dependency satisfied for phase-01: start
2026-05-09T13:22:55.033573+00:00 Phase dependency satisfied for phase-03: start
2026-05-09T13:22:55.033954+00:00 Launching phase phase-01: canneal
2026-05-09T13:22:55.652867+00:00 Launching phase phase-03: barnes, streamcluster
2026-05-09T13:22:57.827827+00:00 Scheduler heartbeat: launched_phases=['phase-01', 'phase-03'] pending_phases=['phase-02', 'phase-04', 'phase-05', 'phase-06'] completed_jobs=[] running_jobs=['parsec-barnes-2026-05-09-15h21m20s', 'parsec-canneal-2026-05-09-15h21m20s', 'parsec-streamcluster-2026-05-09-15h21m20s']
2026-05-09T13:23:13.010140+00:00 Scheduler heartbeat: launched_phases=['phase-01', 'phase-03'] pending_phases=['phase-02', 'phase-04', 'phase-05', 'phase-06'] completed_jobs=[] running_jobs=['parsec-barnes-2026-05-09-15h21m20s', 'parsec-canneal-2026-05-09-15h21m20s', 'parsec-streamcluster-2026-05-09-15h21m20s']
2026-05-09T13:23:29.364069+00:00 Scheduler heartbeat: launched_phases=['phase-01', 'phase-03'] pending_phases=['phase-02', 'phase-04', 'phase-05', 'phase-06'] completed_jobs=[] running_jobs=['parsec-barnes-2026-05-09-15h21m20s', 'parsec-canneal-2026-05-09-15h21m20s', 'parsec-streamcluster-2026-05-09-15h21m20s']
2026-05-09T13:23:44.456896+00:00 Scheduler heartbeat: launched_phases=['phase-01', 'phase-03'] pending_phases=['phase-02', 'phase-04', 'phase-05', 'phase-06'] completed_jobs=[] running_jobs=['parsec-barnes-2026-05-09-15h21m20s', 'parsec-canneal-2026-05-09-15h21m20s', 'parsec-streamcluster-2026-05-09-15h21m20s']
2026-05-09T13:23:54.904731+00:00 Job completed: parsec-barnes-2026-05-09-15h21m20s
2026-05-09T13:23:54.905077+00:00 Phase dependency satisfied for phase-04: barnes
2026-05-09T13:23:54.905154+00:00 Launching phase phase-04: freqmine
2026-05-09T13:23:59.599180+00:00 Scheduler heartbeat: launched_phases=['phase-01', 'phase-03', 'phase-04'] pending_phases=['phase-02', 'phase-05', 'phase-06'] completed_jobs=['barnes'] running_jobs=['parsec-canneal-2026-05-09-15h21m20s', 'parsec-freqmine-2026-05-09-15h21m20s', 'parsec-streamcluster-2026-05-09-15h21m20s']
2026-05-09T13:24:15.011245+00:00 Scheduler heartbeat: launched_phases=['phase-01', 'phase-03', 'phase-04'] pending_phases=['phase-02', 'phase-05', 'phase-06'] completed_jobs=['barnes'] running_jobs=['parsec-canneal-2026-05-09-15h21m20s', 'parsec-freqmine-2026-05-09-15h21m20s', 'parsec-streamcluster-2026-05-09-15h21m20s']
2026-05-09T13:24:30.442847+00:00 Scheduler heartbeat: launched_phases=['phase-01', 'phase-03', 'phase-04'] pending_phases=['phase-02', 'phase-05', 'phase-06'] completed_jobs=['barnes'] running_jobs=['parsec-canneal-2026-05-09-15h21m20s', 'parsec-freqmine-2026-05-09-15h21m20s', 'parsec-streamcluster-2026-05-09-15h21m20s']
2026-05-09T13:24:45.809041+00:00 Scheduler heartbeat: launched_phases=['phase-01', 'phase-03', 'phase-04'] pending_phases=['phase-02', 'phase-05', 'phase-06'] completed_jobs=['barnes'] running_jobs=['parsec-canneal-2026-05-09-15h21m20s', 'parsec-freqmine-2026-05-09-15h21m20s', 'parsec-streamcluster-2026-05-09-15h21m20s']
2026-05-09T13:25:01.400006+00:00 Job completed: parsec-canneal-2026-05-09-15h21m20s
2026-05-09T13:25:01.400292+00:00 Phase dependency satisfied for phase-02: canneal
2026-05-09T13:25:01.400357+00:00 Launching phase phase-02: blackscholes
2026-05-09T13:25:02.842431+00:00 Scheduler heartbeat: launched_phases=['phase-01', 'phase-02', 'phase-03', 'phase-04'] pending_phases=['phase-05', 'phase-06'] completed_jobs=['barnes', 'canneal'] running_jobs=['parsec-blackscholes-2026-05-09-15h21m20s', 'parsec-freqmine-2026-05-09-15h21m20s', 'parsec-streamcluster-2026-05-09-15h21m20s']
2026-05-09T13:25:18.285295+00:00 Scheduler heartbeat: launched_phases=['phase-01', 'phase-02', 'phase-03', 'phase-04'] pending_phases=['phase-05', 'phase-06'] completed_jobs=['barnes', 'canneal'] running_jobs=['parsec-blackscholes-2026-05-09-15h21m20s', 'parsec-freqmine-2026-05-09-15h21m20s', 'parsec-streamcluster-2026-05-09-15h21m20s']
2026-05-09T13:25:33.434742+00:00 Scheduler heartbeat: launched_phases=['phase-01', 'phase-02', 'phase-03', 'phase-04'] pending_phases=['phase-05', 'phase-06'] completed_jobs=['barnes', 'canneal'] running_jobs=['parsec-blackscholes-2026-05-09-15h21m20s', 'parsec-freqmine-2026-05-09-15h21m20s', 'parsec-streamcluster-2026-05-09-15h21m20s']
2026-05-09T13:25:38.393543+00:00 Job completed: parsec-streamcluster-2026-05-09-15h21m20s
2026-05-09T13:25:38.393930+00:00 Phase dependency satisfied for phase-05: streamcluster
2026-05-09T13:25:38.394017+00:00 Launching phase phase-05: radix
2026-05-09T13:25:49.691957+00:00 Scheduler heartbeat: launched_phases=['phase-01', 'phase-02', 'phase-03', 'phase-04', 'phase-05'] pending_phases=['phase-06'] completed_jobs=['barnes', 'canneal', 'streamcluster'] running_jobs=['parsec-blackscholes-2026-05-09-15h21m20s', 'parsec-freqmine-2026-05-09-15h21m20s', 'parsec-radix-2026-05-09-15h21m20s']
2026-05-09T13:25:53.168207+00:00 Job completed: parsec-blackscholes-2026-05-09-15h21m20s
2026-05-09T13:25:55.100688+00:00 Job completed: parsec-freqmine-2026-05-09-15h21m20s
2026-05-09T13:25:55.101664+00:00 Job completed: parsec-radix-2026-05-09-15h21m20s
2026-05-09T13:25:55.101815+00:00 Phase dependency satisfied for phase-06: freqmine,radix
2026-05-09T13:25:55.101870+00:00 Launching phase phase-06: vips
2026-05-09T13:26:05.006527+00:00 Scheduler heartbeat: launched_phases=['phase-01', 'phase-02', 'phase-03', 'phase-04', 'phase-05', 'phase-06'] pending_phases=[] completed_jobs=['barnes', 'blackscholes', 'canneal', 'freqmine', 'radix', 'streamcluster'] running_jobs=['parsec-vips-2026-05-09-15h21m20s']
2026-05-09T13:26:20.037511+00:00 Scheduler heartbeat: launched_phases=['phase-01', 'phase-02', 'phase-03', 'phase-04', 'phase-05', 'phase-06'] pending_phases=[] completed_jobs=['barnes', 'blackscholes', 'canneal', 'freqmine', 'radix', 'streamcluster'] running_jobs=['parsec-vips-2026-05-09-15h21m20s']
2026-05-09T13:26:31.198755+00:00 Job completed: parsec-vips-2026-05-09-15h21m20s
2026-05-09T13:26:31.199264+00:00 All batch jobs completed; capturing results.json and stopping mcperf
2026-05-09T13:26:31.199353+00:00 Waiting briefly for final pod termination metadata
2026-05-09T13:26:32.752705+00:00 Stopping mcperf measurement wrapper on client-measure-qsfk with SIGINT
2026-05-09T13:26:47.263331+00:00 mcperf is still running on client-measure-qsfk after SIGINT; escalating to SIGTERM
2026-05-09T13:26:51.802708+00:00 Summarizing run from captured pod snapshot and mcperf output
2026-05-09T13:26:51.804699+00:00 Run completed with status pass makespan=197.0 max_p95_us=498.8
2026-05-09T13:26:52.187199+00:00 Runtime stats refreshed: /home/carti/ETH/Msc/CCA/risultatiPart3/Matte/automation/runs/runtime_stats.json samples=518 eligible_runs=74
