2026-05-09T23:25:27.298689+00:00 Run directory prepared: /home/carti/ETH/Msc/CCA/risultatiPart3/Matte/automation/runs/part3-Parta/2026-05-10-01h25m27s
2026-05-09T23:25:27.298914+00:00 Rendered 8 manifests into /home/carti/ETH/Msc/CCA/risultatiPart3/Matte/automation/runs/part3-Parta/2026-05-10-01h25m27s/rendered_manifests
2026-05-09T23:25:27.298996+00:00 Cleaning previous managed workloads
2026-05-09T23:25:29.222276+00:00 Ensuring canonical node labels and checking client provisioning
2026-05-09T23:25:46.311319+00:00 Pre-caching 8 images on benchmark nodes via 2 transient pod(s)
2026-05-09T23:27:22.446348+00:00 Pre-cache pods completed successfully
2026-05-09T23:27:24.067152+00:00 Pre-cache pods deleted
2026-05-09T23:27:24.067692+00:00 Applying memcached manifest
2026-05-09T23:27:29.706939+00:00 Capturing benchmark node CPU platforms
2026-05-09T23:27:34.372946+00:00 Benchmark node CPU platform capture complete: node-a-8core=e2-standard-8/AMD Rome, node-b-4core=n2d-highcpu-4/AMD Milan
2026-05-09T23:27:34.374194+00:00 Restarting mcperf-agent.service on client-agent-a (client-agent-a-tp31)
2026-05-09T23:27:42.456577+00:00 mcperf-agent.service active on client-agent-a (client-agent-a-tp31)
2026-05-09T23:27:42.457013+00:00 Restarting mcperf-agent.service on client-agent-b (client-agent-b-ggp4)
2026-05-09T23:27:50.293647+00:00 mcperf-agent.service active on client-agent-b (client-agent-b-ggp4)
2026-05-09T23:27:50.293933+00:00 Starting measurement against memcached IP 100.96.4.3
2026-05-09T23:27:51.114463+00:00 Waiting for first mcperf measurement sample
2026-05-09T23:27:58.067165+00:00 mcperf measurement header observed
2026-05-09T23:28:11.123424+00:00 mcperf measurement sample observed
2026-05-09T23:28:11.123939+00:00 mcperf measurement is live
2026-05-09T23:28:11.124063+00:00 Starting phase scheduler
2026-05-09T23:28:11.798628+00:00 Phase dependency satisfied for phase-01: start
2026-05-09T23:28:11.799036+00:00 Phase dependency satisfied for phase-04: start
2026-05-09T23:28:11.799362+00:00 Phase dependency satisfied for phase-06: start
2026-05-09T23:28:11.799508+00:00 Launching phase phase-01: canneal
2026-05-09T23:28:12.595013+00:00 Launching phase phase-04: streamcluster
2026-05-09T23:28:13.231416+00:00 Launching phase phase-06: freqmine
2026-05-09T23:28:14.616606+00:00 Scheduler heartbeat: launched_phases=['phase-01', 'phase-04', 'phase-06'] pending_phases=['phase-02', 'phase-03', 'phase-05', 'phase-07'] completed_jobs=[] running_jobs=['parsec-canneal-2026-05-10-01h25m27s', 'parsec-freqmine-2026-05-10-01h25m27s', 'parsec-streamcluster-2026-05-10-01h25m27s']
2026-05-09T23:28:30.051572+00:00 Scheduler heartbeat: launched_phases=['phase-01', 'phase-04', 'phase-06'] pending_phases=['phase-02', 'phase-03', 'phase-05', 'phase-07'] completed_jobs=[] running_jobs=['parsec-canneal-2026-05-10-01h25m27s', 'parsec-freqmine-2026-05-10-01h25m27s', 'parsec-streamcluster-2026-05-10-01h25m27s']
2026-05-09T23:28:48.079406+00:00 Scheduler heartbeat: launched_phases=['phase-01', 'phase-04', 'phase-06'] pending_phases=['phase-02', 'phase-03', 'phase-05', 'phase-07'] completed_jobs=[] running_jobs=['parsec-canneal-2026-05-10-01h25m27s', 'parsec-freqmine-2026-05-10-01h25m27s', 'parsec-streamcluster-2026-05-10-01h25m27s']
2026-05-09T23:29:03.354551+00:00 Scheduler heartbeat: launched_phases=['phase-01', 'phase-04', 'phase-06'] pending_phases=['phase-02', 'phase-03', 'phase-05', 'phase-07'] completed_jobs=[] running_jobs=['parsec-canneal-2026-05-10-01h25m27s', 'parsec-freqmine-2026-05-10-01h25m27s', 'parsec-streamcluster-2026-05-10-01h25m27s']
2026-05-09T23:29:20.567520+00:00 Scheduler heartbeat: launched_phases=['phase-01', 'phase-04', 'phase-06'] pending_phases=['phase-02', 'phase-03', 'phase-05', 'phase-07'] completed_jobs=[] running_jobs=['parsec-canneal-2026-05-10-01h25m27s', 'parsec-freqmine-2026-05-10-01h25m27s', 'parsec-streamcluster-2026-05-10-01h25m27s']
2026-05-09T23:29:37.062316+00:00 Scheduler heartbeat: launched_phases=['phase-01', 'phase-04', 'phase-06'] pending_phases=['phase-02', 'phase-03', 'phase-05', 'phase-07'] completed_jobs=[] running_jobs=['parsec-canneal-2026-05-10-01h25m27s', 'parsec-freqmine-2026-05-10-01h25m27s', 'parsec-streamcluster-2026-05-10-01h25m27s']
2026-05-09T23:29:54.360158+00:00 Scheduler heartbeat: launched_phases=['phase-01', 'phase-04', 'phase-06'] pending_phases=['phase-02', 'phase-03', 'phase-05', 'phase-07'] completed_jobs=[] running_jobs=['parsec-canneal-2026-05-10-01h25m27s', 'parsec-freqmine-2026-05-10-01h25m27s', 'parsec-streamcluster-2026-05-10-01h25m27s']
2026-05-09T23:30:09.455370+00:00 Scheduler heartbeat: launched_phases=['phase-01', 'phase-04', 'phase-06'] pending_phases=['phase-02', 'phase-03', 'phase-05', 'phase-07'] completed_jobs=[] running_jobs=['parsec-canneal-2026-05-10-01h25m27s', 'parsec-freqmine-2026-05-10-01h25m27s', 'parsec-streamcluster-2026-05-10-01h25m27s']
2026-05-09T23:30:10.953455+00:00 Job completed: parsec-canneal-2026-05-10-01h25m27s
2026-05-09T23:30:10.953757+00:00 Phase dependency satisfied for phase-02: canneal
2026-05-09T23:30:10.953944+00:00 Launching phase phase-02: blackscholes
2026-05-09T23:30:16.620017+00:00 Job completed: parsec-freqmine-2026-05-10-01h25m27s
2026-05-09T23:30:16.620631+00:00 Phase dependency satisfied for phase-07: freqmine
2026-05-09T23:30:16.620923+00:00 Launching phase phase-07: barnes
2026-05-09T23:30:27.041868+00:00 Scheduler heartbeat: launched_phases=['phase-01', 'phase-02', 'phase-04', 'phase-06', 'phase-07'] pending_phases=['phase-03', 'phase-05'] completed_jobs=['canneal', 'freqmine'] running_jobs=['parsec-barnes-2026-05-10-01h25m27s', 'parsec-blackscholes-2026-05-10-01h25m27s', 'parsec-streamcluster-2026-05-10-01h25m27s']
2026-05-09T23:30:42.551907+00:00 Scheduler heartbeat: launched_phases=['phase-01', 'phase-02', 'phase-04', 'phase-06', 'phase-07'] pending_phases=['phase-03', 'phase-05'] completed_jobs=['canneal', 'freqmine'] running_jobs=['parsec-barnes-2026-05-10-01h25m27s', 'parsec-blackscholes-2026-05-10-01h25m27s', 'parsec-streamcluster-2026-05-10-01h25m27s']
2026-05-09T23:31:00.512688+00:00 Scheduler heartbeat: launched_phases=['phase-01', 'phase-02', 'phase-04', 'phase-06', 'phase-07'] pending_phases=['phase-03', 'phase-05'] completed_jobs=['canneal', 'freqmine'] running_jobs=['parsec-barnes-2026-05-10-01h25m27s', 'parsec-blackscholes-2026-05-10-01h25m27s', 'parsec-streamcluster-2026-05-10-01h25m27s']
2026-05-09T23:31:11.775527+00:00 Job completed: parsec-blackscholes-2026-05-10-01h25m27s
2026-05-09T23:31:11.775894+00:00 Phase dependency satisfied for phase-03: blackscholes
2026-05-09T23:31:11.775978+00:00 Launching phase phase-03: vips
2026-05-09T23:31:14.309904+00:00 Job completed: parsec-streamcluster-2026-05-10-01h25m27s
2026-05-09T23:31:14.310332+00:00 Job completed: parsec-barnes-2026-05-10-01h25m27s
2026-05-09T23:31:14.310973+00:00 Phase dependency satisfied for phase-05: barnes
2026-05-09T23:31:14.311919+00:00 Launching phase phase-05: radix
2026-05-09T23:31:15.627073+00:00 Scheduler heartbeat: launched_phases=['phase-01', 'phase-02', 'phase-03', 'phase-04', 'phase-05', 'phase-06', 'phase-07'] pending_phases=[] completed_jobs=['barnes', 'blackscholes', 'canneal', 'freqmine', 'streamcluster'] running_jobs=['parsec-radix-2026-05-10-01h25m27s', 'parsec-vips-2026-05-10-01h25m27s']
2026-05-09T23:31:29.718652+00:00 Job completed: parsec-radix-2026-05-10-01h25m27s
2026-05-09T23:31:32.982168+00:00 Scheduler heartbeat: launched_phases=['phase-01', 'phase-02', 'phase-03', 'phase-04', 'phase-05', 'phase-06', 'phase-07'] pending_phases=[] completed_jobs=['barnes', 'blackscholes', 'canneal', 'freqmine', 'radix', 'streamcluster'] running_jobs=['parsec-vips-2026-05-10-01h25m27s']
2026-05-09T23:31:48.905594+00:00 Scheduler heartbeat: launched_phases=['phase-01', 'phase-02', 'phase-03', 'phase-04', 'phase-05', 'phase-06', 'phase-07'] pending_phases=[] completed_jobs=['barnes', 'blackscholes', 'canneal', 'freqmine', 'radix', 'streamcluster'] running_jobs=['parsec-vips-2026-05-10-01h25m27s']
2026-05-09T23:32:07.205131+00:00 Scheduler heartbeat: launched_phases=['phase-01', 'phase-02', 'phase-03', 'phase-04', 'phase-05', 'phase-06', 'phase-07'] pending_phases=[] completed_jobs=['barnes', 'blackscholes', 'canneal', 'freqmine', 'radix', 'streamcluster'] running_jobs=['parsec-vips-2026-05-10-01h25m27s']
2026-05-09T23:32:22.741445+00:00 Scheduler heartbeat: launched_phases=['phase-01', 'phase-02', 'phase-03', 'phase-04', 'phase-05', 'phase-06', 'phase-07'] pending_phases=[] completed_jobs=['barnes', 'blackscholes', 'canneal', 'freqmine', 'radix', 'streamcluster'] running_jobs=['parsec-vips-2026-05-10-01h25m27s']
2026-05-09T23:32:24.316140+00:00 Job completed: parsec-vips-2026-05-10-01h25m27s
2026-05-09T23:32:24.316462+00:00 All batch jobs completed; capturing results.json and stopping mcperf
2026-05-09T23:32:24.316521+00:00 Waiting briefly for final pod termination metadata
2026-05-09T23:32:25.580006+00:00 Stopping mcperf measurement wrapper on client-measure-2qdl with SIGINT
2026-05-09T23:32:41.196334+00:00 mcperf is still running on client-measure-2qdl after SIGINT; escalating to SIGTERM
