2026-05-10T00:09:42.989679+00:00 Run directory prepared: /home/carti/ETH/Msc/CCA/risultatiPart3/Matte/automation/runs/part3-Parta/2026-05-10-02h09m42s
2026-05-10T00:09:42.989895+00:00 Rendered 8 manifests into /home/carti/ETH/Msc/CCA/risultatiPart3/Matte/automation/runs/part3-Parta/2026-05-10-02h09m42s/rendered_manifests
2026-05-10T00:09:42.990459+00:00 Cleaning previous managed workloads
2026-05-10T00:10:17.961002+00:00 Ensuring canonical node labels and checking client provisioning
2026-05-10T00:10:34.959979+00:00 Applying memcached manifest
2026-05-10T00:10:39.152218+00:00 Capturing benchmark node CPU platforms
2026-05-10T00:10:45.277796+00:00 Benchmark node CPU platform capture complete: node-a-8core=e2-standard-8/AMD Rome, node-b-4core=n2d-highcpu-4/AMD Milan
2026-05-10T00:10:45.279006+00:00 Restarting mcperf-agent.service on client-agent-a (client-agent-a-tp31)
2026-05-10T00:10:56.474116+00:00 mcperf-agent.service active on client-agent-a (client-agent-a-tp31)
2026-05-10T00:10:56.474751+00:00 Restarting mcperf-agent.service on client-agent-b (client-agent-b-ggp4)
2026-05-10T00:11:05.530873+00:00 mcperf-agent.service active on client-agent-b (client-agent-b-ggp4)
2026-05-10T00:11:05.531133+00:00 Starting measurement against memcached IP 100.96.4.32
2026-05-10T00:11:06.395626+00:00 Waiting for first mcperf measurement sample
2026-05-10T00:11:13.934157+00:00 mcperf measurement header observed
2026-05-10T00:11:24.945049+00:00 mcperf measurement sample observed
2026-05-10T00:11:24.945450+00:00 mcperf measurement is live
2026-05-10T00:11:24.945548+00:00 Starting phase scheduler
2026-05-10T00:11:25.609885+00:00 Phase dependency satisfied for phase-01: start
2026-05-10T00:11:25.610413+00:00 Launching phase phase-01: streamcluster, blackscholes
2026-05-10T00:11:29.556992+00:00 Scheduler heartbeat: launched_phases=['phase-01'] pending_phases=['phase-02', 'phase-03', 'phase-04', 'phase-05'] completed_jobs=[] running_jobs=['parsec-blackscholes-2026-05-10-02h09m42s', 'parsec-streamcluster-2026-05-10-02h09m42s']
2026-05-10T00:11:45.544947+00:00 Scheduler heartbeat: launched_phases=['phase-01'] pending_phases=['phase-02', 'phase-03', 'phase-04', 'phase-05'] completed_jobs=[] running_jobs=['parsec-blackscholes-2026-05-10-02h09m42s', 'parsec-streamcluster-2026-05-10-02h09m42s']
2026-05-10T00:12:03.333219+00:00 Scheduler heartbeat: launched_phases=['phase-01'] pending_phases=['phase-02', 'phase-03', 'phase-04', 'phase-05'] completed_jobs=[] running_jobs=['parsec-blackscholes-2026-05-10-02h09m42s', 'parsec-streamcluster-2026-05-10-02h09m42s']
2026-05-10T00:12:18.635135+00:00 Scheduler heartbeat: launched_phases=['phase-01'] pending_phases=['phase-02', 'phase-03', 'phase-04', 'phase-05'] completed_jobs=[] running_jobs=['parsec-blackscholes-2026-05-10-02h09m42s', 'parsec-streamcluster-2026-05-10-02h09m42s']
2026-05-10T00:12:28.099024+00:00 Job completed: parsec-blackscholes-2026-05-10-02h09m42s
2026-05-10T00:12:28.100520+00:00 Phase dependency satisfied for phase-03: blackscholes
2026-05-10T00:12:28.100664+00:00 Launching phase phase-03: canneal
2026-05-10T00:12:34.407791+00:00 Scheduler heartbeat: launched_phases=['phase-01', 'phase-03'] pending_phases=['phase-02', 'phase-04', 'phase-05'] completed_jobs=['blackscholes'] running_jobs=['parsec-canneal-2026-05-10-02h09m42s', 'parsec-streamcluster-2026-05-10-02h09m42s']
2026-05-10T00:12:52.851867+00:00 Scheduler heartbeat: launched_phases=['phase-01', 'phase-03'] pending_phases=['phase-02', 'phase-04', 'phase-05'] completed_jobs=['blackscholes'] running_jobs=['parsec-canneal-2026-05-10-02h09m42s', 'parsec-streamcluster-2026-05-10-02h09m42s']
2026-05-10T00:13:08.706964+00:00 Scheduler heartbeat: launched_phases=['phase-01', 'phase-03'] pending_phases=['phase-02', 'phase-04', 'phase-05'] completed_jobs=['blackscholes'] running_jobs=['parsec-canneal-2026-05-10-02h09m42s', 'parsec-streamcluster-2026-05-10-02h09m42s']
2026-05-10T00:13:12.327327+00:00 Job completed: parsec-streamcluster-2026-05-10-02h09m42s
2026-05-10T00:13:12.328308+00:00 Phase dependency satisfied for phase-02: streamcluster
2026-05-10T00:13:12.328486+00:00 Launching phase phase-02: freqmine
2026-05-10T00:13:26.681397+00:00 Scheduler heartbeat: launched_phases=['phase-01', 'phase-02', 'phase-03'] pending_phases=['phase-04', 'phase-05'] completed_jobs=['blackscholes', 'streamcluster'] running_jobs=['parsec-canneal-2026-05-10-02h09m42s', 'parsec-freqmine-2026-05-10-02h09m42s']
2026-05-10T00:13:42.451841+00:00 Scheduler heartbeat: launched_phases=['phase-01', 'phase-02', 'phase-03'] pending_phases=['phase-04', 'phase-05'] completed_jobs=['blackscholes', 'streamcluster'] running_jobs=['parsec-canneal-2026-05-10-02h09m42s', 'parsec-freqmine-2026-05-10-02h09m42s']
2026-05-10T00:14:00.929000+00:00 Scheduler heartbeat: launched_phases=['phase-01', 'phase-02', 'phase-03'] pending_phases=['phase-04', 'phase-05'] completed_jobs=['blackscholes', 'streamcluster'] running_jobs=['parsec-canneal-2026-05-10-02h09m42s', 'parsec-freqmine-2026-05-10-02h09m42s']
2026-05-10T00:14:17.981100+00:00 Scheduler heartbeat: launched_phases=['phase-01', 'phase-02', 'phase-03'] pending_phases=['phase-04', 'phase-05'] completed_jobs=['blackscholes', 'streamcluster'] running_jobs=['parsec-canneal-2026-05-10-02h09m42s', 'parsec-freqmine-2026-05-10-02h09m42s']
2026-05-10T00:14:22.048817+00:00 Job completed: parsec-canneal-2026-05-10-02h09m42s
2026-05-10T00:14:22.049127+00:00 Phase dependency satisfied for phase-05: canneal
2026-05-10T00:14:22.049249+00:00 Launching phase phase-05: barnes
2026-05-10T00:14:25.811581+00:00 Job completed: parsec-freqmine-2026-05-10-02h09m42s
2026-05-10T00:14:25.812251+00:00 Phase dependency satisfied for phase-04: freqmine
2026-05-10T00:14:25.812703+00:00 Launching phase phase-04: vips, radix
2026-05-10T00:14:36.208246+00:00 Scheduler heartbeat: launched_phases=['phase-01', 'phase-02', 'phase-03', 'phase-04', 'phase-05'] pending_phases=[] completed_jobs=['blackscholes', 'canneal', 'freqmine', 'streamcluster'] running_jobs=['parsec-barnes-2026-05-10-02h09m42s', 'parsec-radix-2026-05-10-02h09m42s', 'parsec-vips-2026-05-10-02h09m42s']
2026-05-10T00:14:54.930649+00:00 Scheduler heartbeat: launched_phases=['phase-01', 'phase-02', 'phase-03', 'phase-04', 'phase-05'] pending_phases=[] completed_jobs=['blackscholes', 'canneal', 'freqmine', 'streamcluster'] running_jobs=['parsec-barnes-2026-05-10-02h09m42s', 'parsec-radix-2026-05-10-02h09m42s', 'parsec-vips-2026-05-10-02h09m42s']
2026-05-10T00:15:01.786406+00:00 Job completed: parsec-vips-2026-05-10-02h09m42s
2026-05-10T00:15:01.786757+00:00 Job completed: parsec-radix-2026-05-10-02h09m42s
2026-05-10T00:15:11.286905+00:00 Scheduler heartbeat: launched_phases=['phase-01', 'phase-02', 'phase-03', 'phase-04', 'phase-05'] pending_phases=[] completed_jobs=['blackscholes', 'canneal', 'freqmine', 'radix', 'streamcluster', 'vips'] running_jobs=['parsec-barnes-2026-05-10-02h09m42s']
2026-05-10T00:15:29.534472+00:00 Scheduler heartbeat: launched_phases=['phase-01', 'phase-02', 'phase-03', 'phase-04', 'phase-05'] pending_phases=[] completed_jobs=['blackscholes', 'canneal', 'freqmine', 'radix', 'streamcluster', 'vips'] running_jobs=['parsec-barnes-2026-05-10-02h09m42s']
2026-05-10T00:15:31.359742+00:00 Job completed: parsec-barnes-2026-05-10-02h09m42s
2026-05-10T00:15:31.360212+00:00 All batch jobs completed; capturing results.json and stopping mcperf
2026-05-10T00:15:31.360300+00:00 Waiting briefly for final pod termination metadata
2026-05-10T00:15:32.899085+00:00 Stopping mcperf measurement wrapper on client-measure-2qdl with SIGINT
2026-05-10T00:15:48.064599+00:00 mcperf is still running on client-measure-2qdl after SIGINT; escalating to SIGTERM
2026-05-10T00:15:53.107678+00:00 Summarizing run from captured pod snapshot and mcperf output
2026-05-10T00:15:53.110692+00:00 Run completed with status pass makespan=238.0 max_p95_us=381.3
2026-05-10T00:15:53.618137+00:00 Runtime stats refreshed: /home/carti/ETH/Msc/CCA/risultatiPart3/Matte/automation/runs/runtime_stats.json samples=672 eligible_runs=96
