2026-05-09T13:55:18.175435+00:00 Run directory prepared: /home/carti/ETH/Msc/CCA/risultatiPart3/Matte/automation/runs/part3-PartB/2026-05-09-15h55m18s
2026-05-09T13:55:18.175514+00:00 Rendered 8 manifests into /home/carti/ETH/Msc/CCA/risultatiPart3/Matte/automation/runs/part3-PartB/2026-05-09-15h55m18s/rendered_manifests
2026-05-09T13:55:18.175534+00:00 Cleaning previous managed workloads
2026-05-09T13:55:51.023417+00:00 Ensuring canonical node labels and checking client provisioning
2026-05-09T13:56:01.627891+00:00 Applying memcached manifest
2026-05-09T13:56:05.567151+00:00 Capturing benchmark node CPU platforms
2026-05-09T13:56:09.079408+00:00 Benchmark node CPU platform capture complete: node-a-8core=e2-standard-8/AMD Rome, node-b-4core=n2d-highcpu-4/AMD Milan
2026-05-09T13:56:09.080061+00:00 Restarting mcperf-agent.service on client-agent-a (client-agent-a-1p0l)
2026-05-09T13:56:14.944175+00:00 mcperf-agent.service active on client-agent-a (client-agent-a-1p0l)
2026-05-09T13:56:14.944631+00:00 Restarting mcperf-agent.service on client-agent-b (client-agent-b-j3kd)
2026-05-09T13:56:21.116166+00:00 mcperf-agent.service active on client-agent-b (client-agent-b-j3kd)
2026-05-09T13:56:21.116405+00:00 Starting measurement against memcached IP 100.96.4.51
2026-05-09T13:56:21.688714+00:00 Waiting for first mcperf measurement sample
2026-05-09T13:56:27.946146+00:00 mcperf measurement header observed
2026-05-09T13:56:39.504207+00:00 mcperf measurement sample observed
2026-05-09T13:56:39.504396+00:00 mcperf measurement is live
2026-05-09T13:56:39.504831+00:00 Starting phase scheduler
2026-05-09T13:56:39.873584+00:00 Phase dependency satisfied for phase-01: start
2026-05-09T13:56:39.873899+00:00 Phase dependency satisfied for phase-04: start
2026-05-09T13:56:39.873999+00:00 Phase dependency satisfied for phase-06: start
2026-05-09T13:56:39.874123+00:00 Launching phase phase-01: canneal
2026-05-09T13:56:40.479262+00:00 Launching phase phase-04: streamcluster
2026-05-09T13:56:41.108538+00:00 Launching phase phase-06: freqmine
2026-05-09T13:56:41.884747+00:00 Scheduler heartbeat: launched_phases=['phase-01', 'phase-04', 'phase-06'] pending_phases=['phase-02', 'phase-03', 'phase-05', 'phase-07'] completed_jobs=[] running_jobs=['parsec-canneal-2026-05-09-15h55m18s', 'parsec-freqmine-2026-05-09-15h55m18s', 'parsec-streamcluster-2026-05-09-15h55m18s']
2026-05-09T13:56:58.352792+00:00 Scheduler heartbeat: launched_phases=['phase-01', 'phase-04', 'phase-06'] pending_phases=['phase-02', 'phase-03', 'phase-05', 'phase-07'] completed_jobs=[] running_jobs=['parsec-canneal-2026-05-09-15h55m18s', 'parsec-freqmine-2026-05-09-15h55m18s', 'parsec-streamcluster-2026-05-09-15h55m18s']
2026-05-09T13:57:13.590669+00:00 Scheduler heartbeat: launched_phases=['phase-01', 'phase-04', 'phase-06'] pending_phases=['phase-02', 'phase-03', 'phase-05', 'phase-07'] completed_jobs=[] running_jobs=['parsec-canneal-2026-05-09-15h55m18s', 'parsec-freqmine-2026-05-09-15h55m18s', 'parsec-streamcluster-2026-05-09-15h55m18s']
2026-05-09T13:57:28.679490+00:00 Scheduler heartbeat: launched_phases=['phase-01', 'phase-04', 'phase-06'] pending_phases=['phase-02', 'phase-03', 'phase-05', 'phase-07'] completed_jobs=[] running_jobs=['parsec-canneal-2026-05-09-15h55m18s', 'parsec-freqmine-2026-05-09-15h55m18s', 'parsec-streamcluster-2026-05-09-15h55m18s']
2026-05-09T13:57:43.967141+00:00 Scheduler heartbeat: launched_phases=['phase-01', 'phase-04', 'phase-06'] pending_phases=['phase-02', 'phase-03', 'phase-05', 'phase-07'] completed_jobs=[] running_jobs=['parsec-canneal-2026-05-09-15h55m18s', 'parsec-freqmine-2026-05-09-15h55m18s', 'parsec-streamcluster-2026-05-09-15h55m18s']
2026-05-09T13:57:59.392496+00:00 Scheduler heartbeat: launched_phases=['phase-01', 'phase-04', 'phase-06'] pending_phases=['phase-02', 'phase-03', 'phase-05', 'phase-07'] completed_jobs=[] running_jobs=['parsec-canneal-2026-05-09-15h55m18s', 'parsec-freqmine-2026-05-09-15h55m18s', 'parsec-streamcluster-2026-05-09-15h55m18s']
2026-05-09T13:58:14.782317+00:00 Scheduler heartbeat: launched_phases=['phase-01', 'phase-04', 'phase-06'] pending_phases=['phase-02', 'phase-03', 'phase-05', 'phase-07'] completed_jobs=[] running_jobs=['parsec-canneal-2026-05-09-15h55m18s', 'parsec-freqmine-2026-05-09-15h55m18s', 'parsec-streamcluster-2026-05-09-15h55m18s']
2026-05-09T13:58:30.807024+00:00 Scheduler heartbeat: launched_phases=['phase-01', 'phase-04', 'phase-06'] pending_phases=['phase-02', 'phase-03', 'phase-05', 'phase-07'] completed_jobs=[] running_jobs=['parsec-canneal-2026-05-09-15h55m18s', 'parsec-freqmine-2026-05-09-15h55m18s', 'parsec-streamcluster-2026-05-09-15h55m18s']
2026-05-09T13:58:40.054994+00:00 Job completed: parsec-freqmine-2026-05-09-15h55m18s
2026-05-09T13:58:40.055388+00:00 Phase dependency satisfied for phase-07: freqmine
2026-05-09T13:58:40.055479+00:00 Launching phase phase-07: barnes
2026-05-09T13:58:40.752341+00:00 Job completed: parsec-canneal-2026-05-09-15h55m18s
2026-05-09T13:58:40.752764+00:00 Phase dependency satisfied for phase-02: canneal
2026-05-09T13:58:40.752866+00:00 Launching phase phase-02: blackscholes
2026-05-09T13:58:46.771373+00:00 Scheduler heartbeat: launched_phases=['phase-01', 'phase-02', 'phase-04', 'phase-06', 'phase-07'] pending_phases=['phase-03', 'phase-05'] completed_jobs=['canneal', 'freqmine'] running_jobs=['parsec-barnes-2026-05-09-15h55m18s', 'parsec-blackscholes-2026-05-09-15h55m18s', 'parsec-streamcluster-2026-05-09-15h55m18s']
2026-05-09T13:59:02.048674+00:00 Scheduler heartbeat: launched_phases=['phase-01', 'phase-02', 'phase-04', 'phase-06', 'phase-07'] pending_phases=['phase-03', 'phase-05'] completed_jobs=['canneal', 'freqmine'] running_jobs=['parsec-barnes-2026-05-09-15h55m18s', 'parsec-blackscholes-2026-05-09-15h55m18s', 'parsec-streamcluster-2026-05-09-15h55m18s']
2026-05-09T13:59:18.454649+00:00 Scheduler heartbeat: launched_phases=['phase-01', 'phase-02', 'phase-04', 'phase-06', 'phase-07'] pending_phases=['phase-03', 'phase-05'] completed_jobs=['canneal', 'freqmine'] running_jobs=['parsec-barnes-2026-05-09-15h55m18s', 'parsec-blackscholes-2026-05-09-15h55m18s', 'parsec-streamcluster-2026-05-09-15h55m18s']
2026-05-09T13:59:33.625056+00:00 Scheduler heartbeat: launched_phases=['phase-01', 'phase-02', 'phase-04', 'phase-06', 'phase-07'] pending_phases=['phase-03', 'phase-05'] completed_jobs=['canneal', 'freqmine'] running_jobs=['parsec-barnes-2026-05-09-15h55m18s', 'parsec-blackscholes-2026-05-09-15h55m18s', 'parsec-streamcluster-2026-05-09-15h55m18s']
2026-05-09T13:59:40.287062+00:00 Job completed: parsec-barnes-2026-05-09-15h55m18s
2026-05-09T13:59:40.287318+00:00 Phase dependency satisfied for phase-05: barnes
2026-05-09T13:59:40.287384+00:00 Launching phase phase-05: radix
2026-05-09T13:59:41.063671+00:00 Job completed: parsec-blackscholes-2026-05-09-15h55m18s
2026-05-09T13:59:41.064163+00:00 Phase dependency satisfied for phase-03: blackscholes
2026-05-09T13:59:41.064285+00:00 Launching phase phase-03: vips
2026-05-09T13:59:49.950950+00:00 Scheduler heartbeat: launched_phases=['phase-01', 'phase-02', 'phase-03', 'phase-04', 'phase-05', 'phase-06', 'phase-07'] pending_phases=[] completed_jobs=['barnes', 'blackscholes', 'canneal', 'freqmine'] running_jobs=['parsec-radix-2026-05-09-15h55m18s', 'parsec-streamcluster-2026-05-09-15h55m18s', 'parsec-vips-2026-05-09-15h55m18s']
2026-05-09T13:59:55.229696+00:00 Job completed: parsec-radix-2026-05-09-15h55m18s
2026-05-09T14:00:06.117872+00:00 Scheduler heartbeat: launched_phases=['phase-01', 'phase-02', 'phase-03', 'phase-04', 'phase-05', 'phase-06', 'phase-07'] pending_phases=[] completed_jobs=['barnes', 'blackscholes', 'canneal', 'freqmine', 'radix'] running_jobs=['parsec-streamcluster-2026-05-09-15h55m18s', 'parsec-vips-2026-05-09-15h55m18s']
2026-05-09T14:00:14.436453+00:00 Job completed: parsec-streamcluster-2026-05-09-15h55m18s
2026-05-09T14:00:21.421323+00:00 Scheduler heartbeat: launched_phases=['phase-01', 'phase-02', 'phase-03', 'phase-04', 'phase-05', 'phase-06', 'phase-07'] pending_phases=[] completed_jobs=['barnes', 'blackscholes', 'canneal', 'freqmine', 'radix', 'streamcluster'] running_jobs=['parsec-vips-2026-05-09-15h55m18s']
2026-05-09T14:00:36.514133+00:00 Scheduler heartbeat: launched_phases=['phase-01', 'phase-02', 'phase-03', 'phase-04', 'phase-05', 'phase-06', 'phase-07'] pending_phases=[] completed_jobs=['barnes', 'blackscholes', 'canneal', 'freqmine', 'radix', 'streamcluster'] running_jobs=['parsec-vips-2026-05-09-15h55m18s']
2026-05-09T14:00:51.902805+00:00 Scheduler heartbeat: launched_phases=['phase-01', 'phase-02', 'phase-03', 'phase-04', 'phase-05', 'phase-06', 'phase-07'] pending_phases=[] completed_jobs=['barnes', 'blackscholes', 'canneal', 'freqmine', 'radix', 'streamcluster'] running_jobs=['parsec-vips-2026-05-09-15h55m18s']
2026-05-09T14:00:54.650047+00:00 Job completed: parsec-vips-2026-05-09-15h55m18s
2026-05-09T14:00:54.650480+00:00 All batch jobs completed; capturing results.json and stopping mcperf
2026-05-09T14:00:54.650670+00:00 Waiting briefly for final pod termination metadata
2026-05-09T14:00:55.501128+00:00 Stopping mcperf measurement wrapper on client-measure-qsfk with SIGINT
2026-05-09T14:01:08.562792+00:00 mcperf is still running on client-measure-qsfk after SIGINT; escalating to SIGTERM
2026-05-09T14:01:11.578850+00:00 Summarizing run from captured pod snapshot and mcperf output
2026-05-09T14:01:11.580403+00:00 Run completed with status pass makespan=248.0 max_p95_us=428.9
2026-05-09T14:01:11.745687+00:00 Runtime stats refreshed: /home/carti/ETH/Msc/CCA/risultatiPart3/Matte/automation/runs/runtime_stats.json samples=546 eligible_runs=78
