2026-05-05T19:18:37.170164+00:00 Run directory prepared: /home/carti/ETH/Msc/CCA/risultatiPart3/Matte/automation/runs/part3-OPENEVOLVE_GLM5.1/2026-05-05-21h18m37s
2026-05-05T19:18:37.170205+00:00 Rendered 8 manifests into /home/carti/ETH/Msc/CCA/risultatiPart3/Matte/automation/runs/part3-OPENEVOLVE_GLM5.1/2026-05-05-21h18m37s/rendered_manifests
2026-05-05T19:18:37.170217+00:00 Cleaning previous managed workloads
2026-05-05T19:19:09.372521+00:00 Ensuring canonical node labels and checking client provisioning
2026-05-05T19:19:19.423820+00:00 Applying memcached manifest
2026-05-05T19:19:22.880316+00:00 Capturing benchmark node CPU platforms
2026-05-05T19:19:25.455600+00:00 Benchmark node CPU platform capture complete: node-a-8core=e2-standard-8/AMD Rome, node-b-4core=n2d-highcpu-4/AMD Milan
2026-05-05T19:19:25.456225+00:00 Restarting mcperf-agent.service on client-agent-a (client-agent-a-7cmp)
2026-05-05T19:19:30.313199+00:00 mcperf-agent.service active on client-agent-a (client-agent-a-7cmp)
2026-05-05T19:19:30.313341+00:00 Restarting mcperf-agent.service on client-agent-b (client-agent-b-67sh)
2026-05-05T19:19:36.292600+00:00 mcperf-agent.service active on client-agent-b (client-agent-b-67sh)
2026-05-05T19:19:36.292749+00:00 Starting measurement against memcached IP 100.96.6.99
2026-05-05T19:19:36.611367+00:00 Waiting for first mcperf measurement sample
2026-05-05T19:19:42.970963+00:00 mcperf measurement header observed
2026-05-05T19:19:54.243812+00:00 mcperf measurement sample observed
2026-05-05T19:19:54.243978+00:00 mcperf measurement is live
2026-05-05T19:19:54.244109+00:00 Starting phase scheduler
2026-05-05T19:19:54.443004+00:00 Phase dependency satisfied for phase-01: start
2026-05-05T19:19:54.443144+00:00 Phase dependency satisfied for phase-03: start
2026-05-05T19:19:54.443169+00:00 Launching phase phase-01: canneal
2026-05-05T19:19:54.723736+00:00 Launching phase phase-03: barnes, streamcluster
2026-05-05T19:19:55.469359+00:00 Scheduler heartbeat: launched_phases=['phase-01', 'phase-03'] pending_phases=['phase-02', 'phase-04', 'phase-05', 'phase-06'] completed_jobs=[] running_jobs=['parsec-barnes-2026-05-05-21h18m37s', 'parsec-canneal-2026-05-05-21h18m37s', 'parsec-streamcluster-2026-05-05-21h18m37s']
2026-05-05T19:20:11.303686+00:00 Scheduler heartbeat: launched_phases=['phase-01', 'phase-03'] pending_phases=['phase-02', 'phase-04', 'phase-05', 'phase-06'] completed_jobs=[] running_jobs=['parsec-barnes-2026-05-05-21h18m37s', 'parsec-canneal-2026-05-05-21h18m37s', 'parsec-streamcluster-2026-05-05-21h18m37s']
2026-05-05T19:20:28.047234+00:00 Scheduler heartbeat: launched_phases=['phase-01', 'phase-03'] pending_phases=['phase-02', 'phase-04', 'phase-05', 'phase-06'] completed_jobs=[] running_jobs=['parsec-barnes-2026-05-05-21h18m37s', 'parsec-canneal-2026-05-05-21h18m37s', 'parsec-streamcluster-2026-05-05-21h18m37s']
2026-05-05T19:20:43.855745+00:00 Scheduler heartbeat: launched_phases=['phase-01', 'phase-03'] pending_phases=['phase-02', 'phase-04', 'phase-05', 'phase-06'] completed_jobs=[] running_jobs=['parsec-barnes-2026-05-05-21h18m37s', 'parsec-canneal-2026-05-05-21h18m37s', 'parsec-streamcluster-2026-05-05-21h18m37s']
2026-05-05T19:20:54.543809+00:00 Job completed: parsec-barnes-2026-05-05-21h18m37s
2026-05-05T19:20:54.544009+00:00 Phase dependency satisfied for phase-04: barnes
2026-05-05T19:20:54.544041+00:00 Launching phase phase-04: freqmine
2026-05-05T19:20:59.879299+00:00 Scheduler heartbeat: launched_phases=['phase-01', 'phase-03', 'phase-04'] pending_phases=['phase-02', 'phase-05', 'phase-06'] completed_jobs=['barnes'] running_jobs=['parsec-canneal-2026-05-05-21h18m37s', 'parsec-freqmine-2026-05-05-21h18m37s', 'parsec-streamcluster-2026-05-05-21h18m37s']
2026-05-05T19:21:15.621572+00:00 Scheduler heartbeat: launched_phases=['phase-01', 'phase-03', 'phase-04'] pending_phases=['phase-02', 'phase-05', 'phase-06'] completed_jobs=['barnes'] running_jobs=['parsec-canneal-2026-05-05-21h18m37s', 'parsec-freqmine-2026-05-05-21h18m37s', 'parsec-streamcluster-2026-05-05-21h18m37s']
2026-05-05T19:21:32.435963+00:00 Scheduler heartbeat: launched_phases=['phase-01', 'phase-03', 'phase-04'] pending_phases=['phase-02', 'phase-05', 'phase-06'] completed_jobs=['barnes'] running_jobs=['parsec-canneal-2026-05-05-21h18m37s', 'parsec-freqmine-2026-05-05-21h18m37s', 'parsec-streamcluster-2026-05-05-21h18m37s']
2026-05-05T19:21:48.305814+00:00 Scheduler heartbeat: launched_phases=['phase-01', 'phase-03', 'phase-04'] pending_phases=['phase-02', 'phase-05', 'phase-06'] completed_jobs=['barnes'] running_jobs=['parsec-canneal-2026-05-05-21h18m37s', 'parsec-freqmine-2026-05-05-21h18m37s', 'parsec-streamcluster-2026-05-05-21h18m37s']
2026-05-05T19:21:55.369513+00:00 Job completed: parsec-canneal-2026-05-05-21h18m37s
2026-05-05T19:21:55.369699+00:00 Phase dependency satisfied for phase-02: canneal
2026-05-05T19:21:55.369723+00:00 Launching phase phase-02: blackscholes
2026-05-05T19:22:04.393723+00:00 Scheduler heartbeat: launched_phases=['phase-01', 'phase-02', 'phase-03', 'phase-04'] pending_phases=['phase-05', 'phase-06'] completed_jobs=['barnes', 'canneal'] running_jobs=['parsec-blackscholes-2026-05-05-21h18m37s', 'parsec-freqmine-2026-05-05-21h18m37s', 'parsec-streamcluster-2026-05-05-21h18m37s']
2026-05-05T19:22:20.242041+00:00 Scheduler heartbeat: launched_phases=['phase-01', 'phase-02', 'phase-03', 'phase-04'] pending_phases=['phase-05', 'phase-06'] completed_jobs=['barnes', 'canneal'] running_jobs=['parsec-blackscholes-2026-05-05-21h18m37s', 'parsec-freqmine-2026-05-05-21h18m37s', 'parsec-streamcluster-2026-05-05-21h18m37s']
2026-05-05T19:22:35.743681+00:00 Job completed: parsec-streamcluster-2026-05-05-21h18m37s
2026-05-05T19:22:35.743842+00:00 Phase dependency satisfied for phase-05: streamcluster
2026-05-05T19:22:35.743870+00:00 Launching phase phase-05: radix
2026-05-05T19:22:36.209375+00:00 Scheduler heartbeat: launched_phases=['phase-01', 'phase-02', 'phase-03', 'phase-04', 'phase-05'] pending_phases=['phase-06'] completed_jobs=['barnes', 'canneal', 'streamcluster'] running_jobs=['parsec-blackscholes-2026-05-05-21h18m37s', 'parsec-freqmine-2026-05-05-21h18m37s', 'parsec-radix-2026-05-05-21h18m37s']
2026-05-05T19:22:50.872893+00:00 Job completed: parsec-blackscholes-2026-05-05-21h18m37s
2026-05-05T19:22:52.076852+00:00 Job completed: parsec-radix-2026-05-05-21h18m37s
2026-05-05T19:22:52.077008+00:00 Scheduler heartbeat: launched_phases=['phase-01', 'phase-02', 'phase-03', 'phase-04', 'phase-05'] pending_phases=['phase-06'] completed_jobs=['barnes', 'blackscholes', 'canneal', 'radix', 'streamcluster'] running_jobs=['parsec-freqmine-2026-05-05-21h18m37s']
2026-05-05T19:22:54.508151+00:00 Job completed: parsec-freqmine-2026-05-05-21h18m37s
2026-05-05T19:22:54.508374+00:00 Phase dependency satisfied for phase-06: freqmine,radix
2026-05-05T19:22:54.508422+00:00 Launching phase phase-06: vips
2026-05-05T19:23:08.376614+00:00 Scheduler heartbeat: launched_phases=['phase-01', 'phase-02', 'phase-03', 'phase-04', 'phase-05', 'phase-06'] pending_phases=[] completed_jobs=['barnes', 'blackscholes', 'canneal', 'freqmine', 'radix', 'streamcluster'] running_jobs=['parsec-vips-2026-05-05-21h18m37s']
2026-05-05T19:23:24.488095+00:00 Scheduler heartbeat: launched_phases=['phase-01', 'phase-02', 'phase-03', 'phase-04', 'phase-05', 'phase-06'] pending_phases=[] completed_jobs=['barnes', 'blackscholes', 'canneal', 'freqmine', 'radix', 'streamcluster'] running_jobs=['parsec-vips-2026-05-05-21h18m37s']
2026-05-05T19:23:29.472646+00:00 Job completed: parsec-vips-2026-05-05-21h18m37s
2026-05-05T19:23:29.472849+00:00 All batch jobs completed; capturing results.json and stopping mcperf
2026-05-05T19:23:29.472874+00:00 Waiting briefly for final pod termination metadata
2026-05-05T19:23:29.972470+00:00 Stopping mcperf measurement wrapper on client-measure-1lr0 with SIGINT
2026-05-05T19:23:43.289307+00:00 mcperf is still running on client-measure-1lr0 after SIGINT; escalating to SIGTERM
2026-05-05T19:23:45.808494+00:00 Summarizing run from captured pod snapshot and mcperf output
2026-05-05T19:23:45.811100+00:00 Run completed with status pass makespan=196.0 max_p95_us=388.9
2026-05-05T19:23:45.931709+00:00 Runtime stats refreshed: /home/carti/ETH/Msc/CCA/risultatiPart3/Matte/automation/runs/runtime_stats.json samples=441 eligible_runs=63
