2026-05-05T14:38:48.833511+00:00 Run directory prepared: /home/carti/ETH/Msc/CCA/risultatiPart3/Matte/automation/runs/part3-handcrafted/2026-05-05-16h38m48s
2026-05-05T14:38:48.833698+00:00 Rendered 8 manifests into /home/carti/ETH/Msc/CCA/risultatiPart3/Matte/automation/runs/part3-handcrafted/2026-05-05-16h38m48s/rendered_manifests
2026-05-05T14:38:48.833729+00:00 Cleaning previous managed workloads
2026-05-05T14:39:21.898419+00:00 Ensuring canonical node labels and checking client provisioning
2026-05-05T14:39:34.374450+00:00 Applying memcached manifest
2026-05-05T14:39:37.278665+00:00 Capturing benchmark node CPU platforms
2026-05-05T14:39:41.703624+00:00 Benchmark node CPU platform capture complete: node-a-8core=e2-standard-8/AMD Rome, node-b-4core=n2d-highcpu-4/AMD Milan
2026-05-05T14:39:41.703980+00:00 Restarting mcperf-agent.service on client-agent-a (client-agent-a-7cmp)
2026-05-05T14:39:51.762116+00:00 mcperf-agent.service active on client-agent-a (client-agent-a-7cmp)
2026-05-05T14:39:51.762286+00:00 Restarting mcperf-agent.service on client-agent-b (client-agent-b-67sh)
2026-05-05T14:39:58.730018+00:00 mcperf-agent.service active on client-agent-b (client-agent-b-67sh)
2026-05-05T14:39:58.730279+00:00 Starting measurement against memcached IP 100.96.6.41
2026-05-05T14:39:59.222837+00:00 Waiting for first mcperf measurement sample
2026-05-05T14:40:05.232868+00:00 mcperf measurement header observed
2026-05-05T14:40:15.736518+00:00 mcperf measurement is live
2026-05-05T14:40:15.736396+00:00 mcperf measurement sample observed
2026-05-05T14:40:15.737223+00:00 Starting phase scheduler
2026-05-05T14:40:16.012658+00:00 Phase dependency satisfied for phase-01: start
2026-05-05T14:40:16.012826+00:00 Phase dependency satisfied for phase-03: start
2026-05-05T14:40:16.012858+00:00 Launching phase phase-01: canneal
2026-05-05T14:40:16.390594+00:00 Launching phase phase-03: barnes, streamcluster
2026-05-05T14:40:17.676470+00:00 Scheduler heartbeat: launched_phases=['phase-01', 'phase-03'] pending_phases=['phase-02', 'phase-04', 'phase-05', 'phase-06'] completed_jobs=[] running_jobs=['parsec-barnes-2026-05-05-16h38m48s', 'parsec-canneal-2026-05-05-16h38m48s', 'parsec-streamcluster-2026-05-05-16h38m48s']
2026-05-05T14:40:36.957735+00:00 Scheduler heartbeat: launched_phases=['phase-01', 'phase-03'] pending_phases=['phase-02', 'phase-04', 'phase-05', 'phase-06'] completed_jobs=[] running_jobs=['parsec-barnes-2026-05-05-16h38m48s', 'parsec-canneal-2026-05-05-16h38m48s', 'parsec-streamcluster-2026-05-05-16h38m48s']
2026-05-05T14:40:52.476911+00:00 Scheduler heartbeat: launched_phases=['phase-01', 'phase-03'] pending_phases=['phase-02', 'phase-04', 'phase-05', 'phase-06'] completed_jobs=[] running_jobs=['parsec-barnes-2026-05-05-16h38m48s', 'parsec-canneal-2026-05-05-16h38m48s', 'parsec-streamcluster-2026-05-05-16h38m48s']
2026-05-05T14:41:11.604103+00:00 Scheduler heartbeat: launched_phases=['phase-01', 'phase-03'] pending_phases=['phase-02', 'phase-04', 'phase-05', 'phase-06'] completed_jobs=[] running_jobs=['parsec-barnes-2026-05-05-16h38m48s', 'parsec-canneal-2026-05-05-16h38m48s', 'parsec-streamcluster-2026-05-05-16h38m48s']
2026-05-05T14:41:18.063490+00:00 Job completed: parsec-barnes-2026-05-05-16h38m48s
2026-05-05T14:41:18.063652+00:00 Phase dependency satisfied for phase-04: barnes
2026-05-05T14:41:18.063680+00:00 Launching phase phase-04: freqmine
2026-05-05T14:41:27.790217+00:00 Scheduler heartbeat: launched_phases=['phase-01', 'phase-03', 'phase-04'] pending_phases=['phase-02', 'phase-05', 'phase-06'] completed_jobs=['barnes'] running_jobs=['parsec-canneal-2026-05-05-16h38m48s', 'parsec-freqmine-2026-05-05-16h38m48s', 'parsec-streamcluster-2026-05-05-16h38m48s']
2026-05-05T14:41:46.999574+00:00 Scheduler heartbeat: launched_phases=['phase-01', 'phase-03', 'phase-04'] pending_phases=['phase-02', 'phase-05', 'phase-06'] completed_jobs=['barnes'] running_jobs=['parsec-canneal-2026-05-05-16h38m48s', 'parsec-freqmine-2026-05-05-16h38m48s', 'parsec-streamcluster-2026-05-05-16h38m48s']
2026-05-05T14:42:02.474172+00:00 Scheduler heartbeat: launched_phases=['phase-01', 'phase-03', 'phase-04'] pending_phases=['phase-02', 'phase-05', 'phase-06'] completed_jobs=['barnes'] running_jobs=['parsec-canneal-2026-05-05-16h38m48s', 'parsec-freqmine-2026-05-05-16h38m48s', 'parsec-streamcluster-2026-05-05-16h38m48s']
2026-05-05T14:42:17.744629+00:00 Job completed: parsec-canneal-2026-05-05-16h38m48s
2026-05-05T14:42:17.744798+00:00 Phase dependency satisfied for phase-02: canneal
2026-05-05T14:42:17.744826+00:00 Launching phase phase-02: blackscholes
2026-05-05T14:42:21.101942+00:00 Scheduler heartbeat: launched_phases=['phase-01', 'phase-02', 'phase-03', 'phase-04'] pending_phases=['phase-05', 'phase-06'] completed_jobs=['barnes', 'canneal'] running_jobs=['parsec-blackscholes-2026-05-05-16h38m48s', 'parsec-freqmine-2026-05-05-16h38m48s', 'parsec-streamcluster-2026-05-05-16h38m48s']
2026-05-05T14:42:36.976576+00:00 Scheduler heartbeat: launched_phases=['phase-01', 'phase-02', 'phase-03', 'phase-04'] pending_phases=['phase-05', 'phase-06'] completed_jobs=['barnes', 'canneal'] running_jobs=['parsec-blackscholes-2026-05-05-16h38m48s', 'parsec-freqmine-2026-05-05-16h38m48s', 'parsec-streamcluster-2026-05-05-16h38m48s']
2026-05-05T14:42:56.133864+00:00 Scheduler heartbeat: launched_phases=['phase-01', 'phase-02', 'phase-03', 'phase-04'] pending_phases=['phase-05', 'phase-06'] completed_jobs=['barnes', 'canneal'] running_jobs=['parsec-blackscholes-2026-05-05-16h38m48s', 'parsec-freqmine-2026-05-05-16h38m48s', 'parsec-streamcluster-2026-05-05-16h38m48s']
2026-05-05T14:43:03.971012+00:00 Job completed: parsec-streamcluster-2026-05-05-16h38m48s
2026-05-05T14:43:03.971163+00:00 Phase dependency satisfied for phase-05: streamcluster
2026-05-05T14:43:03.971190+00:00 Launching phase phase-05: vips
2026-05-05T14:43:11.132048+00:00 Job completed: parsec-blackscholes-2026-05-05-16h38m48s
2026-05-05T14:43:12.425354+00:00 Scheduler heartbeat: launched_phases=['phase-01', 'phase-02', 'phase-03', 'phase-04', 'phase-05'] pending_phases=['phase-06'] completed_jobs=['barnes', 'blackscholes', 'canneal', 'streamcluster'] running_jobs=['parsec-freqmine-2026-05-05-16h38m48s', 'parsec-vips-2026-05-05-16h38m48s']
2026-05-05T14:43:31.619926+00:00 Scheduler heartbeat: launched_phases=['phase-01', 'phase-02', 'phase-03', 'phase-04', 'phase-05'] pending_phases=['phase-06'] completed_jobs=['barnes', 'blackscholes', 'canneal', 'streamcluster'] running_jobs=['parsec-freqmine-2026-05-05-16h38m48s', 'parsec-vips-2026-05-05-16h38m48s']
2026-05-05T14:43:39.585764+00:00 Job completed: parsec-freqmine-2026-05-05-16h38m48s
2026-05-05T14:43:39.585965+00:00 Job completed: parsec-vips-2026-05-05-16h38m48s
2026-05-05T14:43:39.586002+00:00 Phase dependency satisfied for phase-06: freqmine,vips
2026-05-05T14:43:39.586018+00:00 Launching phase phase-06: radix
2026-05-05T14:43:46.835497+00:00 Scheduler heartbeat: launched_phases=['phase-01', 'phase-02', 'phase-03', 'phase-04', 'phase-05', 'phase-06'] pending_phases=[] completed_jobs=['barnes', 'blackscholes', 'canneal', 'freqmine', 'streamcluster', 'vips'] running_jobs=['parsec-radix-2026-05-05-16h38m48s']
2026-05-05T14:43:49.457132+00:00 Job completed: parsec-radix-2026-05-05-16h38m48s
2026-05-05T14:43:49.457318+00:00 All batch jobs completed; capturing results.json and stopping mcperf
2026-05-05T14:43:49.457596+00:00 Waiting briefly for final pod termination metadata
2026-05-05T14:43:50.118499+00:00 Stopping mcperf measurement wrapper on client-measure-1lr0 with SIGINT
2026-05-05T14:44:06.786990+00:00 mcperf is still running on client-measure-1lr0 after SIGINT; escalating to SIGTERM
2026-05-05T14:44:09.747107+00:00 Summarizing run from captured pod snapshot and mcperf output
2026-05-05T14:44:09.750793+00:00 Run completed with status pass makespan=209.0 max_p95_us=400.1
2026-05-05T14:44:09.904380+00:00 Runtime stats refreshed: /home/carti/ETH/Msc/CCA/risultatiPart3/Matte/automation/runs/runtime_stats.json samples=336 eligible_runs=48
