2026-05-09T23:51:39.584867+00:00 Run directory prepared: /home/carti/ETH/Msc/CCA/risultatiPart3/Matte/automation/runs/part3-Parta/2026-05-10-01h51m39s
2026-05-09T23:51:39.584954+00:00 Rendered 8 manifests into /home/carti/ETH/Msc/CCA/risultatiPart3/Matte/automation/runs/part3-Parta/2026-05-10-01h51m39s/rendered_manifests
2026-05-09T23:51:39.584995+00:00 Cleaning previous managed workloads
2026-05-09T23:52:13.252389+00:00 Ensuring canonical node labels and checking client provisioning
2026-05-09T23:52:25.129680+00:00 Applying memcached manifest
2026-05-09T23:52:29.394055+00:00 Capturing benchmark node CPU platforms
2026-05-09T23:52:36.081036+00:00 Benchmark node CPU platform capture complete: node-a-8core=e2-standard-8/AMD Rome, node-b-4core=n2d-highcpu-4/AMD Milan
2026-05-09T23:52:36.082086+00:00 Restarting mcperf-agent.service on client-agent-a (client-agent-a-tp31)
2026-05-09T23:52:43.858555+00:00 mcperf-agent.service active on client-agent-a (client-agent-a-tp31)
2026-05-09T23:52:43.858846+00:00 Restarting mcperf-agent.service on client-agent-b (client-agent-b-ggp4)
2026-05-09T23:52:50.708739+00:00 mcperf-agent.service active on client-agent-b (client-agent-b-ggp4)
2026-05-09T23:52:50.709117+00:00 Starting measurement against memcached IP 100.96.4.20
2026-05-09T23:52:51.448682+00:00 Waiting for first mcperf measurement sample
2026-05-09T23:52:58.284270+00:00 mcperf measurement header observed
2026-05-09T23:53:11.342735+00:00 mcperf measurement is live
2026-05-09T23:53:11.342984+00:00 Starting phase scheduler
2026-05-09T23:53:11.342660+00:00 mcperf measurement sample observed
2026-05-09T23:53:11.807057+00:00 Phase dependency satisfied for phase-01: start
2026-05-09T23:53:11.807283+00:00 Phase dependency satisfied for phase-04: start
2026-05-09T23:53:11.807321+00:00 Phase dependency satisfied for phase-06: start
2026-05-09T23:53:11.807364+00:00 Launching phase phase-01: canneal
2026-05-09T23:53:12.349124+00:00 Launching phase phase-04: streamcluster
2026-05-09T23:53:12.949629+00:00 Launching phase phase-06: freqmine
2026-05-09T23:53:14.062241+00:00 Scheduler heartbeat: launched_phases=['phase-01', 'phase-04', 'phase-06'] pending_phases=['phase-02', 'phase-03', 'phase-05', 'phase-07'] completed_jobs=[] running_jobs=['parsec-canneal-2026-05-10-01h51m39s', 'parsec-freqmine-2026-05-10-01h51m39s', 'parsec-streamcluster-2026-05-10-01h51m39s']
2026-05-09T23:53:30.394249+00:00 Scheduler heartbeat: launched_phases=['phase-01', 'phase-04', 'phase-06'] pending_phases=['phase-02', 'phase-03', 'phase-05', 'phase-07'] completed_jobs=[] running_jobs=['parsec-canneal-2026-05-10-01h51m39s', 'parsec-freqmine-2026-05-10-01h51m39s', 'parsec-streamcluster-2026-05-10-01h51m39s']
2026-05-09T23:53:47.966447+00:00 Scheduler heartbeat: launched_phases=['phase-01', 'phase-04', 'phase-06'] pending_phases=['phase-02', 'phase-03', 'phase-05', 'phase-07'] completed_jobs=[] running_jobs=['parsec-canneal-2026-05-10-01h51m39s', 'parsec-freqmine-2026-05-10-01h51m39s', 'parsec-streamcluster-2026-05-10-01h51m39s']
2026-05-09T23:54:03.566847+00:00 Scheduler heartbeat: launched_phases=['phase-01', 'phase-04', 'phase-06'] pending_phases=['phase-02', 'phase-03', 'phase-05', 'phase-07'] completed_jobs=[] running_jobs=['parsec-canneal-2026-05-10-01h51m39s', 'parsec-freqmine-2026-05-10-01h51m39s', 'parsec-streamcluster-2026-05-10-01h51m39s']
2026-05-09T23:54:20.566583+00:00 Scheduler heartbeat: launched_phases=['phase-01', 'phase-04', 'phase-06'] pending_phases=['phase-02', 'phase-03', 'phase-05', 'phase-07'] completed_jobs=[] running_jobs=['parsec-canneal-2026-05-10-01h51m39s', 'parsec-freqmine-2026-05-10-01h51m39s', 'parsec-streamcluster-2026-05-10-01h51m39s']
2026-05-09T23:54:36.943908+00:00 Scheduler heartbeat: launched_phases=['phase-01', 'phase-04', 'phase-06'] pending_phases=['phase-02', 'phase-03', 'phase-05', 'phase-07'] completed_jobs=[] running_jobs=['parsec-canneal-2026-05-10-01h51m39s', 'parsec-freqmine-2026-05-10-01h51m39s', 'parsec-streamcluster-2026-05-10-01h51m39s']
2026-05-09T23:54:58.079321+00:00 Scheduler heartbeat: launched_phases=['phase-01', 'phase-04', 'phase-06'] pending_phases=['phase-02', 'phase-03', 'phase-05', 'phase-07'] completed_jobs=[] running_jobs=['parsec-canneal-2026-05-10-01h51m39s', 'parsec-freqmine-2026-05-10-01h51m39s', 'parsec-streamcluster-2026-05-10-01h51m39s']
2026-05-09T23:55:07.991735+00:00 Job completed: parsec-canneal-2026-05-10-01h51m39s
2026-05-09T23:55:07.992129+00:00 Job completed: parsec-freqmine-2026-05-10-01h51m39s
2026-05-09T23:55:07.992321+00:00 Phase dependency satisfied for phase-02: canneal
2026-05-09T23:55:07.992429+00:00 Phase dependency satisfied for phase-07: freqmine
2026-05-09T23:55:07.992561+00:00 Launching phase phase-02: blackscholes
2026-05-09T23:55:11.202683+00:00 Launching phase phase-07: barnes
2026-05-09T23:55:17.669999+00:00 Scheduler heartbeat: launched_phases=['phase-01', 'phase-02', 'phase-04', 'phase-06', 'phase-07'] pending_phases=['phase-03', 'phase-05'] completed_jobs=['canneal', 'freqmine'] running_jobs=['parsec-barnes-2026-05-10-01h51m39s', 'parsec-blackscholes-2026-05-10-01h51m39s', 'parsec-streamcluster-2026-05-10-01h51m39s']
2026-05-09T23:55:34.915788+00:00 Scheduler heartbeat: launched_phases=['phase-01', 'phase-02', 'phase-04', 'phase-06', 'phase-07'] pending_phases=['phase-03', 'phase-05'] completed_jobs=['canneal', 'freqmine'] running_jobs=['parsec-barnes-2026-05-10-01h51m39s', 'parsec-blackscholes-2026-05-10-01h51m39s', 'parsec-streamcluster-2026-05-10-01h51m39s']
2026-05-09T23:55:50.766458+00:00 Scheduler heartbeat: launched_phases=['phase-01', 'phase-02', 'phase-04', 'phase-06', 'phase-07'] pending_phases=['phase-03', 'phase-05'] completed_jobs=['canneal', 'freqmine'] running_jobs=['parsec-barnes-2026-05-10-01h51m39s', 'parsec-blackscholes-2026-05-10-01h51m39s', 'parsec-streamcluster-2026-05-10-01h51m39s']
2026-05-09T23:56:08.646676+00:00 Scheduler heartbeat: launched_phases=['phase-01', 'phase-02', 'phase-04', 'phase-06', 'phase-07'] pending_phases=['phase-03', 'phase-05'] completed_jobs=['canneal', 'freqmine'] running_jobs=['parsec-barnes-2026-05-10-01h51m39s', 'parsec-blackscholes-2026-05-10-01h51m39s', 'parsec-streamcluster-2026-05-10-01h51m39s']
2026-05-09T23:56:11.542153+00:00 Job completed: parsec-blackscholes-2026-05-10-01h51m39s
2026-05-09T23:56:11.542434+00:00 Phase dependency satisfied for phase-03: blackscholes
2026-05-09T23:56:11.542499+00:00 Launching phase phase-03: vips
2026-05-09T23:56:12.692505+00:00 Job completed: parsec-barnes-2026-05-10-01h51m39s
2026-05-09T23:56:12.692876+00:00 Phase dependency satisfied for phase-05: barnes
2026-05-09T23:56:12.692955+00:00 Launching phase phase-05: radix
2026-05-09T23:56:18.445067+00:00 Job completed: parsec-streamcluster-2026-05-10-01h51m39s
2026-05-09T23:56:24.489992+00:00 Scheduler heartbeat: launched_phases=['phase-01', 'phase-02', 'phase-03', 'phase-04', 'phase-05', 'phase-06', 'phase-07'] pending_phases=[] completed_jobs=['barnes', 'blackscholes', 'canneal', 'freqmine', 'streamcluster'] running_jobs=['parsec-radix-2026-05-10-01h51m39s', 'parsec-vips-2026-05-10-01h51m39s']
2026-05-09T23:56:26.007974+00:00 Job completed: parsec-radix-2026-05-10-01h51m39s
2026-05-09T23:56:41.570115+00:00 Scheduler heartbeat: launched_phases=['phase-01', 'phase-02', 'phase-03', 'phase-04', 'phase-05', 'phase-06', 'phase-07'] pending_phases=[] completed_jobs=['barnes', 'blackscholes', 'canneal', 'freqmine', 'radix', 'streamcluster'] running_jobs=['parsec-vips-2026-05-10-01h51m39s']
2026-05-09T23:56:57.285696+00:00 Scheduler heartbeat: launched_phases=['phase-01', 'phase-02', 'phase-03', 'phase-04', 'phase-05', 'phase-06', 'phase-07'] pending_phases=[] completed_jobs=['barnes', 'blackscholes', 'canneal', 'freqmine', 'radix', 'streamcluster'] running_jobs=['parsec-vips-2026-05-10-01h51m39s']
2026-05-09T23:57:15.218082+00:00 Scheduler heartbeat: launched_phases=['phase-01', 'phase-02', 'phase-03', 'phase-04', 'phase-05', 'phase-06', 'phase-07'] pending_phases=[] completed_jobs=['barnes', 'blackscholes', 'canneal', 'freqmine', 'radix', 'streamcluster'] running_jobs=['parsec-vips-2026-05-10-01h51m39s']
2026-05-09T23:57:27.593997+00:00 Job completed: parsec-vips-2026-05-10-01h51m39s
2026-05-09T23:57:27.594504+00:00 All batch jobs completed; capturing results.json and stopping mcperf
2026-05-09T23:57:27.594616+00:00 Waiting briefly for final pod termination metadata
2026-05-09T23:57:28.723998+00:00 Stopping mcperf measurement wrapper on client-measure-2qdl with SIGINT
2026-05-09T23:57:42.250446+00:00 mcperf is still running on client-measure-2qdl after SIGINT; escalating to SIGTERM
2026-05-09T23:57:48.233529+00:00 Summarizing run from captured pod snapshot and mcperf output
2026-05-09T23:57:48.236268+00:00 Run completed with status pass makespan=249.0 max_p95_us=369.6
2026-05-09T23:57:48.579474+00:00 Runtime stats refreshed: /home/carti/ETH/Msc/CCA/risultatiPart3/Matte/automation/runs/runtime_stats.json samples=651 eligible_runs=93
