2026-05-09T14:06:55.490272+00:00 Run directory prepared: /home/carti/ETH/Msc/CCA/risultatiPart3/Matte/automation/runs/part3-PartB/2026-05-09-16h06m55s
2026-05-09T14:06:55.490616+00:00 Rendered 8 manifests into /home/carti/ETH/Msc/CCA/risultatiPart3/Matte/automation/runs/part3-PartB/2026-05-09-16h06m55s/rendered_manifests
2026-05-09T14:06:55.490696+00:00 Cleaning previous managed workloads
2026-05-09T14:07:28.024374+00:00 Ensuring canonical node labels and checking client provisioning
2026-05-09T14:07:39.182333+00:00 Applying memcached manifest
2026-05-09T14:07:42.478732+00:00 Capturing benchmark node CPU platforms
2026-05-09T14:07:46.485154+00:00 Benchmark node CPU platform capture complete: node-a-8core=e2-standard-8/AMD Rome, node-b-4core=n2d-highcpu-4/AMD Milan
2026-05-09T14:07:46.485894+00:00 Restarting mcperf-agent.service on client-agent-a (client-agent-a-1p0l)
2026-05-09T14:07:52.719982+00:00 mcperf-agent.service active on client-agent-a (client-agent-a-1p0l)
2026-05-09T14:07:52.720170+00:00 Restarting mcperf-agent.service on client-agent-b (client-agent-b-j3kd)
2026-05-09T14:07:58.846311+00:00 mcperf-agent.service active on client-agent-b (client-agent-b-j3kd)
2026-05-09T14:07:58.846528+00:00 Starting measurement against memcached IP 100.96.4.59
2026-05-09T14:07:59.378706+00:00 Waiting for first mcperf measurement sample
2026-05-09T14:08:06.164761+00:00 mcperf measurement header observed
2026-05-09T14:08:17.844254+00:00 mcperf measurement is live
2026-05-09T14:08:17.844161+00:00 mcperf measurement sample observed
2026-05-09T14:08:17.845470+00:00 Starting phase scheduler
2026-05-09T14:08:18.187946+00:00 Phase dependency satisfied for phase-01: start
2026-05-09T14:08:18.188272+00:00 Phase dependency satisfied for phase-04: start
2026-05-09T14:08:18.188352+00:00 Phase dependency satisfied for phase-06: start
2026-05-09T14:08:18.188405+00:00 Launching phase phase-01: canneal
2026-05-09T14:08:18.626889+00:00 Launching phase phase-04: streamcluster
2026-05-09T14:08:19.122328+00:00 Launching phase phase-06: freqmine
2026-05-09T14:08:19.907103+00:00 Scheduler heartbeat: launched_phases=['phase-01', 'phase-04', 'phase-06'] pending_phases=['phase-02', 'phase-03', 'phase-05', 'phase-07'] completed_jobs=[] running_jobs=['parsec-canneal-2026-05-09-16h06m55s', 'parsec-freqmine-2026-05-09-16h06m55s', 'parsec-streamcluster-2026-05-09-16h06m55s']
2026-05-09T14:08:36.128561+00:00 Scheduler heartbeat: launched_phases=['phase-01', 'phase-04', 'phase-06'] pending_phases=['phase-02', 'phase-03', 'phase-05', 'phase-07'] completed_jobs=[] running_jobs=['parsec-canneal-2026-05-09-16h06m55s', 'parsec-freqmine-2026-05-09-16h06m55s', 'parsec-streamcluster-2026-05-09-16h06m55s']
2026-05-09T14:08:52.374006+00:00 Scheduler heartbeat: launched_phases=['phase-01', 'phase-04', 'phase-06'] pending_phases=['phase-02', 'phase-03', 'phase-05', 'phase-07'] completed_jobs=[] running_jobs=['parsec-canneal-2026-05-09-16h06m55s', 'parsec-freqmine-2026-05-09-16h06m55s', 'parsec-streamcluster-2026-05-09-16h06m55s']
2026-05-09T14:09:08.442336+00:00 Scheduler heartbeat: launched_phases=['phase-01', 'phase-04', 'phase-06'] pending_phases=['phase-02', 'phase-03', 'phase-05', 'phase-07'] completed_jobs=[] running_jobs=['parsec-canneal-2026-05-09-16h06m55s', 'parsec-freqmine-2026-05-09-16h06m55s', 'parsec-streamcluster-2026-05-09-16h06m55s']
2026-05-09T14:09:24.448276+00:00 Scheduler heartbeat: launched_phases=['phase-01', 'phase-04', 'phase-06'] pending_phases=['phase-02', 'phase-03', 'phase-05', 'phase-07'] completed_jobs=[] running_jobs=['parsec-canneal-2026-05-09-16h06m55s', 'parsec-freqmine-2026-05-09-16h06m55s', 'parsec-streamcluster-2026-05-09-16h06m55s']
2026-05-09T14:09:40.484655+00:00 Scheduler heartbeat: launched_phases=['phase-01', 'phase-04', 'phase-06'] pending_phases=['phase-02', 'phase-03', 'phase-05', 'phase-07'] completed_jobs=[] running_jobs=['parsec-canneal-2026-05-09-16h06m55s', 'parsec-freqmine-2026-05-09-16h06m55s', 'parsec-streamcluster-2026-05-09-16h06m55s']
2026-05-09T14:09:56.542866+00:00 Scheduler heartbeat: launched_phases=['phase-01', 'phase-04', 'phase-06'] pending_phases=['phase-02', 'phase-03', 'phase-05', 'phase-07'] completed_jobs=[] running_jobs=['parsec-canneal-2026-05-09-16h06m55s', 'parsec-freqmine-2026-05-09-16h06m55s', 'parsec-streamcluster-2026-05-09-16h06m55s']
2026-05-09T14:10:12.677637+00:00 Scheduler heartbeat: launched_phases=['phase-01', 'phase-04', 'phase-06'] pending_phases=['phase-02', 'phase-03', 'phase-05', 'phase-07'] completed_jobs=[] running_jobs=['parsec-canneal-2026-05-09-16h06m55s', 'parsec-freqmine-2026-05-09-16h06m55s', 'parsec-streamcluster-2026-05-09-16h06m55s']
2026-05-09T14:10:18.078844+00:00 Job completed: parsec-freqmine-2026-05-09-16h06m55s
2026-05-09T14:10:18.079187+00:00 Phase dependency satisfied for phase-07: freqmine
2026-05-09T14:10:18.079306+00:00 Launching phase phase-07: barnes
2026-05-09T14:10:20.302414+00:00 Job completed: parsec-canneal-2026-05-09-16h06m55s
2026-05-09T14:10:20.303001+00:00 Phase dependency satisfied for phase-02: canneal
2026-05-09T14:10:20.303109+00:00 Launching phase phase-02: blackscholes
2026-05-09T14:10:27.860893+00:00 Scheduler heartbeat: launched_phases=['phase-01', 'phase-02', 'phase-04', 'phase-06', 'phase-07'] pending_phases=['phase-03', 'phase-05'] completed_jobs=['canneal', 'freqmine'] running_jobs=['parsec-barnes-2026-05-09-16h06m55s', 'parsec-blackscholes-2026-05-09-16h06m55s', 'parsec-streamcluster-2026-05-09-16h06m55s']
2026-05-09T14:10:43.975219+00:00 Scheduler heartbeat: launched_phases=['phase-01', 'phase-02', 'phase-04', 'phase-06', 'phase-07'] pending_phases=['phase-03', 'phase-05'] completed_jobs=['canneal', 'freqmine'] running_jobs=['parsec-barnes-2026-05-09-16h06m55s', 'parsec-blackscholes-2026-05-09-16h06m55s', 'parsec-streamcluster-2026-05-09-16h06m55s']
2026-05-09T14:11:00.053331+00:00 Scheduler heartbeat: launched_phases=['phase-01', 'phase-02', 'phase-04', 'phase-06', 'phase-07'] pending_phases=['phase-03', 'phase-05'] completed_jobs=['canneal', 'freqmine'] running_jobs=['parsec-barnes-2026-05-09-16h06m55s', 'parsec-blackscholes-2026-05-09-16h06m55s', 'parsec-streamcluster-2026-05-09-16h06m55s']
2026-05-09T14:11:16.212752+00:00 Scheduler heartbeat: launched_phases=['phase-01', 'phase-02', 'phase-04', 'phase-06', 'phase-07'] pending_phases=['phase-03', 'phase-05'] completed_jobs=['canneal', 'freqmine'] running_jobs=['parsec-barnes-2026-05-09-16h06m55s', 'parsec-blackscholes-2026-05-09-16h06m55s', 'parsec-streamcluster-2026-05-09-16h06m55s']
2026-05-09T14:11:18.906952+00:00 Job completed: parsec-barnes-2026-05-09-16h06m55s
2026-05-09T14:11:18.907386+00:00 Phase dependency satisfied for phase-05: barnes
2026-05-09T14:11:18.907457+00:00 Launching phase phase-05: radix
2026-05-09T14:11:19.769412+00:00 Job completed: parsec-blackscholes-2026-05-09-16h06m55s
2026-05-09T14:11:19.769787+00:00 Phase dependency satisfied for phase-03: blackscholes
2026-05-09T14:11:19.769873+00:00 Launching phase phase-03: vips
2026-05-09T14:11:31.394238+00:00 Scheduler heartbeat: launched_phases=['phase-01', 'phase-02', 'phase-03', 'phase-04', 'phase-05', 'phase-06', 'phase-07'] pending_phases=[] completed_jobs=['barnes', 'blackscholes', 'canneal', 'freqmine'] running_jobs=['parsec-radix-2026-05-09-16h06m55s', 'parsec-streamcluster-2026-05-09-16h06m55s', 'parsec-vips-2026-05-09-16h06m55s']
2026-05-09T14:11:35.644835+00:00 Job completed: parsec-radix-2026-05-09-16h06m55s
2026-05-09T14:11:46.735472+00:00 Scheduler heartbeat: launched_phases=['phase-01', 'phase-02', 'phase-03', 'phase-04', 'phase-05', 'phase-06', 'phase-07'] pending_phases=[] completed_jobs=['barnes', 'blackscholes', 'canneal', 'freqmine', 'radix'] running_jobs=['parsec-streamcluster-2026-05-09-16h06m55s', 'parsec-vips-2026-05-09-16h06m55s']
2026-05-09T14:11:59.215620+00:00 Job completed: parsec-streamcluster-2026-05-09-16h06m55s
2026-05-09T14:12:02.030005+00:00 Scheduler heartbeat: launched_phases=['phase-01', 'phase-02', 'phase-03', 'phase-04', 'phase-05', 'phase-06', 'phase-07'] pending_phases=[] completed_jobs=['barnes', 'blackscholes', 'canneal', 'freqmine', 'radix', 'streamcluster'] running_jobs=['parsec-vips-2026-05-09-16h06m55s']
2026-05-09T14:12:17.216028+00:00 Scheduler heartbeat: launched_phases=['phase-01', 'phase-02', 'phase-03', 'phase-04', 'phase-05', 'phase-06', 'phase-07'] pending_phases=[] completed_jobs=['barnes', 'blackscholes', 'canneal', 'freqmine', 'radix', 'streamcluster'] running_jobs=['parsec-vips-2026-05-09-16h06m55s']
2026-05-09T14:12:31.296945+00:00 Job completed: parsec-vips-2026-05-09-16h06m55s
2026-05-09T14:12:31.297414+00:00 All batch jobs completed; capturing results.json and stopping mcperf
2026-05-09T14:12:31.297509+00:00 Waiting briefly for final pod termination metadata
2026-05-09T14:12:31.985069+00:00 Stopping mcperf measurement wrapper on client-measure-qsfk with SIGINT
2026-05-09T14:12:44.742979+00:00 mcperf is still running on client-measure-qsfk after SIGINT; escalating to SIGTERM
2026-05-09T14:12:47.594378+00:00 Summarizing run from captured pod snapshot and mcperf output
2026-05-09T14:12:47.597548+00:00 Run completed with status pass makespan=247.0 max_p95_us=423.2
2026-05-09T14:12:47.768624+00:00 Runtime stats refreshed: /home/carti/ETH/Msc/CCA/risultatiPart3/Matte/automation/runs/runtime_stats.json samples=560 eligible_runs=80
