2026-05-09T14:18:24.354489+00:00 Run directory prepared: /home/carti/ETH/Msc/CCA/risultatiPart3/Matte/automation/runs/part3-PartB/2026-05-09-16h18m24s
2026-05-09T14:18:24.354688+00:00 Rendered 8 manifests into /home/carti/ETH/Msc/CCA/risultatiPart3/Matte/automation/runs/part3-PartB/2026-05-09-16h18m24s/rendered_manifests
2026-05-09T14:18:24.354776+00:00 Cleaning previous managed workloads
2026-05-09T14:18:56.772220+00:00 Ensuring canonical node labels and checking client provisioning
2026-05-09T14:19:06.499895+00:00 Applying memcached manifest
2026-05-09T14:19:09.750823+00:00 Capturing benchmark node CPU platforms
2026-05-09T14:19:12.589647+00:00 Benchmark node CPU platform capture complete: node-a-8core=e2-standard-8/AMD Rome, node-b-4core=n2d-highcpu-4/AMD Milan
2026-05-09T14:19:12.590601+00:00 Restarting mcperf-agent.service on client-agent-a (client-agent-a-1p0l)
2026-05-09T14:19:18.268778+00:00 mcperf-agent.service active on client-agent-a (client-agent-a-1p0l)
2026-05-09T14:19:18.269101+00:00 Restarting mcperf-agent.service on client-agent-b (client-agent-b-j3kd)
2026-05-09T14:19:24.053759+00:00 mcperf-agent.service active on client-agent-b (client-agent-b-j3kd)
2026-05-09T14:19:24.054072+00:00 Starting measurement against memcached IP 100.96.4.67
2026-05-09T14:19:24.542116+00:00 Waiting for first mcperf measurement sample
2026-05-09T14:19:29.927079+00:00 mcperf measurement header observed
2026-05-09T14:19:41.370199+00:00 mcperf measurement sample observed
2026-05-09T14:19:41.371083+00:00 mcperf measurement is live
2026-05-09T14:19:41.371527+00:00 Starting phase scheduler
2026-05-09T14:19:41.671142+00:00 Phase dependency satisfied for phase-01: start
2026-05-09T14:19:41.671612+00:00 Phase dependency satisfied for phase-04: start
2026-05-09T14:19:41.671704+00:00 Phase dependency satisfied for phase-06: start
2026-05-09T14:19:41.671803+00:00 Launching phase phase-01: canneal
2026-05-09T14:19:42.047189+00:00 Launching phase phase-04: streamcluster
2026-05-09T14:19:42.499922+00:00 Launching phase phase-06: freqmine
2026-05-09T14:19:43.253306+00:00 Scheduler heartbeat: launched_phases=['phase-01', 'phase-04', 'phase-06'] pending_phases=['phase-02', 'phase-03', 'phase-05', 'phase-07'] completed_jobs=[] running_jobs=['parsec-canneal-2026-05-09-16h18m24s', 'parsec-freqmine-2026-05-09-16h18m24s', 'parsec-streamcluster-2026-05-09-16h18m24s']
2026-05-09T14:19:59.656004+00:00 Scheduler heartbeat: launched_phases=['phase-01', 'phase-04', 'phase-06'] pending_phases=['phase-02', 'phase-03', 'phase-05', 'phase-07'] completed_jobs=[] running_jobs=['parsec-canneal-2026-05-09-16h18m24s', 'parsec-freqmine-2026-05-09-16h18m24s', 'parsec-streamcluster-2026-05-09-16h18m24s']
2026-05-09T14:20:15.620722+00:00 Scheduler heartbeat: launched_phases=['phase-01', 'phase-04', 'phase-06'] pending_phases=['phase-02', 'phase-03', 'phase-05', 'phase-07'] completed_jobs=[] running_jobs=['parsec-canneal-2026-05-09-16h18m24s', 'parsec-freqmine-2026-05-09-16h18m24s', 'parsec-streamcluster-2026-05-09-16h18m24s']
2026-05-09T14:20:32.202666+00:00 Scheduler heartbeat: launched_phases=['phase-01', 'phase-04', 'phase-06'] pending_phases=['phase-02', 'phase-03', 'phase-05', 'phase-07'] completed_jobs=[] running_jobs=['parsec-canneal-2026-05-09-16h18m24s', 'parsec-freqmine-2026-05-09-16h18m24s', 'parsec-streamcluster-2026-05-09-16h18m24s']
2026-05-09T14:20:48.159174+00:00 Scheduler heartbeat: launched_phases=['phase-01', 'phase-04', 'phase-06'] pending_phases=['phase-02', 'phase-03', 'phase-05', 'phase-07'] completed_jobs=[] running_jobs=['parsec-canneal-2026-05-09-16h18m24s', 'parsec-freqmine-2026-05-09-16h18m24s', 'parsec-streamcluster-2026-05-09-16h18m24s']
2026-05-09T14:21:04.885229+00:00 Scheduler heartbeat: launched_phases=['phase-01', 'phase-04', 'phase-06'] pending_phases=['phase-02', 'phase-03', 'phase-05', 'phase-07'] completed_jobs=[] running_jobs=['parsec-canneal-2026-05-09-16h18m24s', 'parsec-freqmine-2026-05-09-16h18m24s', 'parsec-streamcluster-2026-05-09-16h18m24s']
2026-05-09T14:21:21.090420+00:00 Scheduler heartbeat: launched_phases=['phase-01', 'phase-04', 'phase-06'] pending_phases=['phase-02', 'phase-03', 'phase-05', 'phase-07'] completed_jobs=[] running_jobs=['parsec-canneal-2026-05-09-16h18m24s', 'parsec-freqmine-2026-05-09-16h18m24s', 'parsec-streamcluster-2026-05-09-16h18m24s']
2026-05-09T14:21:37.660912+00:00 Scheduler heartbeat: launched_phases=['phase-01', 'phase-04', 'phase-06'] pending_phases=['phase-02', 'phase-03', 'phase-05', 'phase-07'] completed_jobs=[] running_jobs=['parsec-canneal-2026-05-09-16h18m24s', 'parsec-freqmine-2026-05-09-16h18m24s', 'parsec-streamcluster-2026-05-09-16h18m24s']
2026-05-09T14:21:49.655852+00:00 Job completed: parsec-canneal-2026-05-09-16h18m24s
2026-05-09T14:21:49.656331+00:00 Phase dependency satisfied for phase-02: canneal
2026-05-09T14:21:49.656445+00:00 Launching phase phase-02: blackscholes
2026-05-09T14:21:51.789251+00:00 Job completed: parsec-freqmine-2026-05-09-16h18m24s
2026-05-09T14:21:51.789606+00:00 Phase dependency satisfied for phase-07: freqmine
2026-05-09T14:21:51.789688+00:00 Launching phase phase-07: barnes
2026-05-09T14:21:53.871021+00:00 Scheduler heartbeat: launched_phases=['phase-01', 'phase-02', 'phase-04', 'phase-06', 'phase-07'] pending_phases=['phase-03', 'phase-05'] completed_jobs=['canneal', 'freqmine'] running_jobs=['parsec-barnes-2026-05-09-16h18m24s', 'parsec-blackscholes-2026-05-09-16h18m24s', 'parsec-streamcluster-2026-05-09-16h18m24s']
2026-05-09T14:22:10.638588+00:00 Scheduler heartbeat: launched_phases=['phase-01', 'phase-02', 'phase-04', 'phase-06', 'phase-07'] pending_phases=['phase-03', 'phase-05'] completed_jobs=['canneal', 'freqmine'] running_jobs=['parsec-barnes-2026-05-09-16h18m24s', 'parsec-blackscholes-2026-05-09-16h18m24s', 'parsec-streamcluster-2026-05-09-16h18m24s']
2026-05-09T14:22:26.842187+00:00 Scheduler heartbeat: launched_phases=['phase-01', 'phase-02', 'phase-04', 'phase-06', 'phase-07'] pending_phases=['phase-03', 'phase-05'] completed_jobs=['canneal', 'freqmine'] running_jobs=['parsec-barnes-2026-05-09-16h18m24s', 'parsec-blackscholes-2026-05-09-16h18m24s', 'parsec-streamcluster-2026-05-09-16h18m24s']
2026-05-09T14:22:43.490423+00:00 Scheduler heartbeat: launched_phases=['phase-01', 'phase-02', 'phase-04', 'phase-06', 'phase-07'] pending_phases=['phase-03', 'phase-05'] completed_jobs=['canneal', 'freqmine'] running_jobs=['parsec-barnes-2026-05-09-16h18m24s', 'parsec-blackscholes-2026-05-09-16h18m24s', 'parsec-streamcluster-2026-05-09-16h18m24s']
2026-05-09T14:22:50.079107+00:00 Job completed: parsec-blackscholes-2026-05-09-16h18m24s
2026-05-09T14:22:50.079656+00:00 Phase dependency satisfied for phase-03: blackscholes
2026-05-09T14:22:50.079757+00:00 Launching phase phase-03: vips
2026-05-09T14:22:52.223018+00:00 Job completed: parsec-barnes-2026-05-09-16h18m24s
2026-05-09T14:22:52.223419+00:00 Phase dependency satisfied for phase-05: barnes
2026-05-09T14:22:52.223501+00:00 Launching phase phase-05: radix
2026-05-09T14:22:59.679708+00:00 Scheduler heartbeat: launched_phases=['phase-01', 'phase-02', 'phase-03', 'phase-04', 'phase-05', 'phase-06', 'phase-07'] pending_phases=[] completed_jobs=['barnes', 'blackscholes', 'canneal', 'freqmine'] running_jobs=['parsec-radix-2026-05-09-16h18m24s', 'parsec-streamcluster-2026-05-09-16h18m24s', 'parsec-vips-2026-05-09-16h18m24s']
2026-05-09T14:23:07.838097+00:00 Job completed: parsec-radix-2026-05-09-16h18m24s
2026-05-09T14:23:16.360711+00:00 Scheduler heartbeat: launched_phases=['phase-01', 'phase-02', 'phase-03', 'phase-04', 'phase-05', 'phase-06', 'phase-07'] pending_phases=[] completed_jobs=['barnes', 'blackscholes', 'canneal', 'freqmine', 'radix'] running_jobs=['parsec-streamcluster-2026-05-09-16h18m24s', 'parsec-vips-2026-05-09-16h18m24s']
2026-05-09T14:23:23.155966+00:00 Job completed: parsec-streamcluster-2026-05-09-16h18m24s
2026-05-09T14:23:32.609595+00:00 Scheduler heartbeat: launched_phases=['phase-01', 'phase-02', 'phase-03', 'phase-04', 'phase-05', 'phase-06', 'phase-07'] pending_phases=[] completed_jobs=['barnes', 'blackscholes', 'canneal', 'freqmine', 'radix', 'streamcluster'] running_jobs=['parsec-vips-2026-05-09-16h18m24s']
2026-05-09T14:23:49.497362+00:00 Scheduler heartbeat: launched_phases=['phase-01', 'phase-02', 'phase-03', 'phase-04', 'phase-05', 'phase-06', 'phase-07'] pending_phases=[] completed_jobs=['barnes', 'blackscholes', 'canneal', 'freqmine', 'radix', 'streamcluster'] running_jobs=['parsec-vips-2026-05-09-16h18m24s']
2026-05-09T14:24:04.540853+00:00 Job completed: parsec-vips-2026-05-09-16h18m24s
2026-05-09T14:24:04.541569+00:00 All batch jobs completed; capturing results.json and stopping mcperf
2026-05-09T14:24:04.541986+00:00 Waiting briefly for final pod termination metadata
2026-05-09T14:24:05.320138+00:00 Stopping mcperf measurement wrapper on client-measure-qsfk with SIGINT
2026-05-09T14:24:18.837025+00:00 mcperf is still running on client-measure-qsfk after SIGINT; escalating to SIGTERM
2026-05-09T14:24:21.518424+00:00 Summarizing run from captured pod snapshot and mcperf output
2026-05-09T14:24:21.519370+00:00 Run completed with status pass makespan=257.0 max_p95_us=455.0
2026-05-09T14:24:21.679063+00:00 Runtime stats refreshed: /home/carti/ETH/Msc/CCA/risultatiPart3/Matte/automation/runs/runtime_stats.json samples=574 eligible_runs=82
