2026-05-05T15:21:01.227285+00:00 Run directory prepared: /home/carti/ETH/Msc/CCA/risultatiPart3/Matte/automation/runs/part3-handcrafted/2026-05-05-17h21m01s
2026-05-05T15:21:01.227339+00:00 Rendered 8 manifests into /home/carti/ETH/Msc/CCA/risultatiPart3/Matte/automation/runs/part3-handcrafted/2026-05-05-17h21m01s/rendered_manifests
2026-05-05T15:21:01.227353+00:00 Cleaning previous managed workloads
2026-05-05T15:21:33.446411+00:00 Ensuring canonical node labels and checking client provisioning
2026-05-05T15:21:42.650873+00:00 Applying memcached manifest
2026-05-05T15:21:45.353545+00:00 Capturing benchmark node CPU platforms
2026-05-05T15:21:47.728046+00:00 Benchmark node CPU platform capture complete: node-a-8core=e2-standard-8/AMD Rome, node-b-4core=n2d-highcpu-4/AMD Milan
2026-05-05T15:21:47.728380+00:00 Restarting mcperf-agent.service on client-agent-a (client-agent-a-7cmp)
2026-05-05T15:21:52.066823+00:00 mcperf-agent.service active on client-agent-a (client-agent-a-7cmp)
2026-05-05T15:21:52.066956+00:00 Restarting mcperf-agent.service on client-agent-b (client-agent-b-67sh)
2026-05-05T15:21:56.430769+00:00 mcperf-agent.service active on client-agent-b (client-agent-b-67sh)
2026-05-05T15:21:56.430896+00:00 Starting measurement against memcached IP 100.96.6.47
2026-05-05T15:21:56.693817+00:00 Waiting for first mcperf measurement sample
2026-05-05T15:22:01.578231+00:00 mcperf measurement header observed
2026-05-05T15:22:15.244184+00:00 mcperf measurement sample observed
2026-05-05T15:22:15.244399+00:00 mcperf measurement is live
2026-05-05T15:22:15.244560+00:00 Starting phase scheduler
2026-05-05T15:22:15.421245+00:00 Phase dependency satisfied for phase-01: start
2026-05-05T15:22:15.421558+00:00 Phase dependency satisfied for phase-03: start
2026-05-05T15:22:15.421735+00:00 Launching phase phase-01: canneal
2026-05-05T15:22:15.690683+00:00 Launching phase phase-03: barnes, streamcluster
2026-05-05T15:22:16.330703+00:00 Scheduler heartbeat: launched_phases=['phase-01', 'phase-03'] pending_phases=['phase-02', 'phase-04', 'phase-05', 'phase-06'] completed_jobs=[] running_jobs=['parsec-barnes-2026-05-05-17h21m01s', 'parsec-canneal-2026-05-05-17h21m01s', 'parsec-streamcluster-2026-05-05-17h21m01s']
2026-05-05T15:22:31.968729+00:00 Scheduler heartbeat: launched_phases=['phase-01', 'phase-03'] pending_phases=['phase-02', 'phase-04', 'phase-05', 'phase-06'] completed_jobs=[] running_jobs=['parsec-barnes-2026-05-05-17h21m01s', 'parsec-canneal-2026-05-05-17h21m01s', 'parsec-streamcluster-2026-05-05-17h21m01s']
2026-05-05T15:22:50.589280+00:00 Scheduler heartbeat: launched_phases=['phase-01', 'phase-03'] pending_phases=['phase-02', 'phase-04', 'phase-05', 'phase-06'] completed_jobs=[] running_jobs=['parsec-barnes-2026-05-05-17h21m01s', 'parsec-canneal-2026-05-05-17h21m01s', 'parsec-streamcluster-2026-05-05-17h21m01s']
2026-05-05T15:23:06.655943+00:00 Scheduler heartbeat: launched_phases=['phase-01', 'phase-03'] pending_phases=['phase-02', 'phase-04', 'phase-05', 'phase-06'] completed_jobs=[] running_jobs=['parsec-barnes-2026-05-05-17h21m01s', 'parsec-canneal-2026-05-05-17h21m01s', 'parsec-streamcluster-2026-05-05-17h21m01s']
2026-05-05T15:23:19.243908+00:00 Job completed: parsec-barnes-2026-05-05-17h21m01s
2026-05-05T15:23:19.244137+00:00 Phase dependency satisfied for phase-04: barnes
2026-05-05T15:23:19.244184+00:00 Launching phase phase-04: freqmine
2026-05-05T15:23:24.633460+00:00 Scheduler heartbeat: launched_phases=['phase-01', 'phase-03', 'phase-04'] pending_phases=['phase-02', 'phase-05', 'phase-06'] completed_jobs=['barnes'] running_jobs=['parsec-canneal-2026-05-05-17h21m01s', 'parsec-freqmine-2026-05-05-17h21m01s', 'parsec-streamcluster-2026-05-05-17h21m01s']
2026-05-05T15:23:40.582863+00:00 Scheduler heartbeat: launched_phases=['phase-01', 'phase-03', 'phase-04'] pending_phases=['phase-02', 'phase-05', 'phase-06'] completed_jobs=['barnes'] running_jobs=['parsec-canneal-2026-05-05-17h21m01s', 'parsec-freqmine-2026-05-05-17h21m01s', 'parsec-streamcluster-2026-05-05-17h21m01s']
2026-05-05T15:23:59.349219+00:00 Scheduler heartbeat: launched_phases=['phase-01', 'phase-03', 'phase-04'] pending_phases=['phase-02', 'phase-05', 'phase-06'] completed_jobs=['barnes'] running_jobs=['parsec-canneal-2026-05-05-17h21m01s', 'parsec-freqmine-2026-05-05-17h21m01s', 'parsec-streamcluster-2026-05-05-17h21m01s']
2026-05-05T15:24:15.052586+00:00 Job completed: parsec-canneal-2026-05-05-17h21m01s
2026-05-05T15:24:15.052738+00:00 Phase dependency satisfied for phase-02: canneal
2026-05-05T15:24:15.052760+00:00 Launching phase phase-02: blackscholes
2026-05-05T15:24:15.523229+00:00 Scheduler heartbeat: launched_phases=['phase-01', 'phase-02', 'phase-03', 'phase-04'] pending_phases=['phase-05', 'phase-06'] completed_jobs=['barnes', 'canneal'] running_jobs=['parsec-blackscholes-2026-05-05-17h21m01s', 'parsec-freqmine-2026-05-05-17h21m01s', 'parsec-streamcluster-2026-05-05-17h21m01s']
2026-05-05T15:24:34.366565+00:00 Scheduler heartbeat: launched_phases=['phase-01', 'phase-02', 'phase-03', 'phase-04'] pending_phases=['phase-05', 'phase-06'] completed_jobs=['barnes', 'canneal'] running_jobs=['parsec-blackscholes-2026-05-05-17h21m01s', 'parsec-freqmine-2026-05-05-17h21m01s', 'parsec-streamcluster-2026-05-05-17h21m01s']
2026-05-05T15:24:50.099077+00:00 Scheduler heartbeat: launched_phases=['phase-01', 'phase-02', 'phase-03', 'phase-04'] pending_phases=['phase-05', 'phase-06'] completed_jobs=['barnes', 'canneal'] running_jobs=['parsec-blackscholes-2026-05-05-17h21m01s', 'parsec-freqmine-2026-05-05-17h21m01s', 'parsec-streamcluster-2026-05-05-17h21m01s']
2026-05-05T15:24:53.760968+00:00 Job completed: parsec-streamcluster-2026-05-05-17h21m01s
2026-05-05T15:24:53.761125+00:00 Phase dependency satisfied for phase-05: streamcluster
2026-05-05T15:24:53.761145+00:00 Launching phase phase-05: vips
2026-05-05T15:25:08.460230+00:00 Scheduler heartbeat: launched_phases=['phase-01', 'phase-02', 'phase-03', 'phase-04', 'phase-05'] pending_phases=['phase-06'] completed_jobs=['barnes', 'canneal', 'streamcluster'] running_jobs=['parsec-blackscholes-2026-05-05-17h21m01s', 'parsec-freqmine-2026-05-05-17h21m01s', 'parsec-vips-2026-05-05-17h21m01s']
2026-05-05T15:25:14.492836+00:00 Job completed: parsec-blackscholes-2026-05-05-17h21m01s
2026-05-05T15:25:24.304720+00:00 Scheduler heartbeat: launched_phases=['phase-01', 'phase-02', 'phase-03', 'phase-04', 'phase-05'] pending_phases=['phase-06'] completed_jobs=['barnes', 'blackscholes', 'canneal', 'streamcluster'] running_jobs=['parsec-freqmine-2026-05-05-17h21m01s', 'parsec-vips-2026-05-05-17h21m01s']
2026-05-05T15:25:27.921926+00:00 Job completed: parsec-freqmine-2026-05-05-17h21m01s
2026-05-05T15:25:27.922079+00:00 Phase dependency satisfied for phase-06: freqmine
2026-05-05T15:25:27.922098+00:00 Launching phase phase-06: radix
2026-05-05T15:25:29.619675+00:00 Job completed: parsec-vips-2026-05-05-17h21m01s
2026-05-05T15:25:42.286091+00:00 Scheduler heartbeat: launched_phases=['phase-01', 'phase-02', 'phase-03', 'phase-04', 'phase-05', 'phase-06'] pending_phases=[] completed_jobs=['barnes', 'blackscholes', 'canneal', 'freqmine', 'streamcluster', 'vips'] running_jobs=['parsec-radix-2026-05-05-17h21m01s']
2026-05-05T15:25:44.739488+00:00 Job completed: parsec-radix-2026-05-05-17h21m01s
2026-05-05T15:25:44.739725+00:00 All batch jobs completed; capturing results.json and stopping mcperf
2026-05-05T15:25:44.739798+00:00 Waiting briefly for final pod termination metadata
2026-05-05T15:25:45.198207+00:00 Stopping mcperf measurement wrapper on client-measure-1lr0 with SIGINT
2026-05-05T15:25:57.540456+00:00 mcperf is still running on client-measure-1lr0 after SIGINT; escalating to SIGTERM
2026-05-05T15:25:59.893807+00:00 Summarizing run from captured pod snapshot and mcperf output
2026-05-05T15:25:59.895731+00:00 Run completed with status pass makespan=205.0 max_p95_us=384.0
2026-05-05T15:25:59.998924+00:00 Runtime stats refreshed: /home/carti/ETH/Msc/CCA/risultatiPart3/Matte/automation/runs/runtime_stats.json samples=350 eligible_runs=50
