2026-05-05T13:40:02.016445+00:00 Run directory prepared: /home/carti/ETH/Msc/CCA/risultatiPart3/Matte/automation/runs/part3-handcrafted/2026-05-05-15h40m02s
2026-05-05T13:40:02.016510+00:00 Rendered 8 manifests into /home/carti/ETH/Msc/CCA/risultatiPart3/Matte/automation/runs/part3-handcrafted/2026-05-05-15h40m02s/rendered_manifests
2026-05-05T13:40:02.016544+00:00 Cleaning previous managed workloads
2026-05-05T13:40:34.180055+00:00 Ensuring canonical node labels and checking client provisioning
2026-05-05T13:40:43.493304+00:00 Applying memcached manifest
2026-05-05T13:40:46.782402+00:00 Capturing benchmark node CPU platforms
2026-05-05T13:40:49.523057+00:00 Benchmark node CPU platform capture complete: node-a-8core=e2-standard-8/AMD Rome, node-b-4core=n2d-highcpu-4/AMD Milan
2026-05-05T13:40:49.523397+00:00 Restarting mcperf-agent.service on client-agent-a (client-agent-a-7cmp)
2026-05-05T13:40:54.467006+00:00 mcperf-agent.service active on client-agent-a (client-agent-a-7cmp)
2026-05-05T13:40:54.467285+00:00 Restarting mcperf-agent.service on client-agent-b (client-agent-b-67sh)
2026-05-05T13:41:03.314172+00:00 mcperf-agent.service active on client-agent-b (client-agent-b-67sh)
2026-05-05T13:41:03.314305+00:00 Starting measurement against memcached IP 100.96.6.20
2026-05-05T13:41:03.592747+00:00 Waiting for first mcperf measurement sample
2026-05-05T13:41:08.593601+00:00 mcperf measurement header observed
2026-05-05T13:41:19.087919+00:00 mcperf measurement sample observed
2026-05-05T13:41:19.087980+00:00 mcperf measurement is live
2026-05-05T13:41:19.088252+00:00 Starting phase scheduler
2026-05-05T13:41:19.308084+00:00 Phase dependency satisfied for phase-01: start
2026-05-05T13:41:19.308362+00:00 Phase dependency satisfied for phase-03: start
2026-05-05T13:41:19.308649+00:00 Phase dependency satisfied for phase-05: start
2026-05-05T13:41:19.308687+00:00 Launching phase phase-01: canneal
2026-05-05T13:41:19.605953+00:00 Launching phase phase-03: streamcluster
2026-05-05T13:41:19.898730+00:00 Launching phase phase-05: freqmine
2026-05-05T13:41:20.378391+00:00 Scheduler heartbeat: launched_phases=['phase-01', 'phase-03', 'phase-05'] pending_phases=['phase-02', 'phase-04', 'phase-06', 'phase-07'] completed_jobs=[] running_jobs=['parsec-canneal-2026-05-05-15h40m02s', 'parsec-freqmine-2026-05-05-15h40m02s', 'parsec-streamcluster-2026-05-05-15h40m02s']
2026-05-05T13:41:39.600326+00:00 Scheduler heartbeat: launched_phases=['phase-01', 'phase-03', 'phase-05'] pending_phases=['phase-02', 'phase-04', 'phase-06', 'phase-07'] completed_jobs=[] running_jobs=['parsec-canneal-2026-05-05-15h40m02s', 'parsec-freqmine-2026-05-05-15h40m02s', 'parsec-streamcluster-2026-05-05-15h40m02s']
2026-05-05T13:41:55.414949+00:00 Scheduler heartbeat: launched_phases=['phase-01', 'phase-03', 'phase-05'] pending_phases=['phase-02', 'phase-04', 'phase-06', 'phase-07'] completed_jobs=[] running_jobs=['parsec-canneal-2026-05-05-15h40m02s', 'parsec-freqmine-2026-05-05-15h40m02s', 'parsec-streamcluster-2026-05-05-15h40m02s']
2026-05-05T13:42:14.765178+00:00 Scheduler heartbeat: launched_phases=['phase-01', 'phase-03', 'phase-05'] pending_phases=['phase-02', 'phase-04', 'phase-06', 'phase-07'] completed_jobs=[] running_jobs=['parsec-canneal-2026-05-05-15h40m02s', 'parsec-freqmine-2026-05-05-15h40m02s', 'parsec-streamcluster-2026-05-05-15h40m02s']
2026-05-05T13:42:30.378048+00:00 Scheduler heartbeat: launched_phases=['phase-01', 'phase-03', 'phase-05'] pending_phases=['phase-02', 'phase-04', 'phase-06', 'phase-07'] completed_jobs=[] running_jobs=['parsec-canneal-2026-05-05-15h40m02s', 'parsec-freqmine-2026-05-05-15h40m02s', 'parsec-streamcluster-2026-05-05-15h40m02s']
2026-05-05T13:42:49.867008+00:00 Scheduler heartbeat: launched_phases=['phase-01', 'phase-03', 'phase-05'] pending_phases=['phase-02', 'phase-04', 'phase-06', 'phase-07'] completed_jobs=[] running_jobs=['parsec-canneal-2026-05-05-15h40m02s', 'parsec-freqmine-2026-05-05-15h40m02s', 'parsec-streamcluster-2026-05-05-15h40m02s']
2026-05-05T13:43:05.782630+00:00 Scheduler heartbeat: launched_phases=['phase-01', 'phase-03', 'phase-05'] pending_phases=['phase-02', 'phase-04', 'phase-06', 'phase-07'] completed_jobs=[] running_jobs=['parsec-canneal-2026-05-05-15h40m02s', 'parsec-freqmine-2026-05-05-15h40m02s', 'parsec-streamcluster-2026-05-05-15h40m02s']
2026-05-05T13:43:17.784404+00:00 Job completed: parsec-canneal-2026-05-05-15h40m02s
2026-05-05T13:43:17.784663+00:00 Phase dependency satisfied for phase-02: canneal
2026-05-05T13:43:17.784800+00:00 Launching phase phase-02: barnes
2026-05-05T13:43:25.484320+00:00 Scheduler heartbeat: launched_phases=['phase-01', 'phase-02', 'phase-03', 'phase-05'] pending_phases=['phase-04', 'phase-06', 'phase-07'] completed_jobs=['canneal'] running_jobs=['parsec-barnes-2026-05-05-15h40m02s', 'parsec-freqmine-2026-05-05-15h40m02s', 'parsec-streamcluster-2026-05-05-15h40m02s']
2026-05-05T13:43:30.302744+00:00 Job completed: parsec-freqmine-2026-05-05-15h40m02s
2026-05-05T13:43:30.302862+00:00 Phase dependency satisfied for phase-06: freqmine
2026-05-05T13:43:30.302880+00:00 Launching phase phase-06: vips
2026-05-05T13:43:40.526335+00:00 Scheduler heartbeat: launched_phases=['phase-01', 'phase-02', 'phase-03', 'phase-05', 'phase-06'] pending_phases=['phase-04', 'phase-07'] completed_jobs=['canneal', 'freqmine'] running_jobs=['parsec-barnes-2026-05-05-15h40m02s', 'parsec-streamcluster-2026-05-05-15h40m02s', 'parsec-vips-2026-05-05-15h40m02s']
2026-05-05T13:43:59.812011+00:00 Scheduler heartbeat: launched_phases=['phase-01', 'phase-02', 'phase-03', 'phase-05', 'phase-06'] pending_phases=['phase-04', 'phase-07'] completed_jobs=['canneal', 'freqmine'] running_jobs=['parsec-barnes-2026-05-05-15h40m02s', 'parsec-streamcluster-2026-05-05-15h40m02s', 'parsec-vips-2026-05-05-15h40m02s']
2026-05-05T13:44:14.194232+00:00 Job completed: parsec-vips-2026-05-05-15h40m02s
2026-05-05T13:44:14.194390+00:00 Phase dependency satisfied for phase-07: vips
2026-05-05T13:44:14.194409+00:00 Launching phase phase-07: blackscholes
2026-05-05T13:44:15.808454+00:00 Scheduler heartbeat: launched_phases=['phase-01', 'phase-02', 'phase-03', 'phase-05', 'phase-06', 'phase-07'] pending_phases=['phase-04'] completed_jobs=['canneal', 'freqmine', 'vips'] running_jobs=['parsec-barnes-2026-05-05-15h40m02s', 'parsec-blackscholes-2026-05-05-15h40m02s', 'parsec-streamcluster-2026-05-05-15h40m02s']
2026-05-05T13:44:26.638376+00:00 Job completed: parsec-barnes-2026-05-05-15h40m02s
2026-05-05T13:44:35.024235+00:00 Scheduler heartbeat: launched_phases=['phase-01', 'phase-02', 'phase-03', 'phase-05', 'phase-06', 'phase-07'] pending_phases=['phase-04'] completed_jobs=['barnes', 'canneal', 'freqmine', 'vips'] running_jobs=['parsec-blackscholes-2026-05-05-15h40m02s', 'parsec-streamcluster-2026-05-05-15h40m02s']
2026-05-05T13:44:50.640629+00:00 Scheduler heartbeat: launched_phases=['phase-01', 'phase-02', 'phase-03', 'phase-05', 'phase-06', 'phase-07'] pending_phases=['phase-04'] completed_jobs=['barnes', 'canneal', 'freqmine', 'vips'] running_jobs=['parsec-blackscholes-2026-05-05-15h40m02s', 'parsec-streamcluster-2026-05-05-15h40m02s']
2026-05-05T13:44:51.820552+00:00 Job completed: parsec-streamcluster-2026-05-05-15h40m02s
2026-05-05T13:44:51.820676+00:00 Phase dependency satisfied for phase-04: streamcluster
2026-05-05T13:44:51.820694+00:00 Launching phase phase-04: radix
2026-05-05T13:45:03.046425+00:00 Job completed: parsec-blackscholes-2026-05-05-15h40m02s
2026-05-05T13:45:05.485162+00:00 Job completed: parsec-radix-2026-05-05-15h40m02s
2026-05-05T13:45:05.485424+00:00 All batch jobs completed; capturing results.json and stopping mcperf
2026-05-05T13:45:05.485586+00:00 Waiting briefly for final pod termination metadata
2026-05-05T13:45:05.948344+00:00 Stopping mcperf measurement wrapper on client-measure-1lr0 with SIGINT
2026-05-05T13:45:21.902226+00:00 mcperf is still running on client-measure-1lr0 after SIGINT; escalating to SIGTERM
2026-05-05T13:45:24.082126+00:00 Summarizing run from captured pod snapshot and mcperf output
2026-05-05T13:45:24.084512+00:00 Run completed with status pass makespan=223.0 max_p95_us=380.2
2026-05-05T13:45:24.203507+00:00 Runtime stats refreshed: /home/carti/ETH/Msc/CCA/risultatiPart3/Matte/automation/runs/runtime_stats.json samples=287 eligible_runs=41
