2026-05-09T12:46:26.755037+00:00 Run directory prepared: /home/carti/ETH/Msc/CCA/risultatiPart3/Matte/automation/runs/part3-PartA/2026-05-09-14h46m26s
2026-05-09T12:46:26.755192+00:00 Rendered 8 manifests into /home/carti/ETH/Msc/CCA/risultatiPart3/Matte/automation/runs/part3-PartA/2026-05-09-14h46m26s/rendered_manifests
2026-05-09T12:46:26.755224+00:00 Cleaning previous managed workloads
2026-05-09T12:47:00.427736+00:00 Ensuring canonical node labels and checking client provisioning
2026-05-09T12:47:15.380593+00:00 Applying memcached manifest
2026-05-09T12:47:19.652306+00:00 Capturing benchmark node CPU platforms
2026-05-09T12:47:24.397848+00:00 Benchmark node CPU platform capture complete: node-a-8core=e2-standard-8/AMD Rome, node-b-4core=n2d-highcpu-4/AMD Milan
2026-05-09T12:47:24.399720+00:00 Restarting mcperf-agent.service on client-agent-a (client-agent-a-1p0l)
2026-05-09T12:47:32.084345+00:00 mcperf-agent.service active on client-agent-a (client-agent-a-1p0l)
2026-05-09T12:47:32.084809+00:00 Restarting mcperf-agent.service on client-agent-b (client-agent-b-j3kd)
2026-05-09T12:47:39.580107+00:00 mcperf-agent.service active on client-agent-b (client-agent-b-j3kd)
2026-05-09T12:47:39.580600+00:00 Starting measurement against memcached IP 100.96.4.19
2026-05-09T12:47:40.486568+00:00 Waiting for first mcperf measurement sample
2026-05-09T12:47:47.581099+00:00 mcperf measurement header observed
2026-05-09T12:47:59.181586+00:00 mcperf measurement sample observed
2026-05-09T12:47:59.182248+00:00 mcperf measurement is live
2026-05-09T12:47:59.182351+00:00 Starting phase scheduler
2026-05-09T12:47:59.855086+00:00 Phase dependency satisfied for phase-01: start
2026-05-09T12:47:59.855383+00:00 Phase dependency satisfied for phase-04: start
2026-05-09T12:47:59.855438+00:00 Phase dependency satisfied for phase-06: start
2026-05-09T12:47:59.855635+00:00 Launching phase phase-01: canneal
2026-05-09T12:48:00.630236+00:00 Launching phase phase-04: streamcluster
2026-05-09T12:48:01.378117+00:00 Launching phase phase-06: freqmine
2026-05-09T12:48:06.017459+00:00 Scheduler heartbeat: launched_phases=['phase-01', 'phase-04', 'phase-06'] pending_phases=['phase-02', 'phase-03', 'phase-05', 'phase-07'] completed_jobs=[] running_jobs=['parsec-canneal-2026-05-09-14h46m26s', 'parsec-freqmine-2026-05-09-14h46m26s', 'parsec-streamcluster-2026-05-09-14h46m26s']
2026-05-09T12:48:22.096147+00:00 Scheduler heartbeat: launched_phases=['phase-01', 'phase-04', 'phase-06'] pending_phases=['phase-02', 'phase-03', 'phase-05', 'phase-07'] completed_jobs=[] running_jobs=['parsec-canneal-2026-05-09-14h46m26s', 'parsec-freqmine-2026-05-09-14h46m26s', 'parsec-streamcluster-2026-05-09-14h46m26s']
2026-05-09T12:48:37.489291+00:00 Scheduler heartbeat: launched_phases=['phase-01', 'phase-04', 'phase-06'] pending_phases=['phase-02', 'phase-03', 'phase-05', 'phase-07'] completed_jobs=[] running_jobs=['parsec-canneal-2026-05-09-14h46m26s', 'parsec-freqmine-2026-05-09-14h46m26s', 'parsec-streamcluster-2026-05-09-14h46m26s']
2026-05-09T12:48:53.861003+00:00 Scheduler heartbeat: launched_phases=['phase-01', 'phase-04', 'phase-06'] pending_phases=['phase-02', 'phase-03', 'phase-05', 'phase-07'] completed_jobs=[] running_jobs=['parsec-canneal-2026-05-09-14h46m26s', 'parsec-freqmine-2026-05-09-14h46m26s', 'parsec-streamcluster-2026-05-09-14h46m26s']
2026-05-09T12:49:10.092519+00:00 Scheduler heartbeat: launched_phases=['phase-01', 'phase-04', 'phase-06'] pending_phases=['phase-02', 'phase-03', 'phase-05', 'phase-07'] completed_jobs=[] running_jobs=['parsec-canneal-2026-05-09-14h46m26s', 'parsec-freqmine-2026-05-09-14h46m26s', 'parsec-streamcluster-2026-05-09-14h46m26s']
2026-05-09T12:49:26.618329+00:00 Scheduler heartbeat: launched_phases=['phase-01', 'phase-04', 'phase-06'] pending_phases=['phase-02', 'phase-03', 'phase-05', 'phase-07'] completed_jobs=[] running_jobs=['parsec-canneal-2026-05-09-14h46m26s', 'parsec-freqmine-2026-05-09-14h46m26s', 'parsec-streamcluster-2026-05-09-14h46m26s']
2026-05-09T12:49:42.516171+00:00 Scheduler heartbeat: launched_phases=['phase-01', 'phase-04', 'phase-06'] pending_phases=['phase-02', 'phase-03', 'phase-05', 'phase-07'] completed_jobs=[] running_jobs=['parsec-canneal-2026-05-09-14h46m26s', 'parsec-freqmine-2026-05-09-14h46m26s', 'parsec-streamcluster-2026-05-09-14h46m26s']
2026-05-09T12:49:57.022523+00:00 Job completed: parsec-canneal-2026-05-09-14h46m26s
2026-05-09T12:49:57.023217+00:00 Phase dependency satisfied for phase-02: canneal
2026-05-09T12:49:57.023479+00:00 Launching phase phase-02: blackscholes
2026-05-09T12:49:58.646262+00:00 Scheduler heartbeat: launched_phases=['phase-01', 'phase-02', 'phase-04', 'phase-06'] pending_phases=['phase-03', 'phase-05', 'phase-07'] completed_jobs=['canneal'] running_jobs=['parsec-blackscholes-2026-05-09-14h46m26s', 'parsec-freqmine-2026-05-09-14h46m26s', 'parsec-streamcluster-2026-05-09-14h46m26s']
2026-05-09T12:50:10.179385+00:00 Job completed: parsec-freqmine-2026-05-09-14h46m26s
2026-05-09T12:50:10.179784+00:00 Phase dependency satisfied for phase-07: freqmine
2026-05-09T12:50:10.179902+00:00 Launching phase phase-07: barnes
2026-05-09T12:50:14.781589+00:00 Scheduler heartbeat: launched_phases=['phase-01', 'phase-02', 'phase-04', 'phase-06', 'phase-07'] pending_phases=['phase-03', 'phase-05'] completed_jobs=['canneal', 'freqmine'] running_jobs=['parsec-barnes-2026-05-09-14h46m26s', 'parsec-blackscholes-2026-05-09-14h46m26s', 'parsec-streamcluster-2026-05-09-14h46m26s']
2026-05-09T12:50:31.165548+00:00 Scheduler heartbeat: launched_phases=['phase-01', 'phase-02', 'phase-04', 'phase-06', 'phase-07'] pending_phases=['phase-03', 'phase-05'] completed_jobs=['canneal', 'freqmine'] running_jobs=['parsec-barnes-2026-05-09-14h46m26s', 'parsec-blackscholes-2026-05-09-14h46m26s', 'parsec-streamcluster-2026-05-09-14h46m26s']
2026-05-09T12:50:46.850842+00:00 Scheduler heartbeat: launched_phases=['phase-01', 'phase-02', 'phase-04', 'phase-06', 'phase-07'] pending_phases=['phase-03', 'phase-05'] completed_jobs=['canneal', 'freqmine'] running_jobs=['parsec-barnes-2026-05-09-14h46m26s', 'parsec-blackscholes-2026-05-09-14h46m26s', 'parsec-streamcluster-2026-05-09-14h46m26s']
2026-05-09T12:51:00.378675+00:00 Job completed: parsec-blackscholes-2026-05-09-14h46m26s
2026-05-09T12:51:00.379462+00:00 Phase dependency satisfied for phase-03: blackscholes
2026-05-09T12:51:00.379642+00:00 Launching phase phase-03: vips
2026-05-09T12:51:03.280536+00:00 Scheduler heartbeat: launched_phases=['phase-01', 'phase-02', 'phase-03', 'phase-04', 'phase-06', 'phase-07'] pending_phases=['phase-05'] completed_jobs=['blackscholes', 'canneal', 'freqmine'] running_jobs=['parsec-barnes-2026-05-09-14h46m26s', 'parsec-streamcluster-2026-05-09-14h46m26s', 'parsec-vips-2026-05-09-14h46m26s']
2026-05-09T12:51:09.890101+00:00 Job completed: parsec-barnes-2026-05-09-14h46m26s
2026-05-09T12:51:09.890475+00:00 Phase dependency satisfied for phase-05: barnes
2026-05-09T12:51:09.890549+00:00 Launching phase phase-05: radix
2026-05-09T12:51:17.693847+00:00 Job completed: parsec-streamcluster-2026-05-09-14h46m26s
2026-05-09T12:51:19.322920+00:00 Scheduler heartbeat: launched_phases=['phase-01', 'phase-02', 'phase-03', 'phase-04', 'phase-05', 'phase-06', 'phase-07'] pending_phases=[] completed_jobs=['barnes', 'blackscholes', 'canneal', 'freqmine', 'streamcluster'] running_jobs=['parsec-radix-2026-05-09-14h46m26s', 'parsec-vips-2026-05-09-14h46m26s']
2026-05-09T12:51:24.263710+00:00 Job completed: parsec-radix-2026-05-09-14h46m26s
2026-05-09T12:51:35.975499+00:00 Scheduler heartbeat: launched_phases=['phase-01', 'phase-02', 'phase-03', 'phase-04', 'phase-05', 'phase-06', 'phase-07'] pending_phases=[] completed_jobs=['barnes', 'blackscholes', 'canneal', 'freqmine', 'radix', 'streamcluster'] running_jobs=['parsec-vips-2026-05-09-14h46m26s']
2026-05-09T12:51:51.050562+00:00 Scheduler heartbeat: launched_phases=['phase-01', 'phase-02', 'phase-03', 'phase-04', 'phase-05', 'phase-06', 'phase-07'] pending_phases=[] completed_jobs=['barnes', 'blackscholes', 'canneal', 'freqmine', 'radix', 'streamcluster'] running_jobs=['parsec-vips-2026-05-09-14h46m26s']
2026-05-09T12:52:06.139137+00:00 Scheduler heartbeat: launched_phases=['phase-01', 'phase-02', 'phase-03', 'phase-04', 'phase-05', 'phase-06', 'phase-07'] pending_phases=[] completed_jobs=['barnes', 'blackscholes', 'canneal', 'freqmine', 'radix', 'streamcluster'] running_jobs=['parsec-vips-2026-05-09-14h46m26s']
2026-05-09T12:52:15.700079+00:00 Job completed: parsec-vips-2026-05-09-14h46m26s
2026-05-09T12:52:15.700619+00:00 All batch jobs completed; capturing results.json and stopping mcperf
2026-05-09T12:52:15.700701+00:00 Waiting briefly for final pod termination metadata
2026-05-09T12:52:16.780474+00:00 Stopping mcperf measurement wrapper on client-measure-qsfk with SIGINT
2026-05-09T12:52:30.747230+00:00 mcperf is still running on client-measure-qsfk after SIGINT; escalating to SIGTERM
2026-05-09T12:52:35.266639+00:00 Summarizing run from captured pod snapshot and mcperf output
2026-05-09T12:52:35.269362+00:00 Run completed with status pass makespan=250.0 max_p95_us=416.9
2026-05-09T12:52:35.528241+00:00 Runtime stats refreshed: /home/carti/ETH/Msc/CCA/risultatiPart3/Matte/automation/runs/runtime_stats.json samples=483 eligible_runs=69
