2026-05-09T14:12:47.771422+00:00 Run directory prepared: /home/carti/ETH/Msc/CCA/risultatiPart3/Matte/automation/runs/part3-PartB/2026-05-09-16h12m47s
2026-05-09T14:12:47.771515+00:00 Rendered 8 manifests into /home/carti/ETH/Msc/CCA/risultatiPart3/Matte/automation/runs/part3-PartB/2026-05-09-16h12m47s/rendered_manifests
2026-05-09T14:12:47.771534+00:00 Cleaning previous managed workloads
2026-05-09T14:13:20.920813+00:00 Ensuring canonical node labels and checking client provisioning
2026-05-09T14:13:31.287118+00:00 Applying memcached manifest
2026-05-09T14:13:34.995831+00:00 Capturing benchmark node CPU platforms
2026-05-09T14:13:37.841314+00:00 Benchmark node CPU platform capture complete: node-a-8core=e2-standard-8/AMD Rome, node-b-4core=n2d-highcpu-4/AMD Milan
2026-05-09T14:13:37.842326+00:00 Restarting mcperf-agent.service on client-agent-a (client-agent-a-1p0l)
2026-05-09T14:13:43.629490+00:00 mcperf-agent.service active on client-agent-a (client-agent-a-1p0l)
2026-05-09T14:13:43.629768+00:00 Restarting mcperf-agent.service on client-agent-b (client-agent-b-j3kd)
2026-05-09T14:13:48.887497+00:00 mcperf-agent.service active on client-agent-b (client-agent-b-j3kd)
2026-05-09T14:13:48.887668+00:00 Starting measurement against memcached IP 100.96.4.63
2026-05-09T14:13:49.274065+00:00 Waiting for first mcperf measurement sample
2026-05-09T14:13:55.155802+00:00 mcperf measurement header observed
2026-05-09T14:14:06.994042+00:00 mcperf measurement sample observed
2026-05-09T14:14:06.995355+00:00 mcperf measurement is live
2026-05-09T14:14:06.995933+00:00 Starting phase scheduler
2026-05-09T14:14:07.336940+00:00 Phase dependency satisfied for phase-01: start
2026-05-09T14:14:07.337276+00:00 Phase dependency satisfied for phase-04: start
2026-05-09T14:14:07.337392+00:00 Phase dependency satisfied for phase-06: start
2026-05-09T14:14:07.337461+00:00 Launching phase phase-01: canneal
2026-05-09T14:14:07.767944+00:00 Launching phase phase-04: streamcluster
2026-05-09T14:14:08.234109+00:00 Launching phase phase-06: freqmine
2026-05-09T14:14:09.045265+00:00 Scheduler heartbeat: launched_phases=['phase-01', 'phase-04', 'phase-06'] pending_phases=['phase-02', 'phase-03', 'phase-05', 'phase-07'] completed_jobs=[] running_jobs=['parsec-canneal-2026-05-09-16h12m47s', 'parsec-freqmine-2026-05-09-16h12m47s', 'parsec-streamcluster-2026-05-09-16h12m47s']
2026-05-09T14:14:25.412125+00:00 Scheduler heartbeat: launched_phases=['phase-01', 'phase-04', 'phase-06'] pending_phases=['phase-02', 'phase-03', 'phase-05', 'phase-07'] completed_jobs=[] running_jobs=['parsec-canneal-2026-05-09-16h12m47s', 'parsec-freqmine-2026-05-09-16h12m47s', 'parsec-streamcluster-2026-05-09-16h12m47s']
2026-05-09T14:14:41.753538+00:00 Scheduler heartbeat: launched_phases=['phase-01', 'phase-04', 'phase-06'] pending_phases=['phase-02', 'phase-03', 'phase-05', 'phase-07'] completed_jobs=[] running_jobs=['parsec-canneal-2026-05-09-16h12m47s', 'parsec-freqmine-2026-05-09-16h12m47s', 'parsec-streamcluster-2026-05-09-16h12m47s']
2026-05-09T14:14:57.715020+00:00 Scheduler heartbeat: launched_phases=['phase-01', 'phase-04', 'phase-06'] pending_phases=['phase-02', 'phase-03', 'phase-05', 'phase-07'] completed_jobs=[] running_jobs=['parsec-canneal-2026-05-09-16h12m47s', 'parsec-freqmine-2026-05-09-16h12m47s', 'parsec-streamcluster-2026-05-09-16h12m47s']
2026-05-09T14:15:14.042128+00:00 Scheduler heartbeat: launched_phases=['phase-01', 'phase-04', 'phase-06'] pending_phases=['phase-02', 'phase-03', 'phase-05', 'phase-07'] completed_jobs=[] running_jobs=['parsec-canneal-2026-05-09-16h12m47s', 'parsec-freqmine-2026-05-09-16h12m47s', 'parsec-streamcluster-2026-05-09-16h12m47s']
2026-05-09T14:15:30.062838+00:00 Scheduler heartbeat: launched_phases=['phase-01', 'phase-04', 'phase-06'] pending_phases=['phase-02', 'phase-03', 'phase-05', 'phase-07'] completed_jobs=[] running_jobs=['parsec-canneal-2026-05-09-16h12m47s', 'parsec-freqmine-2026-05-09-16h12m47s', 'parsec-streamcluster-2026-05-09-16h12m47s']
2026-05-09T14:15:45.128339+00:00 Scheduler heartbeat: launched_phases=['phase-01', 'phase-04', 'phase-06'] pending_phases=['phase-02', 'phase-03', 'phase-05', 'phase-07'] completed_jobs=[] running_jobs=['parsec-canneal-2026-05-09-16h12m47s', 'parsec-freqmine-2026-05-09-16h12m47s', 'parsec-streamcluster-2026-05-09-16h12m47s']
2026-05-09T14:16:01.291413+00:00 Job completed: parsec-canneal-2026-05-09-16h12m47s
2026-05-09T14:16:01.291966+00:00 Phase dependency satisfied for phase-02: canneal
2026-05-09T14:16:01.292106+00:00 Launching phase phase-02: blackscholes
2026-05-09T14:16:02.128778+00:00 Scheduler heartbeat: launched_phases=['phase-01', 'phase-02', 'phase-04', 'phase-06'] pending_phases=['phase-03', 'phase-05', 'phase-07'] completed_jobs=['canneal'] running_jobs=['parsec-blackscholes-2026-05-09-16h12m47s', 'parsec-freqmine-2026-05-09-16h12m47s', 'parsec-streamcluster-2026-05-09-16h12m47s']
2026-05-09T14:16:17.186019+00:00 Job completed: parsec-freqmine-2026-05-09-16h12m47s
2026-05-09T14:16:17.186330+00:00 Phase dependency satisfied for phase-07: freqmine
2026-05-09T14:16:17.186368+00:00 Launching phase phase-07: barnes
2026-05-09T14:16:17.925917+00:00 Scheduler heartbeat: launched_phases=['phase-01', 'phase-02', 'phase-04', 'phase-06', 'phase-07'] pending_phases=['phase-03', 'phase-05'] completed_jobs=['canneal', 'freqmine'] running_jobs=['parsec-barnes-2026-05-09-16h12m47s', 'parsec-blackscholes-2026-05-09-16h12m47s', 'parsec-streamcluster-2026-05-09-16h12m47s']
2026-05-09T14:16:34.216965+00:00 Scheduler heartbeat: launched_phases=['phase-01', 'phase-02', 'phase-04', 'phase-06', 'phase-07'] pending_phases=['phase-03', 'phase-05'] completed_jobs=['canneal', 'freqmine'] running_jobs=['parsec-barnes-2026-05-09-16h12m47s', 'parsec-blackscholes-2026-05-09-16h12m47s', 'parsec-streamcluster-2026-05-09-16h12m47s']
2026-05-09T14:16:50.518114+00:00 Scheduler heartbeat: launched_phases=['phase-01', 'phase-02', 'phase-04', 'phase-06', 'phase-07'] pending_phases=['phase-03', 'phase-05'] completed_jobs=['canneal', 'freqmine'] running_jobs=['parsec-barnes-2026-05-09-16h12m47s', 'parsec-blackscholes-2026-05-09-16h12m47s', 'parsec-streamcluster-2026-05-09-16h12m47s']
2026-05-09T14:16:59.973440+00:00 Job completed: parsec-blackscholes-2026-05-09-16h12m47s
2026-05-09T14:16:59.974013+00:00 Phase dependency satisfied for phase-03: blackscholes
2026-05-09T14:16:59.974196+00:00 Launching phase phase-03: vips
2026-05-09T14:17:06.165827+00:00 Scheduler heartbeat: launched_phases=['phase-01', 'phase-02', 'phase-03', 'phase-04', 'phase-06', 'phase-07'] pending_phases=['phase-05'] completed_jobs=['blackscholes', 'canneal', 'freqmine'] running_jobs=['parsec-barnes-2026-05-09-16h12m47s', 'parsec-streamcluster-2026-05-09-16h12m47s', 'parsec-vips-2026-05-09-16h12m47s']
2026-05-09T14:17:17.381336+00:00 Job completed: parsec-barnes-2026-05-09-16h12m47s
2026-05-09T14:17:17.381767+00:00 Phase dependency satisfied for phase-05: barnes
2026-05-09T14:17:17.381869+00:00 Launching phase phase-05: radix
2026-05-09T14:17:22.198136+00:00 Scheduler heartbeat: launched_phases=['phase-01', 'phase-02', 'phase-03', 'phase-04', 'phase-05', 'phase-06', 'phase-07'] pending_phases=[] completed_jobs=['barnes', 'blackscholes', 'canneal', 'freqmine'] running_jobs=['parsec-radix-2026-05-09-16h12m47s', 'parsec-streamcluster-2026-05-09-16h12m47s', 'parsec-vips-2026-05-09-16h12m47s']
2026-05-09T14:17:33.100239+00:00 Job completed: parsec-radix-2026-05-09-16h12m47s
2026-05-09T14:17:38.467120+00:00 Scheduler heartbeat: launched_phases=['phase-01', 'phase-02', 'phase-03', 'phase-04', 'phase-05', 'phase-06', 'phase-07'] pending_phases=[] completed_jobs=['barnes', 'blackscholes', 'canneal', 'freqmine', 'radix'] running_jobs=['parsec-streamcluster-2026-05-09-16h12m47s', 'parsec-vips-2026-05-09-16h12m47s']
2026-05-09T14:17:42.968089+00:00 Job completed: parsec-streamcluster-2026-05-09-16h12m47s
2026-05-09T14:17:53.911584+00:00 Scheduler heartbeat: launched_phases=['phase-01', 'phase-02', 'phase-03', 'phase-04', 'phase-05', 'phase-06', 'phase-07'] pending_phases=[] completed_jobs=['barnes', 'blackscholes', 'canneal', 'freqmine', 'radix', 'streamcluster'] running_jobs=['parsec-vips-2026-05-09-16h12m47s']
2026-05-09T14:18:07.655415+00:00 Job completed: parsec-vips-2026-05-09-16h12m47s
2026-05-09T14:18:07.655854+00:00 All batch jobs completed; capturing results.json and stopping mcperf
2026-05-09T14:18:07.655988+00:00 Waiting briefly for final pod termination metadata
2026-05-09T14:18:08.514376+00:00 Stopping mcperf measurement wrapper on client-measure-qsfk with SIGINT
2026-05-09T14:18:21.615460+00:00 mcperf is still running on client-measure-qsfk after SIGINT; escalating to SIGTERM
2026-05-09T14:18:24.188753+00:00 Summarizing run from captured pod snapshot and mcperf output
2026-05-09T14:18:24.189924+00:00 Run completed with status pass makespan=235.0 max_p95_us=454.6
2026-05-09T14:18:24.346881+00:00 Runtime stats refreshed: /home/carti/ETH/Msc/CCA/risultatiPart3/Matte/automation/runs/runtime_stats.json samples=567 eligible_runs=81
