2026-05-09T12:20:46.720577+00:00 Run directory prepared: /home/carti/ETH/Msc/CCA/risultatiPart3/Matte/automation/runs/part3-PartA/2026-05-09-14h20m46s
2026-05-09T12:20:46.720682+00:00 Rendered 8 manifests into /home/carti/ETH/Msc/CCA/risultatiPart3/Matte/automation/runs/part3-PartA/2026-05-09-14h20m46s/rendered_manifests
2026-05-09T12:20:46.720751+00:00 Cleaning previous managed workloads
2026-05-09T12:20:49.255976+00:00 Ensuring canonical node labels and checking client provisioning
2026-05-09T12:21:02.341069+00:00 Pre-caching 8 images on benchmark nodes via 2 transient pod(s)
2026-05-09T12:22:49.436136+00:00 Pre-cache pods completed successfully
2026-05-09T12:22:51.143433+00:00 Pre-cache pods deleted
2026-05-09T12:22:51.143816+00:00 Applying memcached manifest
2026-05-09T12:22:55.394630+00:00 Capturing benchmark node CPU platforms
2026-05-09T12:23:00.052510+00:00 Benchmark node CPU platform capture complete: node-a-8core=e2-standard-8/AMD Rome, node-b-4core=n2d-highcpu-4/AMD Milan
2026-05-09T12:23:00.053506+00:00 Restarting mcperf-agent.service on client-agent-a (client-agent-a-1p0l)
2026-05-09T12:23:09.450352+00:00 mcperf-agent.service active on client-agent-a (client-agent-a-1p0l)
2026-05-09T12:23:09.450794+00:00 Restarting mcperf-agent.service on client-agent-b (client-agent-b-j3kd)
2026-05-09T12:23:17.807874+00:00 mcperf-agent.service active on client-agent-b (client-agent-b-j3kd)
2026-05-09T12:23:17.808188+00:00 Starting measurement against memcached IP 100.96.4.3
2026-05-09T12:23:18.596905+00:00 Waiting for first mcperf measurement sample
2026-05-09T12:23:25.946092+00:00 mcperf measurement header observed
2026-05-09T12:23:37.623135+00:00 mcperf measurement sample observed
2026-05-09T12:23:37.623308+00:00 mcperf measurement is live
2026-05-09T12:23:37.624151+00:00 Starting phase scheduler
2026-05-09T12:23:38.199511+00:00 Phase dependency satisfied for phase-01: start
2026-05-09T12:23:38.199946+00:00 Phase dependency satisfied for phase-04: start
2026-05-09T12:23:38.200239+00:00 Phase dependency satisfied for phase-06: start
2026-05-09T12:23:38.200880+00:00 Launching phase phase-01: canneal
2026-05-09T12:23:39.128627+00:00 Launching phase phase-04: streamcluster
2026-05-09T12:23:39.976852+00:00 Launching phase phase-06: freqmine
2026-05-09T12:23:41.342524+00:00 Scheduler heartbeat: launched_phases=['phase-01', 'phase-04', 'phase-06'] pending_phases=['phase-02', 'phase-03', 'phase-05', 'phase-07'] completed_jobs=[] running_jobs=['parsec-canneal-2026-05-09-14h20m46s', 'parsec-freqmine-2026-05-09-14h20m46s', 'parsec-streamcluster-2026-05-09-14h20m46s']
2026-05-09T12:23:57.732627+00:00 Scheduler heartbeat: launched_phases=['phase-01', 'phase-04', 'phase-06'] pending_phases=['phase-02', 'phase-03', 'phase-05', 'phase-07'] completed_jobs=[] running_jobs=['parsec-canneal-2026-05-09-14h20m46s', 'parsec-freqmine-2026-05-09-14h20m46s', 'parsec-streamcluster-2026-05-09-14h20m46s']
2026-05-09T12:24:14.056056+00:00 Scheduler heartbeat: launched_phases=['phase-01', 'phase-04', 'phase-06'] pending_phases=['phase-02', 'phase-03', 'phase-05', 'phase-07'] completed_jobs=[] running_jobs=['parsec-canneal-2026-05-09-14h20m46s', 'parsec-freqmine-2026-05-09-14h20m46s', 'parsec-streamcluster-2026-05-09-14h20m46s']
2026-05-09T12:24:30.356902+00:00 Scheduler heartbeat: launched_phases=['phase-01', 'phase-04', 'phase-06'] pending_phases=['phase-02', 'phase-03', 'phase-05', 'phase-07'] completed_jobs=[] running_jobs=['parsec-canneal-2026-05-09-14h20m46s', 'parsec-freqmine-2026-05-09-14h20m46s', 'parsec-streamcluster-2026-05-09-14h20m46s']
2026-05-09T12:24:46.822509+00:00 Scheduler heartbeat: launched_phases=['phase-01', 'phase-04', 'phase-06'] pending_phases=['phase-02', 'phase-03', 'phase-05', 'phase-07'] completed_jobs=[] running_jobs=['parsec-canneal-2026-05-09-14h20m46s', 'parsec-freqmine-2026-05-09-14h20m46s', 'parsec-streamcluster-2026-05-09-14h20m46s']
2026-05-09T12:25:01.825945+00:00 Scheduler heartbeat: launched_phases=['phase-01', 'phase-04', 'phase-06'] pending_phases=['phase-02', 'phase-03', 'phase-05', 'phase-07'] completed_jobs=[] running_jobs=['parsec-canneal-2026-05-09-14h20m46s', 'parsec-freqmine-2026-05-09-14h20m46s', 'parsec-streamcluster-2026-05-09-14h20m46s']
2026-05-09T12:25:18.171332+00:00 Scheduler heartbeat: launched_phases=['phase-01', 'phase-04', 'phase-06'] pending_phases=['phase-02', 'phase-03', 'phase-05', 'phase-07'] completed_jobs=[] running_jobs=['parsec-canneal-2026-05-09-14h20m46s', 'parsec-freqmine-2026-05-09-14h20m46s', 'parsec-streamcluster-2026-05-09-14h20m46s']
2026-05-09T12:25:33.260890+00:00 Scheduler heartbeat: launched_phases=['phase-01', 'phase-04', 'phase-06'] pending_phases=['phase-02', 'phase-03', 'phase-05', 'phase-07'] completed_jobs=[] running_jobs=['parsec-canneal-2026-05-09-14h20m46s', 'parsec-freqmine-2026-05-09-14h20m46s', 'parsec-streamcluster-2026-05-09-14h20m46s']
2026-05-09T12:25:38.011697+00:00 Job completed: parsec-canneal-2026-05-09-14h20m46s
2026-05-09T12:25:38.012284+00:00 Phase dependency satisfied for phase-02: canneal
2026-05-09T12:25:38.012381+00:00 Launching phase phase-02: blackscholes
2026-05-09T12:25:40.903900+00:00 Job completed: parsec-freqmine-2026-05-09-14h20m46s
2026-05-09T12:25:40.904557+00:00 Phase dependency satisfied for phase-07: freqmine
2026-05-09T12:25:40.904767+00:00 Launching phase phase-07: barnes
2026-05-09T12:25:49.193999+00:00 Scheduler heartbeat: launched_phases=['phase-01', 'phase-02', 'phase-04', 'phase-06', 'phase-07'] pending_phases=['phase-03', 'phase-05'] completed_jobs=['canneal', 'freqmine'] running_jobs=['parsec-barnes-2026-05-09-14h20m46s', 'parsec-blackscholes-2026-05-09-14h20m46s', 'parsec-streamcluster-2026-05-09-14h20m46s']
2026-05-09T12:26:05.461019+00:00 Scheduler heartbeat: launched_phases=['phase-01', 'phase-02', 'phase-04', 'phase-06', 'phase-07'] pending_phases=['phase-03', 'phase-05'] completed_jobs=['canneal', 'freqmine'] running_jobs=['parsec-barnes-2026-05-09-14h20m46s', 'parsec-blackscholes-2026-05-09-14h20m46s', 'parsec-streamcluster-2026-05-09-14h20m46s']
2026-05-09T12:26:20.824230+00:00 Scheduler heartbeat: launched_phases=['phase-01', 'phase-02', 'phase-04', 'phase-06', 'phase-07'] pending_phases=['phase-03', 'phase-05'] completed_jobs=['canneal', 'freqmine'] running_jobs=['parsec-barnes-2026-05-09-14h20m46s', 'parsec-blackscholes-2026-05-09-14h20m46s', 'parsec-streamcluster-2026-05-09-14h20m46s']
2026-05-09T12:26:36.108673+00:00 Scheduler heartbeat: launched_phases=['phase-01', 'phase-02', 'phase-04', 'phase-06', 'phase-07'] pending_phases=['phase-03', 'phase-05'] completed_jobs=['canneal', 'freqmine'] running_jobs=['parsec-barnes-2026-05-09-14h20m46s', 'parsec-blackscholes-2026-05-09-14h20m46s', 'parsec-streamcluster-2026-05-09-14h20m46s']
2026-05-09T12:26:39.237946+00:00 Job completed: parsec-barnes-2026-05-09-14h20m46s
2026-05-09T12:26:39.238590+00:00 Phase dependency satisfied for phase-05: barnes
2026-05-09T12:26:39.238781+00:00 Launching phase phase-05: radix
2026-05-09T12:26:43.853385+00:00 Job completed: parsec-blackscholes-2026-05-09-14h20m46s
2026-05-09T12:26:43.854000+00:00 Phase dependency satisfied for phase-03: blackscholes
2026-05-09T12:26:43.854313+00:00 Launching phase phase-03: vips
2026-05-09T12:26:47.092585+00:00 Job completed: parsec-streamcluster-2026-05-09-14h20m46s
2026-05-09T12:26:51.792914+00:00 Scheduler heartbeat: launched_phases=['phase-01', 'phase-02', 'phase-03', 'phase-04', 'phase-05', 'phase-06', 'phase-07'] pending_phases=[] completed_jobs=['barnes', 'blackscholes', 'canneal', 'freqmine', 'streamcluster'] running_jobs=['parsec-radix-2026-05-09-14h20m46s', 'parsec-vips-2026-05-09-14h20m46s']
2026-05-09T12:26:53.529198+00:00 Job completed: parsec-radix-2026-05-09-14h20m46s
2026-05-09T12:27:08.407928+00:00 Scheduler heartbeat: launched_phases=['phase-01', 'phase-02', 'phase-03', 'phase-04', 'phase-05', 'phase-06', 'phase-07'] pending_phases=[] completed_jobs=['barnes', 'blackscholes', 'canneal', 'freqmine', 'radix', 'streamcluster'] running_jobs=['parsec-vips-2026-05-09-14h20m46s']
2026-05-09T12:27:25.002935+00:00 Scheduler heartbeat: launched_phases=['phase-01', 'phase-02', 'phase-03', 'phase-04', 'phase-05', 'phase-06', 'phase-07'] pending_phases=[] completed_jobs=['barnes', 'blackscholes', 'canneal', 'freqmine', 'radix', 'streamcluster'] running_jobs=['parsec-vips-2026-05-09-14h20m46s']
2026-05-09T12:27:41.324806+00:00 Scheduler heartbeat: launched_phases=['phase-01', 'phase-02', 'phase-03', 'phase-04', 'phase-05', 'phase-06', 'phase-07'] pending_phases=[] completed_jobs=['barnes', 'blackscholes', 'canneal', 'freqmine', 'radix', 'streamcluster'] running_jobs=['parsec-vips-2026-05-09-14h20m46s']
2026-05-09T12:27:57.875845+00:00 Job completed: parsec-vips-2026-05-09-14h20m46s
2026-05-09T12:27:57.876286+00:00 All batch jobs completed; capturing results.json and stopping mcperf
2026-05-09T12:27:57.876378+00:00 Waiting briefly for final pod termination metadata
2026-05-09T12:27:59.130087+00:00 Stopping mcperf measurement wrapper on client-measure-qsfk with SIGINT
2026-05-09T12:28:13.118954+00:00 mcperf is still running on client-measure-qsfk after SIGINT; escalating to SIGTERM
2026-05-09T12:28:17.065048+00:00 Summarizing run from captured pod snapshot and mcperf output
2026-05-09T12:28:17.083179+00:00 Run completed with status pass makespan=251.0 max_p95_us=410.0
2026-05-09T12:28:17.437933+00:00 Runtime stats refreshed: /home/carti/ETH/Msc/CCA/risultatiPart3/Matte/automation/runs/runtime_stats.json samples=455 eligible_runs=65
