2026-05-09T14:41:53.636947+00:00 Run directory prepared: /home/carti/ETH/Msc/CCA/risultatiPart3/Matte/automation/runs/part3-PartB/2026-05-09-16h41m53s
2026-05-09T14:41:53.638039+00:00 Rendered 8 manifests into /home/carti/ETH/Msc/CCA/risultatiPart3/Matte/automation/runs/part3-PartB/2026-05-09-16h41m53s/rendered_manifests
2026-05-09T14:41:53.638177+00:00 Cleaning previous managed workloads
2026-05-09T14:42:26.642597+00:00 Ensuring canonical node labels and checking client provisioning
2026-05-09T14:42:36.598124+00:00 Applying memcached manifest
2026-05-09T14:42:40.442881+00:00 Capturing benchmark node CPU platforms
2026-05-09T14:42:43.736143+00:00 Benchmark node CPU platform capture complete: node-a-8core=e2-standard-8/AMD Rome, node-b-4core=n2d-highcpu-4/AMD Milan
2026-05-09T14:42:43.736705+00:00 Restarting mcperf-agent.service on client-agent-a (client-agent-a-1p0l)
2026-05-09T14:42:51.300847+00:00 mcperf-agent.service active on client-agent-a (client-agent-a-1p0l)
2026-05-09T14:42:51.301168+00:00 Restarting mcperf-agent.service on client-agent-b (client-agent-b-j3kd)
2026-05-09T14:42:57.090570+00:00 mcperf-agent.service active on client-agent-b (client-agent-b-j3kd)
2026-05-09T14:42:57.090750+00:00 Starting measurement against memcached IP 100.96.4.76
2026-05-09T14:42:57.798920+00:00 Waiting for first mcperf measurement sample
2026-05-09T14:43:04.039426+00:00 mcperf measurement header observed
2026-05-09T14:43:15.457764+00:00 mcperf measurement sample observed
2026-05-09T14:43:15.458256+00:00 mcperf measurement is live
2026-05-09T14:43:15.458534+00:00 Starting phase scheduler
2026-05-09T14:43:15.857100+00:00 Phase dependency satisfied for phase-01: start
2026-05-09T14:43:15.857434+00:00 Launching phase phase-01: streamcluster, blackscholes
2026-05-09T14:43:17.381372+00:00 Scheduler heartbeat: launched_phases=['phase-01'] pending_phases=['phase-02', 'phase-03', 'phase-04', 'phase-05'] completed_jobs=[] running_jobs=['parsec-blackscholes-2026-05-09-16h41m53s', 'parsec-streamcluster-2026-05-09-16h41m53s']
2026-05-09T14:43:33.688880+00:00 Scheduler heartbeat: launched_phases=['phase-01'] pending_phases=['phase-02', 'phase-03', 'phase-04', 'phase-05'] completed_jobs=[] running_jobs=['parsec-blackscholes-2026-05-09-16h41m53s', 'parsec-streamcluster-2026-05-09-16h41m53s']
2026-05-09T14:43:48.699352+00:00 Scheduler heartbeat: launched_phases=['phase-01'] pending_phases=['phase-02', 'phase-03', 'phase-04', 'phase-05'] completed_jobs=[] running_jobs=['parsec-blackscholes-2026-05-09-16h41m53s', 'parsec-streamcluster-2026-05-09-16h41m53s']
2026-05-09T14:44:05.400630+00:00 Scheduler heartbeat: launched_phases=['phase-01'] pending_phases=['phase-02', 'phase-03', 'phase-04', 'phase-05'] completed_jobs=[] running_jobs=['parsec-blackscholes-2026-05-09-16h41m53s', 'parsec-streamcluster-2026-05-09-16h41m53s']
2026-05-09T14:44:08.403669+00:00 Job completed: parsec-blackscholes-2026-05-09-16h41m53s
2026-05-09T14:44:08.404066+00:00 Phase dependency satisfied for phase-03: blackscholes
2026-05-09T14:44:08.404151+00:00 Launching phase phase-03: canneal
2026-05-09T14:44:21.744458+00:00 Scheduler heartbeat: launched_phases=['phase-01', 'phase-03'] pending_phases=['phase-02', 'phase-04', 'phase-05'] completed_jobs=['blackscholes'] running_jobs=['parsec-canneal-2026-05-09-16h41m53s', 'parsec-streamcluster-2026-05-09-16h41m53s']
2026-05-09T14:44:38.098960+00:00 Scheduler heartbeat: launched_phases=['phase-01', 'phase-03'] pending_phases=['phase-02', 'phase-04', 'phase-05'] completed_jobs=['blackscholes'] running_jobs=['parsec-canneal-2026-05-09-16h41m53s', 'parsec-streamcluster-2026-05-09-16h41m53s']
2026-05-09T14:44:53.802093+00:00 Scheduler heartbeat: launched_phases=['phase-01', 'phase-03'] pending_phases=['phase-02', 'phase-04', 'phase-05'] completed_jobs=['blackscholes'] running_jobs=['parsec-canneal-2026-05-09-16h41m53s', 'parsec-streamcluster-2026-05-09-16h41m53s']
2026-05-09T14:45:10.351676+00:00 Scheduler heartbeat: launched_phases=['phase-01', 'phase-03'] pending_phases=['phase-02', 'phase-04', 'phase-05'] completed_jobs=['blackscholes'] running_jobs=['parsec-canneal-2026-05-09-16h41m53s', 'parsec-streamcluster-2026-05-09-16h41m53s']
2026-05-09T14:45:22.137328+00:00 Job completed: parsec-streamcluster-2026-05-09-16h41m53s
2026-05-09T14:45:22.137673+00:00 Phase dependency satisfied for phase-02: streamcluster
2026-05-09T14:45:22.137731+00:00 Launching phase phase-02: freqmine
2026-05-09T14:45:26.027567+00:00 Scheduler heartbeat: launched_phases=['phase-01', 'phase-02', 'phase-03'] pending_phases=['phase-04', 'phase-05'] completed_jobs=['blackscholes', 'streamcluster'] running_jobs=['parsec-canneal-2026-05-09-16h41m53s', 'parsec-freqmine-2026-05-09-16h41m53s']
2026-05-09T14:45:42.159969+00:00 Scheduler heartbeat: launched_phases=['phase-01', 'phase-02', 'phase-03'] pending_phases=['phase-04', 'phase-05'] completed_jobs=['blackscholes', 'streamcluster'] running_jobs=['parsec-canneal-2026-05-09-16h41m53s', 'parsec-freqmine-2026-05-09-16h41m53s']
2026-05-09T14:45:58.715712+00:00 Scheduler heartbeat: launched_phases=['phase-01', 'phase-02', 'phase-03'] pending_phases=['phase-04', 'phase-05'] completed_jobs=['blackscholes', 'streamcluster'] running_jobs=['parsec-canneal-2026-05-09-16h41m53s', 'parsec-freqmine-2026-05-09-16h41m53s']
2026-05-09T14:46:08.463496+00:00 Job completed: parsec-canneal-2026-05-09-16h41m53s
2026-05-09T14:46:08.463832+00:00 Phase dependency satisfied for phase-05: canneal
2026-05-09T14:46:08.463904+00:00 Launching phase phase-05: barnes
2026-05-09T14:46:15.869954+00:00 Scheduler heartbeat: launched_phases=['phase-01', 'phase-02', 'phase-03', 'phase-05'] pending_phases=['phase-04'] completed_jobs=['blackscholes', 'canneal', 'streamcluster'] running_jobs=['parsec-barnes-2026-05-09-16h41m53s', 'parsec-freqmine-2026-05-09-16h41m53s']
2026-05-09T14:46:31.326433+00:00 Scheduler heartbeat: launched_phases=['phase-01', 'phase-02', 'phase-03', 'phase-05'] pending_phases=['phase-04'] completed_jobs=['blackscholes', 'canneal', 'streamcluster'] running_jobs=['parsec-barnes-2026-05-09-16h41m53s', 'parsec-freqmine-2026-05-09-16h41m53s']
2026-05-09T14:46:36.501629+00:00 Job completed: parsec-freqmine-2026-05-09-16h41m53s
2026-05-09T14:46:36.502251+00:00 Phase dependency satisfied for phase-04: freqmine
2026-05-09T14:46:36.502358+00:00 Launching phase phase-04: vips, radix
2026-05-09T14:46:47.520639+00:00 Scheduler heartbeat: launched_phases=['phase-01', 'phase-02', 'phase-03', 'phase-04', 'phase-05'] pending_phases=[] completed_jobs=['blackscholes', 'canneal', 'freqmine', 'streamcluster'] running_jobs=['parsec-barnes-2026-05-09-16h41m53s', 'parsec-radix-2026-05-09-16h41m53s', 'parsec-vips-2026-05-09-16h41m53s']
2026-05-09T14:47:03.340255+00:00 Scheduler heartbeat: launched_phases=['phase-01', 'phase-02', 'phase-03', 'phase-04', 'phase-05'] pending_phases=[] completed_jobs=['blackscholes', 'canneal', 'freqmine', 'streamcluster'] running_jobs=['parsec-barnes-2026-05-09-16h41m53s', 'parsec-radix-2026-05-09-16h41m53s', 'parsec-vips-2026-05-09-16h41m53s']
2026-05-09T14:47:12.823883+00:00 Job completed: parsec-vips-2026-05-09-16h41m53s
2026-05-09T14:47:12.824200+00:00 Job completed: parsec-radix-2026-05-09-16h41m53s
2026-05-09T14:47:15.639261+00:00 Job completed: parsec-barnes-2026-05-09-16h41m53s
2026-05-09T14:47:15.639820+00:00 All batch jobs completed; capturing results.json and stopping mcperf
2026-05-09T14:47:15.639985+00:00 Waiting briefly for final pod termination metadata
2026-05-09T14:47:16.541769+00:00 Stopping mcperf measurement wrapper on client-measure-qsfk with SIGINT
2026-05-09T14:47:29.785168+00:00 mcperf is still running on client-measure-qsfk after SIGINT; escalating to SIGTERM
2026-05-09T14:47:33.142560+00:00 Summarizing run from captured pod snapshot and mcperf output
2026-05-09T14:47:33.144508+00:00 Run completed with status pass makespan=234.0 max_p95_us=409.4
2026-05-09T14:47:33.439922+00:00 Runtime stats refreshed: /home/carti/ETH/Msc/CCA/risultatiPart3/Matte/automation/runs/runtime_stats.json samples=588 eligible_runs=84
