2026-05-05T13:58:38.936324+00:00 Run directory prepared: /home/carti/ETH/Msc/CCA/risultatiPart3/Matte/automation/runs/part3-handcrafted/2026-05-05-15h58m38s
2026-05-05T13:58:38.936386+00:00 Rendered 8 manifests into /home/carti/ETH/Msc/CCA/risultatiPart3/Matte/automation/runs/part3-handcrafted/2026-05-05-15h58m38s/rendered_manifests
2026-05-05T13:58:38.936445+00:00 Cleaning previous managed workloads
2026-05-05T13:59:11.652036+00:00 Ensuring canonical node labels and checking client provisioning
2026-05-05T13:59:20.070201+00:00 Applying memcached manifest
2026-05-05T13:59:22.526204+00:00 Capturing benchmark node CPU platforms
2026-05-05T13:59:24.825050+00:00 Benchmark node CPU platform capture complete: node-a-8core=e2-standard-8/AMD Rome, node-b-4core=n2d-highcpu-4/AMD Milan
2026-05-05T13:59:24.825528+00:00 Restarting mcperf-agent.service on client-agent-a (client-agent-a-7cmp)
2026-05-05T13:59:32.579620+00:00 mcperf-agent.service active on client-agent-a (client-agent-a-7cmp)
2026-05-05T13:59:32.579745+00:00 Restarting mcperf-agent.service on client-agent-b (client-agent-b-67sh)
2026-05-05T13:59:36.761065+00:00 mcperf-agent.service active on client-agent-b (client-agent-b-67sh)
2026-05-05T13:59:36.761196+00:00 Starting measurement against memcached IP 100.96.6.25
2026-05-05T13:59:37.005556+00:00 Waiting for first mcperf measurement sample
2026-05-05T13:59:41.603159+00:00 mcperf measurement header observed
2026-05-05T13:59:52.089480+00:00 mcperf measurement sample observed
2026-05-05T13:59:52.089749+00:00 mcperf measurement is live
2026-05-05T13:59:52.089997+00:00 Starting phase scheduler
2026-05-05T13:59:52.262321+00:00 Phase dependency satisfied for phase-01: start
2026-05-05T13:59:52.262468+00:00 Phase dependency satisfied for phase-03: start
2026-05-05T13:59:52.262489+00:00 Launching phase phase-01: canneal
2026-05-05T13:59:52.523779+00:00 Launching phase phase-03: barnes, streamcluster
2026-05-05T13:59:53.223165+00:00 Scheduler heartbeat: launched_phases=['phase-01', 'phase-03'] pending_phases=['phase-02', 'phase-04', 'phase-05', 'phase-06'] completed_jobs=[] running_jobs=['parsec-barnes-2026-05-05-15h58m38s', 'parsec-canneal-2026-05-05-15h58m38s', 'parsec-streamcluster-2026-05-05-15h58m38s']
2026-05-05T14:00:12.364554+00:00 Scheduler heartbeat: launched_phases=['phase-01', 'phase-03'] pending_phases=['phase-02', 'phase-04', 'phase-05', 'phase-06'] completed_jobs=[] running_jobs=['parsec-barnes-2026-05-05-15h58m38s', 'parsec-canneal-2026-05-05-15h58m38s', 'parsec-streamcluster-2026-05-05-15h58m38s']
2026-05-05T14:00:27.900615+00:00 Scheduler heartbeat: launched_phases=['phase-01', 'phase-03'] pending_phases=['phase-02', 'phase-04', 'phase-05', 'phase-06'] completed_jobs=[] running_jobs=['parsec-barnes-2026-05-05-15h58m38s', 'parsec-canneal-2026-05-05-15h58m38s', 'parsec-streamcluster-2026-05-05-15h58m38s']
2026-05-05T14:00:47.028169+00:00 Scheduler heartbeat: launched_phases=['phase-01', 'phase-03'] pending_phases=['phase-02', 'phase-04', 'phase-05', 'phase-06'] completed_jobs=[] running_jobs=['parsec-barnes-2026-05-05-15h58m38s', 'parsec-canneal-2026-05-05-15h58m38s', 'parsec-streamcluster-2026-05-05-15h58m38s']
2026-05-05T14:00:55.592581+00:00 Job completed: parsec-barnes-2026-05-05-15h58m38s
2026-05-05T14:00:55.592775+00:00 Phase dependency satisfied for phase-04: barnes
2026-05-05T14:00:55.592822+00:00 Launching phase phase-04: freqmine
2026-05-05T14:01:02.144148+00:00 Scheduler heartbeat: launched_phases=['phase-01', 'phase-03', 'phase-04'] pending_phases=['phase-02', 'phase-05', 'phase-06'] completed_jobs=['barnes'] running_jobs=['parsec-canneal-2026-05-05-15h58m38s', 'parsec-freqmine-2026-05-05-15h58m38s', 'parsec-streamcluster-2026-05-05-15h58m38s']
2026-05-05T14:01:21.560901+00:00 Scheduler heartbeat: launched_phases=['phase-01', 'phase-03', 'phase-04'] pending_phases=['phase-02', 'phase-05', 'phase-06'] completed_jobs=['barnes'] running_jobs=['parsec-canneal-2026-05-05-15h58m38s', 'parsec-freqmine-2026-05-05-15h58m38s', 'parsec-streamcluster-2026-05-05-15h58m38s']
2026-05-05T14:01:37.184081+00:00 Scheduler heartbeat: launched_phases=['phase-01', 'phase-03', 'phase-04'] pending_phases=['phase-02', 'phase-05', 'phase-06'] completed_jobs=['barnes'] running_jobs=['parsec-canneal-2026-05-05-15h58m38s', 'parsec-freqmine-2026-05-05-15h58m38s', 'parsec-streamcluster-2026-05-05-15h58m38s']
2026-05-05T14:01:55.349981+00:00 Job completed: parsec-canneal-2026-05-05-15h58m38s
2026-05-05T14:01:55.350132+00:00 Phase dependency satisfied for phase-02: canneal
2026-05-05T14:01:55.350151+00:00 Launching phase phase-02: blackscholes
2026-05-05T14:01:55.807875+00:00 Scheduler heartbeat: launched_phases=['phase-01', 'phase-02', 'phase-03', 'phase-04'] pending_phases=['phase-05', 'phase-06'] completed_jobs=['barnes', 'canneal'] running_jobs=['parsec-blackscholes-2026-05-05-15h58m38s', 'parsec-freqmine-2026-05-05-15h58m38s', 'parsec-streamcluster-2026-05-05-15h58m38s']
2026-05-05T14:02:11.528398+00:00 Scheduler heartbeat: launched_phases=['phase-01', 'phase-02', 'phase-03', 'phase-04'] pending_phases=['phase-05', 'phase-06'] completed_jobs=['barnes', 'canneal'] running_jobs=['parsec-blackscholes-2026-05-05-15h58m38s', 'parsec-freqmine-2026-05-05-15h58m38s', 'parsec-streamcluster-2026-05-05-15h58m38s']
2026-05-05T14:02:27.390650+00:00 Scheduler heartbeat: launched_phases=['phase-01', 'phase-02', 'phase-03', 'phase-04'] pending_phases=['phase-05', 'phase-06'] completed_jobs=['barnes', 'canneal'] running_jobs=['parsec-blackscholes-2026-05-05-15h58m38s', 'parsec-freqmine-2026-05-05-15h58m38s', 'parsec-streamcluster-2026-05-05-15h58m38s']
2026-05-05T14:02:38.307963+00:00 Job completed: parsec-streamcluster-2026-05-05-15h58m38s
2026-05-05T14:02:38.308101+00:00 Phase dependency satisfied for phase-05: streamcluster
2026-05-05T14:02:38.309582+00:00 Launching phase phase-05: vips
2026-05-05T14:02:48.824069+00:00 Scheduler heartbeat: launched_phases=['phase-01', 'phase-02', 'phase-03', 'phase-04', 'phase-05'] pending_phases=['phase-06'] completed_jobs=['barnes', 'canneal', 'streamcluster'] running_jobs=['parsec-blackscholes-2026-05-05-15h58m38s', 'parsec-freqmine-2026-05-05-15h58m38s', 'parsec-vips-2026-05-05-15h58m38s']
2026-05-05T14:02:53.625523+00:00 Job completed: parsec-blackscholes-2026-05-05-15h58m38s
2026-05-05T14:03:04.487399+00:00 Scheduler heartbeat: launched_phases=['phase-01', 'phase-02', 'phase-03', 'phase-04', 'phase-05'] pending_phases=['phase-06'] completed_jobs=['barnes', 'blackscholes', 'canneal', 'streamcluster'] running_jobs=['parsec-freqmine-2026-05-05-15h58m38s', 'parsec-vips-2026-05-05-15h58m38s']
2026-05-05T14:03:15.515474+00:00 Job completed: parsec-freqmine-2026-05-05-15h58m38s
2026-05-05T14:03:15.515740+00:00 Job completed: parsec-vips-2026-05-05-15h58m38s
2026-05-05T14:03:15.515770+00:00 Phase dependency satisfied for phase-06: freqmine
2026-05-05T14:03:15.515783+00:00 Launching phase phase-06: radix
2026-05-05T14:03:23.371931+00:00 Scheduler heartbeat: launched_phases=['phase-01', 'phase-02', 'phase-03', 'phase-04', 'phase-05', 'phase-06'] pending_phases=[] completed_jobs=['barnes', 'blackscholes', 'canneal', 'freqmine', 'streamcluster', 'vips'] running_jobs=['parsec-radix-2026-05-05-15h58m38s']
2026-05-05T14:03:32.263091+00:00 Job completed: parsec-radix-2026-05-05-15h58m38s
2026-05-05T14:03:32.263300+00:00 All batch jobs completed; capturing results.json and stopping mcperf
2026-05-05T14:03:32.263341+00:00 Waiting briefly for final pod termination metadata
2026-05-05T14:03:32.835604+00:00 Stopping mcperf measurement wrapper on client-measure-1lr0 with SIGINT
2026-05-05T14:03:45.374291+00:00 mcperf is still running on client-measure-1lr0 after SIGINT; escalating to SIGTERM
2026-05-05T14:03:48.172783+00:00 Summarizing run from captured pod snapshot and mcperf output
2026-05-05T14:03:48.175244+00:00 Run completed with status pass makespan=214.0 max_p95_us=403.0
2026-05-05T14:03:48.299139+00:00 Runtime stats refreshed: /home/carti/ETH/Msc/CCA/risultatiPart3/Matte/automation/runs/runtime_stats.json samples=301 eligible_runs=43
