2026-05-05T16:31:30.515791+00:00 Run directory prepared: /home/carti/ETH/Msc/CCA/risultatiPart3/Matte/part3_openEvolve/runs/part3-OPENEVOLVE/2026-05-05-18h31m30s
2026-05-05T16:31:30.515860+00:00 Rendered 8 manifests into /home/carti/ETH/Msc/CCA/risultatiPart3/Matte/part3_openEvolve/runs/part3-OPENEVOLVE/2026-05-05-18h31m30s/rendered_manifests
2026-05-05T16:31:30.515897+00:00 Cleaning previous managed workloads
2026-05-05T16:32:03.173505+00:00 Ensuring canonical node labels and checking client provisioning
2026-05-05T16:32:11.394782+00:00 Applying memcached manifest
2026-05-05T16:32:14.018940+00:00 Capturing benchmark node CPU platforms
2026-05-05T16:32:16.234163+00:00 Benchmark node CPU platform capture complete: node-a-8core=e2-standard-8/AMD Rome, node-b-4core=n2d-highcpu-4/AMD Milan
2026-05-05T16:32:16.234568+00:00 Restarting mcperf-agent.service on client-agent-a (client-agent-a-7cmp)
2026-05-05T16:32:24.026927+00:00 mcperf-agent.service active on client-agent-a (client-agent-a-7cmp)
2026-05-05T16:32:24.027050+00:00 Restarting mcperf-agent.service on client-agent-b (client-agent-b-67sh)
2026-05-05T16:32:28.315148+00:00 mcperf-agent.service active on client-agent-b (client-agent-b-67sh)
2026-05-05T16:32:28.315317+00:00 Starting measurement against memcached IP 100.96.6.68
2026-05-05T16:32:28.577001+00:00 Waiting for first mcperf measurement sample
2026-05-05T16:32:33.232792+00:00 mcperf measurement header observed
2026-05-05T16:32:43.718870+00:00 mcperf measurement sample observed
2026-05-05T16:32:43.718990+00:00 mcperf measurement is live
2026-05-05T16:32:43.719228+00:00 Starting phase scheduler
2026-05-05T16:32:43.897746+00:00 Phase dependency satisfied for phase-01: start
2026-05-05T16:32:43.897936+00:00 Phase dependency satisfied for phase-03: start
2026-05-05T16:32:43.898005+00:00 Launching phase phase-01: canneal
2026-05-05T16:32:44.151906+00:00 Launching phase phase-03: barnes, streamcluster
2026-05-05T16:32:44.810180+00:00 Scheduler heartbeat: launched_phases=['phase-01', 'phase-03'] pending_phases=['phase-02', 'phase-04', 'phase-05', 'phase-06'] completed_jobs=[] running_jobs=['parsec-barnes-2026-05-05-18h31m30s', 'parsec-canneal-2026-05-05-18h31m30s', 'parsec-streamcluster-2026-05-05-18h31m30s']
2026-05-05T16:33:03.997935+00:00 Scheduler heartbeat: launched_phases=['phase-01', 'phase-03'] pending_phases=['phase-02', 'phase-04', 'phase-05', 'phase-06'] completed_jobs=[] running_jobs=['parsec-barnes-2026-05-05-18h31m30s', 'parsec-canneal-2026-05-05-18h31m30s', 'parsec-streamcluster-2026-05-05-18h31m30s']
2026-05-05T16:33:19.592158+00:00 Scheduler heartbeat: launched_phases=['phase-01', 'phase-03'] pending_phases=['phase-02', 'phase-04', 'phase-05', 'phase-06'] completed_jobs=[] running_jobs=['parsec-barnes-2026-05-05-18h31m30s', 'parsec-canneal-2026-05-05-18h31m30s', 'parsec-streamcluster-2026-05-05-18h31m30s']
2026-05-05T16:33:38.789107+00:00 Scheduler heartbeat: launched_phases=['phase-01', 'phase-03'] pending_phases=['phase-02', 'phase-04', 'phase-05', 'phase-06'] completed_jobs=[] running_jobs=['parsec-barnes-2026-05-05-18h31m30s', 'parsec-canneal-2026-05-05-18h31m30s', 'parsec-streamcluster-2026-05-05-18h31m30s']
2026-05-05T16:33:44.800237+00:00 Job completed: parsec-barnes-2026-05-05-18h31m30s
2026-05-05T16:33:44.800386+00:00 Phase dependency satisfied for phase-04: barnes
2026-05-05T16:33:44.800408+00:00 Launching phase phase-04: freqmine
2026-05-05T16:33:54.832130+00:00 Scheduler heartbeat: launched_phases=['phase-01', 'phase-03', 'phase-04'] pending_phases=['phase-02', 'phase-05', 'phase-06'] completed_jobs=['barnes'] running_jobs=['parsec-canneal-2026-05-05-18h31m30s', 'parsec-freqmine-2026-05-05-18h31m30s', 'parsec-streamcluster-2026-05-05-18h31m30s']
2026-05-05T16:34:13.977259+00:00 Scheduler heartbeat: launched_phases=['phase-01', 'phase-03', 'phase-04'] pending_phases=['phase-02', 'phase-05', 'phase-06'] completed_jobs=['barnes'] running_jobs=['parsec-canneal-2026-05-05-18h31m30s', 'parsec-freqmine-2026-05-05-18h31m30s', 'parsec-streamcluster-2026-05-05-18h31m30s']
2026-05-05T16:34:29.626140+00:00 Scheduler heartbeat: launched_phases=['phase-01', 'phase-03', 'phase-04'] pending_phases=['phase-02', 'phase-05', 'phase-06'] completed_jobs=['barnes'] running_jobs=['parsec-canneal-2026-05-05-18h31m30s', 'parsec-freqmine-2026-05-05-18h31m30s', 'parsec-streamcluster-2026-05-05-18h31m30s']
2026-05-05T16:34:47.629405+00:00 Job completed: parsec-canneal-2026-05-05-18h31m30s
2026-05-05T16:34:47.629540+00:00 Phase dependency satisfied for phase-02: canneal
2026-05-05T16:34:47.629559+00:00 Launching phase phase-02: blackscholes
2026-05-05T16:34:49.280601+00:00 Scheduler heartbeat: launched_phases=['phase-01', 'phase-02', 'phase-03', 'phase-04'] pending_phases=['phase-05', 'phase-06'] completed_jobs=['barnes', 'canneal'] running_jobs=['parsec-blackscholes-2026-05-05-18h31m30s', 'parsec-freqmine-2026-05-05-18h31m30s', 'parsec-streamcluster-2026-05-05-18h31m30s']
2026-05-05T16:35:04.903518+00:00 Scheduler heartbeat: launched_phases=['phase-01', 'phase-02', 'phase-03', 'phase-04'] pending_phases=['phase-05', 'phase-06'] completed_jobs=['barnes', 'canneal'] running_jobs=['parsec-blackscholes-2026-05-05-18h31m30s', 'parsec-freqmine-2026-05-05-18h31m30s', 'parsec-streamcluster-2026-05-05-18h31m30s']
2026-05-05T16:35:24.060421+00:00 Scheduler heartbeat: launched_phases=['phase-01', 'phase-02', 'phase-03', 'phase-04'] pending_phases=['phase-05', 'phase-06'] completed_jobs=['barnes', 'canneal'] running_jobs=['parsec-blackscholes-2026-05-05-18h31m30s', 'parsec-freqmine-2026-05-05-18h31m30s', 'parsec-streamcluster-2026-05-05-18h31m30s']
2026-05-05T16:35:31.332795+00:00 Job completed: parsec-streamcluster-2026-05-05-18h31m30s
2026-05-05T16:35:31.332920+00:00 Phase dependency satisfied for phase-05: streamcluster
2026-05-05T16:35:31.332939+00:00 Launching phase phase-05: radix
2026-05-05T16:35:36.603723+00:00 Job completed: parsec-blackscholes-2026-05-05-18h31m30s
2026-05-05T16:35:40.227063+00:00 Scheduler heartbeat: launched_phases=['phase-01', 'phase-02', 'phase-03', 'phase-04', 'phase-05'] pending_phases=['phase-06'] completed_jobs=['barnes', 'blackscholes', 'canneal', 'streamcluster'] running_jobs=['parsec-freqmine-2026-05-05-18h31m30s', 'parsec-radix-2026-05-05-18h31m30s']
2026-05-05T16:35:45.095310+00:00 Job completed: parsec-freqmine-2026-05-05-18h31m30s
2026-05-05T16:35:45.095468+00:00 Job completed: parsec-radix-2026-05-05-18h31m30s
2026-05-05T16:35:45.095537+00:00 Phase dependency satisfied for phase-06: freqmine,radix
2026-05-05T16:35:45.095561+00:00 Launching phase phase-06: vips
2026-05-05T16:35:58.863667+00:00 Scheduler heartbeat: launched_phases=['phase-01', 'phase-02', 'phase-03', 'phase-04', 'phase-05', 'phase-06'] pending_phases=[] completed_jobs=['barnes', 'blackscholes', 'canneal', 'freqmine', 'radix', 'streamcluster'] running_jobs=['parsec-vips-2026-05-05-18h31m30s']
2026-05-05T16:36:14.727062+00:00 Scheduler heartbeat: launched_phases=['phase-01', 'phase-02', 'phase-03', 'phase-04', 'phase-05', 'phase-06'] pending_phases=[] completed_jobs=['barnes', 'blackscholes', 'canneal', 'freqmine', 'radix', 'streamcluster'] running_jobs=['parsec-vips-2026-05-05-18h31m30s']
2026-05-05T16:36:20.813077+00:00 Job completed: parsec-vips-2026-05-05-18h31m30s
2026-05-05T16:36:20.813224+00:00 All batch jobs completed; capturing results.json and stopping mcperf
2026-05-05T16:36:20.813245+00:00 Waiting briefly for final pod termination metadata
2026-05-05T16:36:21.224426+00:00 Stopping mcperf measurement wrapper on client-measure-1lr0 with SIGINT
2026-05-05T16:36:36.988106+00:00 mcperf is still running on client-measure-1lr0 after SIGINT; escalating to SIGTERM
2026-05-05T16:36:38.898115+00:00 Summarizing run from captured pod snapshot and mcperf output
2026-05-05T16:36:38.900172+00:00 Run completed with status pass makespan=198.0 max_p95_us=398.1
2026-05-05T16:36:38.934001+00:00 Runtime stats refreshed: /home/carti/ETH/Msc/CCA/risultatiPart3/Matte/part3_openEvolve/runs/runtime_stats.json samples=140 eligible_runs=20
