2026-05-10T01:36:11.072758+00:00 Run directory prepared: /home/carti/ETH/Msc/CCA/risultatiPart3/Matte/automation/runs/part3-PartB/2026-05-10-03h36m11s
2026-05-10T01:36:11.072817+00:00 Rendered 8 manifests into /home/carti/ETH/Msc/CCA/risultatiPart3/Matte/automation/runs/part3-PartB/2026-05-10-03h36m11s/rendered_manifests
2026-05-10T01:36:11.072849+00:00 Cleaning previous managed workloads
2026-05-10T01:36:43.614091+00:00 Ensuring canonical node labels and checking client provisioning
2026-05-10T01:36:53.697892+00:00 Applying memcached manifest
2026-05-10T01:36:58.990897+00:00 Capturing benchmark node CPU platforms
2026-05-10T01:37:02.202364+00:00 Benchmark node CPU platform capture complete: node-a-8core=e2-standard-8/AMD Rome, node-b-4core=n2d-highcpu-4/AMD Milan
2026-05-10T01:37:02.203347+00:00 Restarting mcperf-agent.service on client-agent-a (client-agent-a-tp31)
2026-05-10T01:37:07.564373+00:00 mcperf-agent.service active on client-agent-a (client-agent-a-tp31)
2026-05-10T01:37:07.564675+00:00 Restarting mcperf-agent.service on client-agent-b (client-agent-b-ggp4)
2026-05-10T01:37:13.176346+00:00 mcperf-agent.service active on client-agent-b (client-agent-b-ggp4)
2026-05-10T01:37:13.176773+00:00 Starting measurement against memcached IP 100.96.4.80
2026-05-10T01:37:13.608263+00:00 Waiting for first mcperf measurement sample
2026-05-10T01:37:19.506446+00:00 mcperf measurement header observed
2026-05-10T01:37:32.592097+00:00 mcperf measurement is live
2026-05-10T01:37:32.592037+00:00 mcperf measurement sample observed
2026-05-10T01:37:32.592419+00:00 Starting phase scheduler
2026-05-10T01:37:32.866287+00:00 Phase dependency satisfied for phase-01: start
2026-05-10T01:37:32.866452+00:00 Phase dependency satisfied for phase-03: start
2026-05-10T01:37:32.866479+00:00 Launching phase phase-01: canneal
2026-05-10T01:37:33.231122+00:00 Launching phase phase-03: barnes, streamcluster
2026-05-10T01:37:34.224944+00:00 Scheduler heartbeat: launched_phases=['phase-01', 'phase-03'] pending_phases=['phase-02', 'phase-04', 'phase-05', 'phase-06'] completed_jobs=[] running_jobs=['parsec-barnes-2026-05-10-03h36m11s', 'parsec-canneal-2026-05-10-03h36m11s', 'parsec-streamcluster-2026-05-10-03h36m11s']
2026-05-10T01:37:49.875216+00:00 Scheduler heartbeat: launched_phases=['phase-01', 'phase-03'] pending_phases=['phase-02', 'phase-04', 'phase-05', 'phase-06'] completed_jobs=[] running_jobs=['parsec-barnes-2026-05-10-03h36m11s', 'parsec-canneal-2026-05-10-03h36m11s', 'parsec-streamcluster-2026-05-10-03h36m11s']
2026-05-10T01:38:07.600224+00:00 Scheduler heartbeat: launched_phases=['phase-01', 'phase-03'] pending_phases=['phase-02', 'phase-04', 'phase-05', 'phase-06'] completed_jobs=[] running_jobs=['parsec-barnes-2026-05-10-03h36m11s', 'parsec-canneal-2026-05-10-03h36m11s', 'parsec-streamcluster-2026-05-10-03h36m11s']
2026-05-10T01:38:22.849743+00:00 Scheduler heartbeat: launched_phases=['phase-01', 'phase-03'] pending_phases=['phase-02', 'phase-04', 'phase-05', 'phase-06'] completed_jobs=[] running_jobs=['parsec-barnes-2026-05-10-03h36m11s', 'parsec-canneal-2026-05-10-03h36m11s', 'parsec-streamcluster-2026-05-10-03h36m11s']
2026-05-10T01:38:32.083003+00:00 Job completed: parsec-barnes-2026-05-10-03h36m11s
2026-05-10T01:38:32.083276+00:00 Phase dependency satisfied for phase-04: barnes
2026-05-10T01:38:32.083326+00:00 Launching phase phase-04: freqmine
2026-05-10T01:38:37.938858+00:00 Scheduler heartbeat: launched_phases=['phase-01', 'phase-03', 'phase-04'] pending_phases=['phase-02', 'phase-05', 'phase-06'] completed_jobs=['barnes'] running_jobs=['parsec-canneal-2026-05-10-03h36m11s', 'parsec-freqmine-2026-05-10-03h36m11s', 'parsec-streamcluster-2026-05-10-03h36m11s']
2026-05-10T01:38:55.611731+00:00 Scheduler heartbeat: launched_phases=['phase-01', 'phase-03', 'phase-04'] pending_phases=['phase-02', 'phase-05', 'phase-06'] completed_jobs=['barnes'] running_jobs=['parsec-canneal-2026-05-10-03h36m11s', 'parsec-freqmine-2026-05-10-03h36m11s', 'parsec-streamcluster-2026-05-10-03h36m11s']
2026-05-10T01:39:11.088248+00:00 Scheduler heartbeat: launched_phases=['phase-01', 'phase-03', 'phase-04'] pending_phases=['phase-02', 'phase-05', 'phase-06'] completed_jobs=['barnes'] running_jobs=['parsec-canneal-2026-05-10-03h36m11s', 'parsec-freqmine-2026-05-10-03h36m11s', 'parsec-streamcluster-2026-05-10-03h36m11s']
2026-05-10T01:39:26.604236+00:00 Job completed: parsec-canneal-2026-05-10-03h36m11s
2026-05-10T01:39:26.604381+00:00 Phase dependency satisfied for phase-02: canneal
2026-05-10T01:39:26.604405+00:00 Launching phase phase-02: blackscholes
2026-05-10T01:39:28.498224+00:00 Scheduler heartbeat: launched_phases=['phase-01', 'phase-02', 'phase-03', 'phase-04'] pending_phases=['phase-05', 'phase-06'] completed_jobs=['barnes', 'canneal'] running_jobs=['parsec-blackscholes-2026-05-10-03h36m11s', 'parsec-freqmine-2026-05-10-03h36m11s', 'parsec-streamcluster-2026-05-10-03h36m11s']
2026-05-10T01:39:43.962676+00:00 Scheduler heartbeat: launched_phases=['phase-01', 'phase-02', 'phase-03', 'phase-04'] pending_phases=['phase-05', 'phase-06'] completed_jobs=['barnes', 'canneal'] running_jobs=['parsec-blackscholes-2026-05-10-03h36m11s', 'parsec-freqmine-2026-05-10-03h36m11s', 'parsec-streamcluster-2026-05-10-03h36m11s']
2026-05-10T01:40:01.650004+00:00 Scheduler heartbeat: launched_phases=['phase-01', 'phase-02', 'phase-03', 'phase-04'] pending_phases=['phase-05', 'phase-06'] completed_jobs=['barnes', 'canneal'] running_jobs=['parsec-blackscholes-2026-05-10-03h36m11s', 'parsec-freqmine-2026-05-10-03h36m11s', 'parsec-streamcluster-2026-05-10-03h36m11s']
2026-05-10T01:40:16.926843+00:00 Job completed: parsec-blackscholes-2026-05-10-03h36m11s
2026-05-10T01:40:16.927062+00:00 Scheduler heartbeat: launched_phases=['phase-01', 'phase-02', 'phase-03', 'phase-04'] pending_phases=['phase-05', 'phase-06'] completed_jobs=['barnes', 'blackscholes', 'canneal'] running_jobs=['parsec-freqmine-2026-05-10-03h36m11s', 'parsec-streamcluster-2026-05-10-03h36m11s']
2026-05-10T01:40:30.860436+00:00 Job completed: parsec-streamcluster-2026-05-10-03h36m11s
2026-05-10T01:40:30.860605+00:00 Phase dependency satisfied for phase-05: streamcluster
2026-05-10T01:40:30.860644+00:00 Launching phase phase-05: radix
2026-05-10T01:40:35.418614+00:00 Job completed: parsec-freqmine-2026-05-10-03h36m11s
2026-05-10T01:40:35.418771+00:00 Scheduler heartbeat: launched_phases=['phase-01', 'phase-02', 'phase-03', 'phase-04', 'phase-05'] pending_phases=['phase-06'] completed_jobs=['barnes', 'blackscholes', 'canneal', 'freqmine', 'streamcluster'] running_jobs=['parsec-radix-2026-05-10-03h36m11s']
2026-05-10T01:40:44.384982+00:00 Job completed: parsec-radix-2026-05-10-03h36m11s
2026-05-10T01:40:44.385411+00:00 Phase dependency satisfied for phase-06: freqmine,radix
2026-05-10T01:40:44.385476+00:00 Launching phase phase-06: vips
2026-05-10T01:40:51.470654+00:00 Scheduler heartbeat: launched_phases=['phase-01', 'phase-02', 'phase-03', 'phase-04', 'phase-05', 'phase-06'] pending_phases=[] completed_jobs=['barnes', 'blackscholes', 'canneal', 'freqmine', 'radix', 'streamcluster'] running_jobs=['parsec-vips-2026-05-10-03h36m11s']
2026-05-10T01:41:09.449057+00:00 Scheduler heartbeat: launched_phases=['phase-01', 'phase-02', 'phase-03', 'phase-04', 'phase-05', 'phase-06'] pending_phases=[] completed_jobs=['barnes', 'blackscholes', 'canneal', 'freqmine', 'radix', 'streamcluster'] running_jobs=['parsec-vips-2026-05-10-03h36m11s']
2026-05-10T01:41:19.567910+00:00 Job completed: parsec-vips-2026-05-10-03h36m11s
2026-05-10T01:41:19.568062+00:00 All batch jobs completed; capturing results.json and stopping mcperf
2026-05-10T01:41:19.568092+00:00 Waiting briefly for final pod termination metadata
2026-05-10T01:41:20.202242+00:00 Stopping mcperf measurement wrapper on client-measure-2qdl with SIGINT
2026-05-10T01:41:34.740777+00:00 mcperf is still running on client-measure-2qdl after SIGINT; escalating to SIGTERM
2026-05-10T01:41:37.230140+00:00 Summarizing run from captured pod snapshot and mcperf output
2026-05-10T01:41:37.231103+00:00 Run completed with status pass makespan=209.0 max_p95_us=461.4
2026-05-10T01:41:37.491234+00:00 Runtime stats refreshed: /home/carti/ETH/Msc/CCA/risultatiPart3/Matte/automation/runs/runtime_stats.json samples=756 eligible_runs=108
