2026-05-05T16:47:10.381699+00:00 Run directory prepared: /home/carti/ETH/Msc/CCA/risultatiPart3/Matte/part3_openEvolve/runs/part3-OPENEVOLVE/2026-05-05-18h47m10s
2026-05-05T16:47:10.381775+00:00 Rendered 8 manifests into /home/carti/ETH/Msc/CCA/risultatiPart3/Matte/part3_openEvolve/runs/part3-OPENEVOLVE/2026-05-05-18h47m10s/rendered_manifests
2026-05-05T16:47:10.381791+00:00 Cleaning previous managed workloads
2026-05-05T16:47:43.200854+00:00 Ensuring canonical node labels and checking client provisioning
2026-05-05T16:47:55.142004+00:00 Applying memcached manifest
2026-05-05T16:47:57.648958+00:00 Capturing benchmark node CPU platforms
2026-05-05T16:47:59.742755+00:00 Benchmark node CPU platform capture complete: node-a-8core=e2-standard-8/AMD Rome, node-b-4core=n2d-highcpu-4/AMD Milan
2026-05-05T16:47:59.743087+00:00 Restarting mcperf-agent.service on client-agent-a (client-agent-a-7cmp)
2026-05-05T16:48:03.960213+00:00 mcperf-agent.service active on client-agent-a (client-agent-a-7cmp)
2026-05-05T16:48:03.960465+00:00 Restarting mcperf-agent.service on client-agent-b (client-agent-b-67sh)
2026-05-05T16:48:08.382074+00:00 mcperf-agent.service active on client-agent-b (client-agent-b-67sh)
2026-05-05T16:48:08.382195+00:00 Starting measurement against memcached IP 100.96.6.74
2026-05-05T16:48:08.741723+00:00 Waiting for first mcperf measurement sample
2026-05-05T16:48:13.375839+00:00 mcperf measurement header observed
2026-05-05T16:48:23.858578+00:00 mcperf measurement is live
2026-05-05T16:48:23.858482+00:00 mcperf measurement sample observed
2026-05-05T16:48:23.858887+00:00 Starting phase scheduler
2026-05-05T16:48:24.036932+00:00 Phase dependency satisfied for phase-01: start
2026-05-05T16:48:24.037052+00:00 Phase dependency satisfied for phase-03: start
2026-05-05T16:48:24.037075+00:00 Launching phase phase-01: canneal
2026-05-05T16:48:24.287010+00:00 Launching phase phase-03: barnes, streamcluster
2026-05-05T16:48:24.979101+00:00 Scheduler heartbeat: launched_phases=['phase-01', 'phase-03'] pending_phases=['phase-02', 'phase-04', 'phase-05', 'phase-06'] completed_jobs=[] running_jobs=['parsec-barnes-2026-05-05-18h47m10s', 'parsec-canneal-2026-05-05-18h47m10s', 'parsec-streamcluster-2026-05-05-18h47m10s']
2026-05-05T16:48:44.110048+00:00 Scheduler heartbeat: launched_phases=['phase-01', 'phase-03'] pending_phases=['phase-02', 'phase-04', 'phase-05', 'phase-06'] completed_jobs=[] running_jobs=['parsec-barnes-2026-05-05-18h47m10s', 'parsec-canneal-2026-05-05-18h47m10s', 'parsec-streamcluster-2026-05-05-18h47m10s']
2026-05-05T16:48:59.640619+00:00 Scheduler heartbeat: launched_phases=['phase-01', 'phase-03'] pending_phases=['phase-02', 'phase-04', 'phase-05', 'phase-06'] completed_jobs=[] running_jobs=['parsec-barnes-2026-05-05-18h47m10s', 'parsec-canneal-2026-05-05-18h47m10s', 'parsec-streamcluster-2026-05-05-18h47m10s']
2026-05-05T16:49:18.732668+00:00 Scheduler heartbeat: launched_phases=['phase-01', 'phase-03'] pending_phases=['phase-02', 'phase-04', 'phase-05', 'phase-06'] completed_jobs=[] running_jobs=['parsec-barnes-2026-05-05-18h47m10s', 'parsec-canneal-2026-05-05-18h47m10s', 'parsec-streamcluster-2026-05-05-18h47m10s']
2026-05-05T16:49:28.297070+00:00 Job completed: parsec-barnes-2026-05-05-18h47m10s
2026-05-05T16:49:28.297205+00:00 Phase dependency satisfied for phase-04: barnes
2026-05-05T16:49:28.297226+00:00 Launching phase phase-04: freqmine
2026-05-05T16:49:34.784947+00:00 Scheduler heartbeat: launched_phases=['phase-01', 'phase-03', 'phase-04'] pending_phases=['phase-02', 'phase-05', 'phase-06'] completed_jobs=['barnes'] running_jobs=['parsec-canneal-2026-05-05-18h47m10s', 'parsec-freqmine-2026-05-05-18h47m10s', 'parsec-streamcluster-2026-05-05-18h47m10s']
2026-05-05T16:49:53.982290+00:00 Scheduler heartbeat: launched_phases=['phase-01', 'phase-03', 'phase-04'] pending_phases=['phase-02', 'phase-05', 'phase-06'] completed_jobs=['barnes'] running_jobs=['parsec-canneal-2026-05-05-18h47m10s', 'parsec-freqmine-2026-05-05-18h47m10s', 'parsec-streamcluster-2026-05-05-18h47m10s']
2026-05-05T16:50:09.589351+00:00 Scheduler heartbeat: launched_phases=['phase-01', 'phase-03', 'phase-04'] pending_phases=['phase-02', 'phase-05', 'phase-06'] completed_jobs=['barnes'] running_jobs=['parsec-canneal-2026-05-05-18h47m10s', 'parsec-freqmine-2026-05-05-18h47m10s', 'parsec-streamcluster-2026-05-05-18h47m10s']
2026-05-05T16:50:28.693467+00:00 Scheduler heartbeat: launched_phases=['phase-01', 'phase-03', 'phase-04'] pending_phases=['phase-02', 'phase-05', 'phase-06'] completed_jobs=['barnes'] running_jobs=['parsec-canneal-2026-05-05-18h47m10s', 'parsec-freqmine-2026-05-05-18h47m10s', 'parsec-streamcluster-2026-05-05-18h47m10s']
2026-05-05T16:50:29.889224+00:00 Job completed: parsec-canneal-2026-05-05-18h47m10s
2026-05-05T16:50:29.889347+00:00 Phase dependency satisfied for phase-02: canneal
2026-05-05T16:50:29.889366+00:00 Launching phase phase-02: blackscholes
2026-05-05T16:50:44.726694+00:00 Scheduler heartbeat: launched_phases=['phase-01', 'phase-02', 'phase-03', 'phase-04'] pending_phases=['phase-05', 'phase-06'] completed_jobs=['barnes', 'canneal'] running_jobs=['parsec-blackscholes-2026-05-05-18h47m10s', 'parsec-freqmine-2026-05-05-18h47m10s', 'parsec-streamcluster-2026-05-05-18h47m10s']
2026-05-05T16:51:03.935217+00:00 Scheduler heartbeat: launched_phases=['phase-01', 'phase-02', 'phase-03', 'phase-04'] pending_phases=['phase-05', 'phase-06'] completed_jobs=['barnes', 'canneal'] running_jobs=['parsec-blackscholes-2026-05-05-18h47m10s', 'parsec-freqmine-2026-05-05-18h47m10s', 'parsec-streamcluster-2026-05-05-18h47m10s']
2026-05-05T16:51:19.547469+00:00 Scheduler heartbeat: launched_phases=['phase-01', 'phase-02', 'phase-03', 'phase-04'] pending_phases=['phase-05', 'phase-06'] completed_jobs=['barnes', 'canneal'] running_jobs=['parsec-blackscholes-2026-05-05-18h47m10s', 'parsec-freqmine-2026-05-05-18h47m10s', 'parsec-streamcluster-2026-05-05-18h47m10s']
2026-05-05T16:51:21.951694+00:00 Job completed: parsec-blackscholes-2026-05-05-18h47m10s
2026-05-05T16:51:36.331823+00:00 Job completed: parsec-freqmine-2026-05-05-18h47m10s
2026-05-05T16:51:38.724533+00:00 Scheduler heartbeat: launched_phases=['phase-01', 'phase-02', 'phase-03', 'phase-04'] pending_phases=['phase-05', 'phase-06'] completed_jobs=['barnes', 'blackscholes', 'canneal', 'freqmine'] running_jobs=['parsec-streamcluster-2026-05-05-18h47m10s']
2026-05-05T16:51:41.123071+00:00 Job completed: parsec-streamcluster-2026-05-05-18h47m10s
2026-05-05T16:51:41.123224+00:00 Phase dependency satisfied for phase-05: streamcluster
2026-05-05T16:51:41.123245+00:00 Launching phase phase-05: radix
2026-05-05T16:51:53.758902+00:00 Scheduler heartbeat: launched_phases=['phase-01', 'phase-02', 'phase-03', 'phase-04', 'phase-05'] pending_phases=['phase-06'] completed_jobs=['barnes', 'blackscholes', 'canneal', 'freqmine', 'streamcluster'] running_jobs=['parsec-radix-2026-05-05-18h47m10s']
2026-05-05T16:51:54.953716+00:00 Job completed: parsec-radix-2026-05-05-18h47m10s
2026-05-05T16:51:54.953855+00:00 Phase dependency satisfied for phase-06: freqmine,radix
2026-05-05T16:51:54.953875+00:00 Launching phase phase-06: vips
2026-05-05T16:52:12.437097+00:00 Scheduler heartbeat: launched_phases=['phase-01', 'phase-02', 'phase-03', 'phase-04', 'phase-05', 'phase-06'] pending_phases=[] completed_jobs=['barnes', 'blackscholes', 'canneal', 'freqmine', 'radix', 'streamcluster'] running_jobs=['parsec-vips-2026-05-05-18h47m10s']
2026-05-05T16:52:28.105932+00:00 Scheduler heartbeat: launched_phases=['phase-01', 'phase-02', 'phase-03', 'phase-04', 'phase-05', 'phase-06'] pending_phases=[] completed_jobs=['barnes', 'blackscholes', 'canneal', 'freqmine', 'radix', 'streamcluster'] running_jobs=['parsec-vips-2026-05-05-18h47m10s']
2026-05-05T16:52:30.499385+00:00 Job completed: parsec-vips-2026-05-05-18h47m10s
2026-05-05T16:52:30.499524+00:00 All batch jobs completed; capturing results.json and stopping mcperf
2026-05-05T16:52:30.499545+00:00 Waiting briefly for final pod termination metadata
2026-05-05T16:52:30.918113+00:00 Stopping mcperf measurement wrapper on client-measure-1lr0 with SIGINT
2026-05-05T16:52:46.638847+00:00 mcperf is still running on client-measure-1lr0 after SIGINT; escalating to SIGTERM
2026-05-05T16:52:48.777028+00:00 Summarizing run from captured pod snapshot and mcperf output
2026-05-05T16:52:48.779422+00:00 Run completed with status pass makespan=228.0 max_p95_us=387.7
2026-05-05T16:52:48.821782+00:00 Runtime stats refreshed: /home/carti/ETH/Msc/CCA/risultatiPart3/Matte/part3_openEvolve/runs/runtime_stats.json samples=154 eligible_runs=22
