2026-05-05T14:21:57.223714+00:00 Run directory prepared: /home/carti/ETH/Msc/CCA/risultatiPart3/Matte/automation/runs/part3-handcrafted/2026-05-05-16h21m57s
2026-05-05T14:21:57.223861+00:00 Rendered 8 manifests into /home/carti/ETH/Msc/CCA/risultatiPart3/Matte/automation/runs/part3-handcrafted/2026-05-05-16h21m57s/rendered_manifests
2026-05-05T14:21:57.223884+00:00 Cleaning previous managed workloads
2026-05-05T14:22:29.884479+00:00 Ensuring canonical node labels and checking client provisioning
2026-05-05T14:22:40.867461+00:00 Applying memcached manifest
2026-05-05T14:22:43.991943+00:00 Capturing benchmark node CPU platforms
2026-05-05T14:22:47.928783+00:00 Benchmark node CPU platform capture complete: node-a-8core=e2-standard-8/AMD Rome, node-b-4core=n2d-highcpu-4/AMD Milan
2026-05-05T14:22:47.929420+00:00 Restarting mcperf-agent.service on client-agent-a (client-agent-a-7cmp)
2026-05-05T14:22:53.833832+00:00 mcperf-agent.service active on client-agent-a (client-agent-a-7cmp)
2026-05-05T14:22:53.833979+00:00 Restarting mcperf-agent.service on client-agent-b (client-agent-b-67sh)
2026-05-05T14:22:59.722969+00:00 mcperf-agent.service active on client-agent-b (client-agent-b-67sh)
2026-05-05T14:22:59.723084+00:00 Starting measurement against memcached IP 100.96.6.35
2026-05-05T14:23:00.082469+00:00 Waiting for first mcperf measurement sample
2026-05-05T14:23:08.941891+00:00 mcperf measurement header observed
2026-05-05T14:23:19.486633+00:00 mcperf measurement sample observed
2026-05-05T14:23:19.486720+00:00 mcperf measurement is live
2026-05-05T14:23:19.487023+00:00 Starting phase scheduler
2026-05-05T14:23:19.735135+00:00 Phase dependency satisfied for phase-01: start
2026-05-05T14:23:19.735327+00:00 Phase dependency satisfied for phase-03: start
2026-05-05T14:23:19.735376+00:00 Phase dependency satisfied for phase-06: start
2026-05-05T14:23:19.735408+00:00 Launching phase phase-01: canneal
2026-05-05T14:23:20.138626+00:00 Launching phase phase-03: streamcluster
2026-05-05T14:23:20.537002+00:00 Launching phase phase-06: freqmine
2026-05-05T14:23:21.215881+00:00 Scheduler heartbeat: launched_phases=['phase-01', 'phase-03', 'phase-06'] pending_phases=['phase-02', 'phase-04', 'phase-05', 'phase-07'] completed_jobs=[] running_jobs=['parsec-canneal-2026-05-05-16h21m57s', 'parsec-freqmine-2026-05-05-16h21m57s', 'parsec-streamcluster-2026-05-05-16h21m57s']
2026-05-05T14:23:36.514644+00:00 Scheduler heartbeat: launched_phases=['phase-01', 'phase-03', 'phase-06'] pending_phases=['phase-02', 'phase-04', 'phase-05', 'phase-07'] completed_jobs=[] running_jobs=['parsec-canneal-2026-05-05-16h21m57s', 'parsec-freqmine-2026-05-05-16h21m57s', 'parsec-streamcluster-2026-05-05-16h21m57s']
2026-05-05T14:23:55.241619+00:00 Scheduler heartbeat: launched_phases=['phase-01', 'phase-03', 'phase-06'] pending_phases=['phase-02', 'phase-04', 'phase-05', 'phase-07'] completed_jobs=[] running_jobs=['parsec-canneal-2026-05-05-16h21m57s', 'parsec-freqmine-2026-05-05-16h21m57s', 'parsec-streamcluster-2026-05-05-16h21m57s']
2026-05-05T14:24:10.682181+00:00 Scheduler heartbeat: launched_phases=['phase-01', 'phase-03', 'phase-06'] pending_phases=['phase-02', 'phase-04', 'phase-05', 'phase-07'] completed_jobs=[] running_jobs=['parsec-canneal-2026-05-05-16h21m57s', 'parsec-freqmine-2026-05-05-16h21m57s', 'parsec-streamcluster-2026-05-05-16h21m57s']
2026-05-05T14:24:30.034160+00:00 Scheduler heartbeat: launched_phases=['phase-01', 'phase-03', 'phase-06'] pending_phases=['phase-02', 'phase-04', 'phase-05', 'phase-07'] completed_jobs=[] running_jobs=['parsec-canneal-2026-05-05-16h21m57s', 'parsec-freqmine-2026-05-05-16h21m57s', 'parsec-streamcluster-2026-05-05-16h21m57s']
2026-05-05T14:24:45.882690+00:00 Scheduler heartbeat: launched_phases=['phase-01', 'phase-03', 'phase-06'] pending_phases=['phase-02', 'phase-04', 'phase-05', 'phase-07'] completed_jobs=[] running_jobs=['parsec-canneal-2026-05-05-16h21m57s', 'parsec-freqmine-2026-05-05-16h21m57s', 'parsec-streamcluster-2026-05-05-16h21m57s']
2026-05-05T14:25:05.488140+00:00 Scheduler heartbeat: launched_phases=['phase-01', 'phase-03', 'phase-06'] pending_phases=['phase-02', 'phase-04', 'phase-05', 'phase-07'] completed_jobs=[] running_jobs=['parsec-canneal-2026-05-05-16h21m57s', 'parsec-freqmine-2026-05-05-16h21m57s', 'parsec-streamcluster-2026-05-05-16h21m57s']
2026-05-05T14:25:18.246908+00:00 Job completed: parsec-freqmine-2026-05-05-16h21m57s
2026-05-05T14:25:18.247069+00:00 Phase dependency satisfied for phase-07: freqmine
2026-05-05T14:25:18.247094+00:00 Launching phase phase-07: vips
2026-05-05T14:25:20.235515+00:00 Job completed: parsec-canneal-2026-05-05-16h21m57s
2026-05-05T14:25:20.235720+00:00 Phase dependency satisfied for phase-02: canneal
2026-05-05T14:25:20.235771+00:00 Launching phase phase-02: blackscholes
2026-05-05T14:25:20.942087+00:00 Scheduler heartbeat: launched_phases=['phase-01', 'phase-02', 'phase-03', 'phase-06', 'phase-07'] pending_phases=['phase-04', 'phase-05'] completed_jobs=['canneal', 'freqmine'] running_jobs=['parsec-blackscholes-2026-05-05-16h21m57s', 'parsec-streamcluster-2026-05-05-16h21m57s', 'parsec-vips-2026-05-05-16h21m57s']
2026-05-05T14:25:39.652694+00:00 Scheduler heartbeat: launched_phases=['phase-01', 'phase-02', 'phase-03', 'phase-06', 'phase-07'] pending_phases=['phase-04', 'phase-05'] completed_jobs=['canneal', 'freqmine'] running_jobs=['parsec-blackscholes-2026-05-05-16h21m57s', 'parsec-streamcluster-2026-05-05-16h21m57s', 'parsec-vips-2026-05-05-16h21m57s']
2026-05-05T14:25:54.900287+00:00 Scheduler heartbeat: launched_phases=['phase-01', 'phase-02', 'phase-03', 'phase-06', 'phase-07'] pending_phases=['phase-04', 'phase-05'] completed_jobs=['canneal', 'freqmine'] running_jobs=['parsec-blackscholes-2026-05-05-16h21m57s', 'parsec-streamcluster-2026-05-05-16h21m57s', 'parsec-vips-2026-05-05-16h21m57s']
2026-05-05T14:25:57.577347+00:00 Job completed: parsec-vips-2026-05-05-16h21m57s
2026-05-05T14:26:14.459806+00:00 Scheduler heartbeat: launched_phases=['phase-01', 'phase-02', 'phase-03', 'phase-06', 'phase-07'] pending_phases=['phase-04', 'phase-05'] completed_jobs=['canneal', 'freqmine', 'vips'] running_jobs=['parsec-blackscholes-2026-05-05-16h21m57s', 'parsec-streamcluster-2026-05-05-16h21m57s']
2026-05-05T14:26:19.607839+00:00 Job completed: parsec-blackscholes-2026-05-05-16h21m57s
2026-05-05T14:26:29.992429+00:00 Scheduler heartbeat: launched_phases=['phase-01', 'phase-02', 'phase-03', 'phase-06', 'phase-07'] pending_phases=['phase-04', 'phase-05'] completed_jobs=['blackscholes', 'canneal', 'freqmine', 'vips'] running_jobs=['parsec-streamcluster-2026-05-05-16h21m57s']
2026-05-05T14:26:48.986114+00:00 Scheduler heartbeat: launched_phases=['phase-01', 'phase-02', 'phase-03', 'phase-06', 'phase-07'] pending_phases=['phase-04', 'phase-05'] completed_jobs=['blackscholes', 'canneal', 'freqmine', 'vips'] running_jobs=['parsec-streamcluster-2026-05-05-16h21m57s']
2026-05-05T14:27:00.615681+00:00 Job completed: parsec-streamcluster-2026-05-05-16h21m57s
2026-05-05T14:27:00.615897+00:00 Phase dependency satisfied for phase-04: streamcluster
2026-05-05T14:27:00.616060+00:00 Launching phase phase-04: radix
2026-05-05T14:27:05.223466+00:00 Scheduler heartbeat: launched_phases=['phase-01', 'phase-02', 'phase-03', 'phase-04', 'phase-06', 'phase-07'] pending_phases=['phase-05'] completed_jobs=['blackscholes', 'canneal', 'freqmine', 'streamcluster', 'vips'] running_jobs=['parsec-radix-2026-05-05-16h21m57s']
2026-05-05T14:27:17.925350+00:00 Job completed: parsec-radix-2026-05-05-16h21m57s
2026-05-05T14:27:17.925537+00:00 Phase dependency satisfied for phase-05: radix
2026-05-05T14:27:17.925573+00:00 Launching phase phase-05: barnes
2026-05-05T14:27:25.081509+00:00 Scheduler heartbeat: launched_phases=['phase-01', 'phase-02', 'phase-03', 'phase-04', 'phase-05', 'phase-06', 'phase-07'] pending_phases=[] completed_jobs=['blackscholes', 'canneal', 'freqmine', 'radix', 'streamcluster', 'vips'] running_jobs=['parsec-barnes-2026-05-05-16h21m57s']
2026-05-05T14:27:40.668909+00:00 Scheduler heartbeat: launched_phases=['phase-01', 'phase-02', 'phase-03', 'phase-04', 'phase-05', 'phase-06', 'phase-07'] pending_phases=[] completed_jobs=['blackscholes', 'canneal', 'freqmine', 'radix', 'streamcluster', 'vips'] running_jobs=['parsec-barnes-2026-05-05-16h21m57s']
2026-05-05T14:27:53.278962+00:00 Job completed: parsec-barnes-2026-05-05-16h21m57s
2026-05-05T14:27:53.279338+00:00 All batch jobs completed; capturing results.json and stopping mcperf
2026-05-05T14:27:53.279433+00:00 Waiting briefly for final pod termination metadata
2026-05-05T14:27:53.906860+00:00 Stopping mcperf measurement wrapper on client-measure-1lr0 with SIGINT
2026-05-05T14:28:09.434153+00:00 mcperf is still running on client-measure-1lr0 after SIGINT; escalating to SIGTERM
2026-05-05T14:28:12.991183+00:00 Summarizing run from captured pod snapshot and mcperf output
2026-05-05T14:28:12.996538+00:00 Run completed with status pass makespan=267.0 max_p95_us=394.6
2026-05-05T14:28:13.153689+00:00 Runtime stats refreshed: /home/carti/ETH/Msc/CCA/risultatiPart3/Matte/automation/runs/runtime_stats.json samples=322 eligible_runs=46
