2026-05-09T15:04:43.448388+00:00 Run directory prepared: /home/carti/ETH/Msc/CCA/risultatiPart3/Matte/automation/runs/part3-PartB/2026-05-09-17h04m43s
2026-05-09T15:04:43.448440+00:00 Rendered 8 manifests into /home/carti/ETH/Msc/CCA/risultatiPart3/Matte/automation/runs/part3-PartB/2026-05-09-17h04m43s/rendered_manifests
2026-05-09T15:04:43.448460+00:00 Cleaning previous managed workloads
2026-05-09T15:05:16.419983+00:00 Ensuring canonical node labels and checking client provisioning
2026-05-09T15:05:27.008085+00:00 Applying memcached manifest
2026-05-09T15:05:31.051223+00:00 Capturing benchmark node CPU platforms
2026-05-09T15:05:34.132929+00:00 Benchmark node CPU platform capture complete: node-a-8core=e2-standard-8/AMD Rome, node-b-4core=n2d-highcpu-4/AMD Milan
2026-05-09T15:05:34.133991+00:00 Restarting mcperf-agent.service on client-agent-a (client-agent-a-1p0l)
2026-05-09T15:05:40.047132+00:00 mcperf-agent.service active on client-agent-a (client-agent-a-1p0l)
2026-05-09T15:05:40.047595+00:00 Restarting mcperf-agent.service on client-agent-b (client-agent-b-j3kd)
2026-05-09T15:05:45.938392+00:00 mcperf-agent.service active on client-agent-b (client-agent-b-j3kd)
2026-05-09T15:05:45.938561+00:00 Starting measurement against memcached IP 100.96.4.92
2026-05-09T15:05:46.522795+00:00 Waiting for first mcperf measurement sample
2026-05-09T15:05:53.442960+00:00 mcperf measurement header observed
2026-05-09T15:06:04.855389+00:00 mcperf measurement sample observed
2026-05-09T15:06:04.855822+00:00 mcperf measurement is live
2026-05-09T15:06:04.856066+00:00 Starting phase scheduler
2026-05-09T15:06:05.201934+00:00 Phase dependency satisfied for phase-01: start
2026-05-09T15:06:05.202283+00:00 Launching phase phase-01: streamcluster, blackscholes
2026-05-09T15:06:06.428650+00:00 Scheduler heartbeat: launched_phases=['phase-01'] pending_phases=['phase-02', 'phase-03', 'phase-04', 'phase-05'] completed_jobs=[] running_jobs=['parsec-blackscholes-2026-05-09-17h04m43s', 'parsec-streamcluster-2026-05-09-17h04m43s']
2026-05-09T15:06:22.262039+00:00 Scheduler heartbeat: launched_phases=['phase-01'] pending_phases=['phase-02', 'phase-03', 'phase-04', 'phase-05'] completed_jobs=[] running_jobs=['parsec-blackscholes-2026-05-09-17h04m43s', 'parsec-streamcluster-2026-05-09-17h04m43s']
2026-05-09T15:06:38.144326+00:00 Scheduler heartbeat: launched_phases=['phase-01'] pending_phases=['phase-02', 'phase-03', 'phase-04', 'phase-05'] completed_jobs=[] running_jobs=['parsec-blackscholes-2026-05-09-17h04m43s', 'parsec-streamcluster-2026-05-09-17h04m43s']
2026-05-09T15:06:54.937593+00:00 Scheduler heartbeat: launched_phases=['phase-01'] pending_phases=['phase-02', 'phase-03', 'phase-04', 'phase-05'] completed_jobs=[] running_jobs=['parsec-blackscholes-2026-05-09-17h04m43s', 'parsec-streamcluster-2026-05-09-17h04m43s']
2026-05-09T15:06:58.989698+00:00 Job completed: parsec-blackscholes-2026-05-09-17h04m43s
2026-05-09T15:06:58.990534+00:00 Phase dependency satisfied for phase-03: blackscholes
2026-05-09T15:06:58.991051+00:00 Launching phase phase-03: canneal
2026-05-09T15:07:10.980206+00:00 Scheduler heartbeat: launched_phases=['phase-01', 'phase-03'] pending_phases=['phase-02', 'phase-04', 'phase-05'] completed_jobs=['blackscholes'] running_jobs=['parsec-canneal-2026-05-09-17h04m43s', 'parsec-streamcluster-2026-05-09-17h04m43s']
2026-05-09T15:07:28.351762+00:00 Scheduler heartbeat: launched_phases=['phase-01', 'phase-03'] pending_phases=['phase-02', 'phase-04', 'phase-05'] completed_jobs=['blackscholes'] running_jobs=['parsec-canneal-2026-05-09-17h04m43s', 'parsec-streamcluster-2026-05-09-17h04m43s']
2026-05-09T15:07:44.309719+00:00 Scheduler heartbeat: launched_phases=['phase-01', 'phase-03'] pending_phases=['phase-02', 'phase-04', 'phase-05'] completed_jobs=['blackscholes'] running_jobs=['parsec-canneal-2026-05-09-17h04m43s', 'parsec-streamcluster-2026-05-09-17h04m43s']
2026-05-09T15:08:00.289733+00:00 Scheduler heartbeat: launched_phases=['phase-01', 'phase-03'] pending_phases=['phase-02', 'phase-04', 'phase-05'] completed_jobs=['blackscholes'] running_jobs=['parsec-canneal-2026-05-09-17h04m43s', 'parsec-streamcluster-2026-05-09-17h04m43s']
2026-05-09T15:08:11.379824+00:00 Job completed: parsec-streamcluster-2026-05-09-17h04m43s
2026-05-09T15:08:11.380042+00:00 Phase dependency satisfied for phase-02: streamcluster
2026-05-09T15:08:11.380084+00:00 Launching phase phase-02: freqmine
2026-05-09T15:08:16.572776+00:00 Scheduler heartbeat: launched_phases=['phase-01', 'phase-02', 'phase-03'] pending_phases=['phase-04', 'phase-05'] completed_jobs=['blackscholes', 'streamcluster'] running_jobs=['parsec-canneal-2026-05-09-17h04m43s', 'parsec-freqmine-2026-05-09-17h04m43s']
2026-05-09T15:08:33.593304+00:00 Scheduler heartbeat: launched_phases=['phase-01', 'phase-02', 'phase-03'] pending_phases=['phase-04', 'phase-05'] completed_jobs=['blackscholes', 'streamcluster'] running_jobs=['parsec-canneal-2026-05-09-17h04m43s', 'parsec-freqmine-2026-05-09-17h04m43s']
2026-05-09T15:08:49.900671+00:00 Scheduler heartbeat: launched_phases=['phase-01', 'phase-02', 'phase-03'] pending_phases=['phase-04', 'phase-05'] completed_jobs=['blackscholes', 'streamcluster'] running_jobs=['parsec-canneal-2026-05-09-17h04m43s', 'parsec-freqmine-2026-05-09-17h04m43s']
2026-05-09T15:09:03.415898+00:00 Job completed: parsec-canneal-2026-05-09-17h04m43s
2026-05-09T15:09:03.416276+00:00 Phase dependency satisfied for phase-05: canneal
2026-05-09T15:09:03.416358+00:00 Launching phase phase-05: barnes
2026-05-09T15:09:06.279420+00:00 Scheduler heartbeat: launched_phases=['phase-01', 'phase-02', 'phase-03', 'phase-05'] pending_phases=['phase-04'] completed_jobs=['blackscholes', 'canneal', 'streamcluster'] running_jobs=['parsec-barnes-2026-05-09-17h04m43s', 'parsec-freqmine-2026-05-09-17h04m43s']
2026-05-09T15:09:21.328606+00:00 Scheduler heartbeat: launched_phases=['phase-01', 'phase-02', 'phase-03', 'phase-05'] pending_phases=['phase-04'] completed_jobs=['blackscholes', 'canneal', 'streamcluster'] running_jobs=['parsec-barnes-2026-05-09-17h04m43s', 'parsec-freqmine-2026-05-09-17h04m43s']
2026-05-09T15:09:24.049997+00:00 Job completed: parsec-freqmine-2026-05-09-17h04m43s
2026-05-09T15:09:24.050773+00:00 Phase dependency satisfied for phase-04: freqmine
2026-05-09T15:09:24.053080+00:00 Launching phase phase-04: vips, radix
2026-05-09T15:09:36.398682+00:00 Scheduler heartbeat: launched_phases=['phase-01', 'phase-02', 'phase-03', 'phase-04', 'phase-05'] pending_phases=[] completed_jobs=['blackscholes', 'canneal', 'freqmine', 'streamcluster'] running_jobs=['parsec-barnes-2026-05-09-17h04m43s', 'parsec-radix-2026-05-09-17h04m43s', 'parsec-vips-2026-05-09-17h04m43s']
2026-05-09T15:09:52.125148+00:00 Scheduler heartbeat: launched_phases=['phase-01', 'phase-02', 'phase-03', 'phase-04', 'phase-05'] pending_phases=[] completed_jobs=['blackscholes', 'canneal', 'freqmine', 'streamcluster'] running_jobs=['parsec-barnes-2026-05-09-17h04m43s', 'parsec-radix-2026-05-09-17h04m43s', 'parsec-vips-2026-05-09-17h04m43s']
2026-05-09T15:10:00.228984+00:00 Job completed: parsec-vips-2026-05-09-17h04m43s
2026-05-09T15:10:00.229353+00:00 Job completed: parsec-radix-2026-05-09-17h04m43s
2026-05-09T15:10:07.307965+00:00 Scheduler heartbeat: launched_phases=['phase-01', 'phase-02', 'phase-03', 'phase-04', 'phase-05'] pending_phases=[] completed_jobs=['blackscholes', 'canneal', 'freqmine', 'radix', 'streamcluster', 'vips'] running_jobs=['parsec-barnes-2026-05-09-17h04m43s']
2026-05-09T15:10:13.527588+00:00 Job completed: parsec-barnes-2026-05-09-17h04m43s
2026-05-09T15:10:13.528025+00:00 All batch jobs completed; capturing results.json and stopping mcperf
2026-05-09T15:10:13.528117+00:00 Waiting briefly for final pod termination metadata
2026-05-09T15:10:14.651832+00:00 Stopping mcperf measurement wrapper on client-measure-qsfk with SIGINT
2026-05-09T15:10:27.768762+00:00 mcperf is still running on client-measure-qsfk after SIGINT; escalating to SIGTERM
2026-05-09T15:10:30.793058+00:00 Summarizing run from captured pod snapshot and mcperf output
2026-05-09T15:10:30.794814+00:00 Run completed with status pass makespan=242.0 max_p95_us=493.9
2026-05-09T15:10:30.971615+00:00 Runtime stats refreshed: /home/carti/ETH/Msc/CCA/risultatiPart3/Matte/automation/runs/runtime_stats.json samples=616 eligible_runs=88
