2026-05-09T12:40:26.053063+00:00 Run directory prepared: /home/carti/ETH/Msc/CCA/risultatiPart3/Matte/automation/runs/part3-PartA/2026-05-09-14h40m26s
2026-05-09T12:40:26.053181+00:00 Rendered 8 manifests into /home/carti/ETH/Msc/CCA/risultatiPart3/Matte/automation/runs/part3-PartA/2026-05-09-14h40m26s/rendered_manifests
2026-05-09T12:40:26.053253+00:00 Cleaning previous managed workloads
2026-05-09T12:40:59.772168+00:00 Ensuring canonical node labels and checking client provisioning
2026-05-09T12:41:13.853146+00:00 Applying memcached manifest
2026-05-09T12:41:17.800518+00:00 Capturing benchmark node CPU platforms
2026-05-09T12:41:22.929465+00:00 Benchmark node CPU platform capture complete: node-a-8core=e2-standard-8/AMD Rome, node-b-4core=n2d-highcpu-4/AMD Milan
2026-05-09T12:41:22.930135+00:00 Restarting mcperf-agent.service on client-agent-a (client-agent-a-1p0l)
2026-05-09T12:41:31.129164+00:00 mcperf-agent.service active on client-agent-a (client-agent-a-1p0l)
2026-05-09T12:41:31.129681+00:00 Restarting mcperf-agent.service on client-agent-b (client-agent-b-j3kd)
2026-05-09T12:41:39.068122+00:00 mcperf-agent.service active on client-agent-b (client-agent-b-j3kd)
2026-05-09T12:41:39.068510+00:00 Starting measurement against memcached IP 100.96.4.15
2026-05-09T12:41:39.910586+00:00 Waiting for first mcperf measurement sample
2026-05-09T12:41:47.085589+00:00 mcperf measurement header observed
2026-05-09T12:41:58.809327+00:00 mcperf measurement sample observed
2026-05-09T12:41:58.810069+00:00 mcperf measurement is live
2026-05-09T12:41:58.810399+00:00 Starting phase scheduler
2026-05-09T12:41:59.351232+00:00 Phase dependency satisfied for phase-01: start
2026-05-09T12:41:59.351721+00:00 Phase dependency satisfied for phase-04: start
2026-05-09T12:41:59.351857+00:00 Phase dependency satisfied for phase-06: start
2026-05-09T12:41:59.351944+00:00 Launching phase phase-01: canneal
2026-05-09T12:42:00.043600+00:00 Launching phase phase-04: streamcluster
2026-05-09T12:42:00.637244+00:00 Launching phase phase-06: freqmine
2026-05-09T12:42:01.980026+00:00 Scheduler heartbeat: launched_phases=['phase-01', 'phase-04', 'phase-06'] pending_phases=['phase-02', 'phase-03', 'phase-05', 'phase-07'] completed_jobs=[] running_jobs=['parsec-canneal-2026-05-09-14h40m26s', 'parsec-freqmine-2026-05-09-14h40m26s', 'parsec-streamcluster-2026-05-09-14h40m26s']
2026-05-09T12:42:18.169671+00:00 Scheduler heartbeat: launched_phases=['phase-01', 'phase-04', 'phase-06'] pending_phases=['phase-02', 'phase-03', 'phase-05', 'phase-07'] completed_jobs=[] running_jobs=['parsec-canneal-2026-05-09-14h40m26s', 'parsec-freqmine-2026-05-09-14h40m26s', 'parsec-streamcluster-2026-05-09-14h40m26s']
2026-05-09T12:42:34.991827+00:00 Scheduler heartbeat: launched_phases=['phase-01', 'phase-04', 'phase-06'] pending_phases=['phase-02', 'phase-03', 'phase-05', 'phase-07'] completed_jobs=[] running_jobs=['parsec-canneal-2026-05-09-14h40m26s', 'parsec-freqmine-2026-05-09-14h40m26s', 'parsec-streamcluster-2026-05-09-14h40m26s']
2026-05-09T12:42:50.426406+00:00 Scheduler heartbeat: launched_phases=['phase-01', 'phase-04', 'phase-06'] pending_phases=['phase-02', 'phase-03', 'phase-05', 'phase-07'] completed_jobs=[] running_jobs=['parsec-canneal-2026-05-09-14h40m26s', 'parsec-freqmine-2026-05-09-14h40m26s', 'parsec-streamcluster-2026-05-09-14h40m26s']
2026-05-09T12:43:05.626836+00:00 Scheduler heartbeat: launched_phases=['phase-01', 'phase-04', 'phase-06'] pending_phases=['phase-02', 'phase-03', 'phase-05', 'phase-07'] completed_jobs=[] running_jobs=['parsec-canneal-2026-05-09-14h40m26s', 'parsec-freqmine-2026-05-09-14h40m26s', 'parsec-streamcluster-2026-05-09-14h40m26s']
2026-05-09T12:43:21.732926+00:00 Scheduler heartbeat: launched_phases=['phase-01', 'phase-04', 'phase-06'] pending_phases=['phase-02', 'phase-03', 'phase-05', 'phase-07'] completed_jobs=[] running_jobs=['parsec-canneal-2026-05-09-14h40m26s', 'parsec-freqmine-2026-05-09-14h40m26s', 'parsec-streamcluster-2026-05-09-14h40m26s']
2026-05-09T12:43:36.875630+00:00 Scheduler heartbeat: launched_phases=['phase-01', 'phase-04', 'phase-06'] pending_phases=['phase-02', 'phase-03', 'phase-05', 'phase-07'] completed_jobs=[] running_jobs=['parsec-canneal-2026-05-09-14h40m26s', 'parsec-freqmine-2026-05-09-14h40m26s', 'parsec-streamcluster-2026-05-09-14h40m26s']
2026-05-09T12:43:53.519109+00:00 Scheduler heartbeat: launched_phases=['phase-01', 'phase-04', 'phase-06'] pending_phases=['phase-02', 'phase-03', 'phase-05', 'phase-07'] completed_jobs=[] running_jobs=['parsec-canneal-2026-05-09-14h40m26s', 'parsec-freqmine-2026-05-09-14h40m26s', 'parsec-streamcluster-2026-05-09-14h40m26s']
2026-05-09T12:43:56.792237+00:00 Job completed: parsec-canneal-2026-05-09-14h40m26s
2026-05-09T12:43:56.792730+00:00 Phase dependency satisfied for phase-02: canneal
2026-05-09T12:43:56.792841+00:00 Launching phase phase-02: blackscholes
2026-05-09T12:44:09.668067+00:00 Job completed: parsec-freqmine-2026-05-09-14h40m26s
2026-05-09T12:44:09.668619+00:00 Phase dependency satisfied for phase-07: freqmine
2026-05-09T12:44:09.668902+00:00 Launching phase phase-07: barnes
2026-05-09T12:44:11.306685+00:00 Scheduler heartbeat: launched_phases=['phase-01', 'phase-02', 'phase-04', 'phase-06', 'phase-07'] pending_phases=['phase-03', 'phase-05'] completed_jobs=['canneal', 'freqmine'] running_jobs=['parsec-barnes-2026-05-09-14h40m26s', 'parsec-blackscholes-2026-05-09-14h40m26s', 'parsec-streamcluster-2026-05-09-14h40m26s']
2026-05-09T12:44:26.520050+00:00 Scheduler heartbeat: launched_phases=['phase-01', 'phase-02', 'phase-04', 'phase-06', 'phase-07'] pending_phases=['phase-03', 'phase-05'] completed_jobs=['canneal', 'freqmine'] running_jobs=['parsec-barnes-2026-05-09-14h40m26s', 'parsec-blackscholes-2026-05-09-14h40m26s', 'parsec-streamcluster-2026-05-09-14h40m26s']
2026-05-09T12:44:42.030932+00:00 Scheduler heartbeat: launched_phases=['phase-01', 'phase-02', 'phase-04', 'phase-06', 'phase-07'] pending_phases=['phase-03', 'phase-05'] completed_jobs=['canneal', 'freqmine'] running_jobs=['parsec-barnes-2026-05-09-14h40m26s', 'parsec-blackscholes-2026-05-09-14h40m26s', 'parsec-streamcluster-2026-05-09-14h40m26s']
2026-05-09T12:44:58.523920+00:00 Job completed: parsec-blackscholes-2026-05-09-14h40m26s
2026-05-09T12:44:58.524426+00:00 Phase dependency satisfied for phase-03: blackscholes
2026-05-09T12:44:58.524669+00:00 Launching phase phase-03: vips
2026-05-09T12:44:59.737769+00:00 Scheduler heartbeat: launched_phases=['phase-01', 'phase-02', 'phase-03', 'phase-04', 'phase-06', 'phase-07'] pending_phases=['phase-05'] completed_jobs=['blackscholes', 'canneal', 'freqmine'] running_jobs=['parsec-barnes-2026-05-09-14h40m26s', 'parsec-streamcluster-2026-05-09-14h40m26s', 'parsec-vips-2026-05-09-14h40m26s']
2026-05-09T12:45:09.504905+00:00 Job completed: parsec-barnes-2026-05-09-14h40m26s
2026-05-09T12:45:09.505884+00:00 Phase dependency satisfied for phase-05: barnes
2026-05-09T12:45:09.506148+00:00 Launching phase phase-05: radix
2026-05-09T12:45:15.619515+00:00 Scheduler heartbeat: launched_phases=['phase-01', 'phase-02', 'phase-03', 'phase-04', 'phase-05', 'phase-06', 'phase-07'] pending_phases=[] completed_jobs=['barnes', 'blackscholes', 'canneal', 'freqmine'] running_jobs=['parsec-radix-2026-05-09-14h40m26s', 'parsec-streamcluster-2026-05-09-14h40m26s', 'parsec-vips-2026-05-09-14h40m26s']
2026-05-09T12:45:18.642075+00:00 Job completed: parsec-streamcluster-2026-05-09-14h40m26s
2026-05-09T12:45:23.368294+00:00 Job completed: parsec-radix-2026-05-09-14h40m26s
2026-05-09T12:45:31.765240+00:00 Scheduler heartbeat: launched_phases=['phase-01', 'phase-02', 'phase-03', 'phase-04', 'phase-05', 'phase-06', 'phase-07'] pending_phases=[] completed_jobs=['barnes', 'blackscholes', 'canneal', 'freqmine', 'radix', 'streamcluster'] running_jobs=['parsec-vips-2026-05-09-14h40m26s']
2026-05-09T12:45:48.396469+00:00 Scheduler heartbeat: launched_phases=['phase-01', 'phase-02', 'phase-03', 'phase-04', 'phase-05', 'phase-06', 'phase-07'] pending_phases=[] completed_jobs=['barnes', 'blackscholes', 'canneal', 'freqmine', 'radix', 'streamcluster'] running_jobs=['parsec-vips-2026-05-09-14h40m26s']
2026-05-09T12:46:04.801231+00:00 Scheduler heartbeat: launched_phases=['phase-01', 'phase-02', 'phase-03', 'phase-04', 'phase-05', 'phase-06', 'phase-07'] pending_phases=[] completed_jobs=['barnes', 'blackscholes', 'canneal', 'freqmine', 'radix', 'streamcluster'] running_jobs=['parsec-vips-2026-05-09-14h40m26s']
2026-05-09T12:46:08.114022+00:00 Job completed: parsec-vips-2026-05-09-14h40m26s
2026-05-09T12:46:08.114367+00:00 All batch jobs completed; capturing results.json and stopping mcperf
2026-05-09T12:46:08.114430+00:00 Waiting briefly for final pod termination metadata
2026-05-09T12:46:09.152545+00:00 Stopping mcperf measurement wrapper on client-measure-qsfk with SIGINT
2026-05-09T12:46:23.215514+00:00 mcperf is still running on client-measure-qsfk after SIGINT; escalating to SIGTERM
2026-05-09T12:46:26.448900+00:00 Summarizing run from captured pod snapshot and mcperf output
2026-05-09T12:46:26.451307+00:00 Run completed with status pass makespan=243.0 max_p95_us=406.1
2026-05-09T12:46:26.738929+00:00 Runtime stats refreshed: /home/carti/ETH/Msc/CCA/risultatiPart3/Matte/automation/runs/runtime_stats.json samples=476 eligible_runs=68
