2026-05-05T15:28:04.532783+00:00 Run directory prepared: /home/carti/ETH/Msc/CCA/risultatiPart3/Matte/automation/runs/part3-handcrafted/2026-05-05-17h28m04s
2026-05-05T15:28:04.532858+00:00 Rendered 8 manifests into /home/carti/ETH/Msc/CCA/risultatiPart3/Matte/automation/runs/part3-handcrafted/2026-05-05-17h28m04s/rendered_manifests
2026-05-05T15:28:04.532885+00:00 Cleaning previous managed workloads
2026-05-05T15:28:37.168593+00:00 Ensuring canonical node labels and checking client provisioning
2026-05-05T15:28:46.353573+00:00 Applying memcached manifest
2026-05-05T15:28:49.165015+00:00 Capturing benchmark node CPU platforms
2026-05-05T15:28:51.920847+00:00 Benchmark node CPU platform capture complete: node-a-8core=e2-standard-8/AMD Rome, node-b-4core=n2d-highcpu-4/AMD Milan
2026-05-05T15:28:51.921143+00:00 Restarting mcperf-agent.service on client-agent-a (client-agent-a-7cmp)
2026-05-05T15:28:56.757176+00:00 mcperf-agent.service active on client-agent-a (client-agent-a-7cmp)
2026-05-05T15:28:56.757406+00:00 Restarting mcperf-agent.service on client-agent-b (client-agent-b-67sh)
2026-05-05T15:29:01.632097+00:00 mcperf-agent.service active on client-agent-b (client-agent-b-67sh)
2026-05-05T15:29:01.632245+00:00 Starting measurement against memcached IP 100.96.6.50
2026-05-05T15:29:01.928287+00:00 Waiting for first mcperf measurement sample
2026-05-05T15:29:09.787685+00:00 mcperf measurement header observed
2026-05-05T15:29:20.472042+00:00 mcperf measurement sample observed
2026-05-05T15:29:20.472250+00:00 mcperf measurement is live
2026-05-05T15:29:20.472888+00:00 Starting phase scheduler
2026-05-05T15:29:20.668810+00:00 Phase dependency satisfied for phase-01: start
2026-05-05T15:29:20.669013+00:00 Phase dependency satisfied for phase-03: start
2026-05-05T15:29:20.669099+00:00 Launching phase phase-01: canneal
2026-05-05T15:29:20.933590+00:00 Launching phase phase-03: barnes, streamcluster
2026-05-05T15:29:21.659866+00:00 Scheduler heartbeat: launched_phases=['phase-01', 'phase-03'] pending_phases=['phase-02', 'phase-04', 'phase-05', 'phase-06'] completed_jobs=[] running_jobs=['parsec-barnes-2026-05-05-17h28m04s', 'parsec-canneal-2026-05-05-17h28m04s', 'parsec-streamcluster-2026-05-05-17h28m04s']
2026-05-05T15:29:37.545788+00:00 Scheduler heartbeat: launched_phases=['phase-01', 'phase-03'] pending_phases=['phase-02', 'phase-04', 'phase-05', 'phase-06'] completed_jobs=[] running_jobs=['parsec-barnes-2026-05-05-17h28m04s', 'parsec-canneal-2026-05-05-17h28m04s', 'parsec-streamcluster-2026-05-05-17h28m04s']
2026-05-05T15:29:56.228616+00:00 Scheduler heartbeat: launched_phases=['phase-01', 'phase-03'] pending_phases=['phase-02', 'phase-04', 'phase-05', 'phase-06'] completed_jobs=[] running_jobs=['parsec-barnes-2026-05-05-17h28m04s', 'parsec-canneal-2026-05-05-17h28m04s', 'parsec-streamcluster-2026-05-05-17h28m04s']
2026-05-05T15:30:12.096834+00:00 Scheduler heartbeat: launched_phases=['phase-01', 'phase-03'] pending_phases=['phase-02', 'phase-04', 'phase-05', 'phase-06'] completed_jobs=[] running_jobs=['parsec-barnes-2026-05-05-17h28m04s', 'parsec-canneal-2026-05-05-17h28m04s', 'parsec-streamcluster-2026-05-05-17h28m04s']
2026-05-05T15:30:21.176260+00:00 Job completed: parsec-barnes-2026-05-05-17h28m04s
2026-05-05T15:30:21.176461+00:00 Phase dependency satisfied for phase-04: barnes
2026-05-05T15:30:21.176511+00:00 Launching phase phase-04: freqmine
2026-05-05T15:30:30.393877+00:00 Scheduler heartbeat: launched_phases=['phase-01', 'phase-03', 'phase-04'] pending_phases=['phase-02', 'phase-05', 'phase-06'] completed_jobs=['barnes'] running_jobs=['parsec-canneal-2026-05-05-17h28m04s', 'parsec-freqmine-2026-05-05-17h28m04s', 'parsec-streamcluster-2026-05-05-17h28m04s']
2026-05-05T15:30:46.243863+00:00 Scheduler heartbeat: launched_phases=['phase-01', 'phase-03', 'phase-04'] pending_phases=['phase-02', 'phase-05', 'phase-06'] completed_jobs=['barnes'] running_jobs=['parsec-canneal-2026-05-05-17h28m04s', 'parsec-freqmine-2026-05-05-17h28m04s', 'parsec-streamcluster-2026-05-05-17h28m04s']
2026-05-05T15:31:04.925128+00:00 Scheduler heartbeat: launched_phases=['phase-01', 'phase-03', 'phase-04'] pending_phases=['phase-02', 'phase-05', 'phase-06'] completed_jobs=['barnes'] running_jobs=['parsec-canneal-2026-05-05-17h28m04s', 'parsec-freqmine-2026-05-05-17h28m04s', 'parsec-streamcluster-2026-05-05-17h28m04s']
