2026-05-05T17:00:54.921477+00:00 Run directory prepared: /home/carti/ETH/Msc/CCA/risultatiPart3/Matte/part3_openEvolve/runs/part3-OPENEVOLVE/2026-05-05-19h00m54s
2026-05-05T17:00:54.921512+00:00 Rendered 8 manifests into /home/carti/ETH/Msc/CCA/risultatiPart3/Matte/part3_openEvolve/runs/part3-OPENEVOLVE/2026-05-05-19h00m54s/rendered_manifests
2026-05-05T17:00:54.921523+00:00 Cleaning previous managed workloads
2026-05-05T17:01:27.072766+00:00 Ensuring canonical node labels and checking client provisioning
2026-05-05T17:01:38.941065+00:00 Applying memcached manifest
2026-05-05T17:01:41.497379+00:00 Capturing benchmark node CPU platforms
2026-05-05T17:01:43.569209+00:00 Benchmark node CPU platform capture complete: node-a-8core=e2-standard-8/AMD Rome, node-b-4core=n2d-highcpu-4/AMD Milan
2026-05-05T17:01:43.569625+00:00 Restarting mcperf-agent.service on client-agent-a (client-agent-a-7cmp)
2026-05-05T17:01:47.831767+00:00 mcperf-agent.service active on client-agent-a (client-agent-a-7cmp)
2026-05-05T17:01:47.831913+00:00 Restarting mcperf-agent.service on client-agent-b (client-agent-b-67sh)
2026-05-05T17:01:52.057137+00:00 mcperf-agent.service active on client-agent-b (client-agent-b-67sh)
2026-05-05T17:01:52.057277+00:00 Starting measurement against memcached IP 100.96.6.80
2026-05-05T17:01:52.317071+00:00 Waiting for first mcperf measurement sample
2026-05-05T17:01:57.061826+00:00 mcperf measurement header observed
2026-05-05T17:02:07.548826+00:00 mcperf measurement is live
2026-05-05T17:02:07.548700+00:00 mcperf measurement sample observed
2026-05-05T17:02:07.549315+00:00 Starting phase scheduler
2026-05-05T17:02:07.720546+00:00 Phase dependency satisfied for phase-01: start
2026-05-05T17:02:07.720696+00:00 Phase dependency satisfied for phase-03: start
2026-05-05T17:02:07.720730+00:00 Launching phase phase-01: canneal
2026-05-05T17:02:07.968452+00:00 Launching phase phase-03: barnes, streamcluster
2026-05-05T17:02:08.588969+00:00 Scheduler heartbeat: launched_phases=['phase-01', 'phase-03'] pending_phases=['phase-02', 'phase-04', 'phase-05', 'phase-06'] completed_jobs=[] running_jobs=['parsec-barnes-2026-05-05-19h00m54s', 'parsec-canneal-2026-05-05-19h00m54s', 'parsec-streamcluster-2026-05-05-19h00m54s']
2026-05-05T17:02:27.727527+00:00 Scheduler heartbeat: launched_phases=['phase-01', 'phase-03'] pending_phases=['phase-02', 'phase-04', 'phase-05', 'phase-06'] completed_jobs=[] running_jobs=['parsec-barnes-2026-05-05-19h00m54s', 'parsec-canneal-2026-05-05-19h00m54s', 'parsec-streamcluster-2026-05-05-19h00m54s']
2026-05-05T17:02:43.255903+00:00 Scheduler heartbeat: launched_phases=['phase-01', 'phase-03'] pending_phases=['phase-02', 'phase-04', 'phase-05', 'phase-06'] completed_jobs=[] running_jobs=['parsec-barnes-2026-05-05-19h00m54s', 'parsec-canneal-2026-05-05-19h00m54s', 'parsec-streamcluster-2026-05-05-19h00m54s']
2026-05-05T17:03:02.392884+00:00 Scheduler heartbeat: launched_phases=['phase-01', 'phase-03'] pending_phases=['phase-02', 'phase-04', 'phase-05', 'phase-06'] completed_jobs=[] running_jobs=['parsec-barnes-2026-05-05-19h00m54s', 'parsec-canneal-2026-05-05-19h00m54s', 'parsec-streamcluster-2026-05-05-19h00m54s']
2026-05-05T17:03:09.568974+00:00 Job completed: parsec-barnes-2026-05-05-19h00m54s
2026-05-05T17:03:09.569136+00:00 Phase dependency satisfied for phase-04: barnes
2026-05-05T17:03:09.569166+00:00 Launching phase phase-04: freqmine
2026-05-05T17:03:18.367154+00:00 Scheduler heartbeat: launched_phases=['phase-01', 'phase-03', 'phase-04'] pending_phases=['phase-02', 'phase-05', 'phase-06'] completed_jobs=['barnes'] running_jobs=['parsec-canneal-2026-05-05-19h00m54s', 'parsec-freqmine-2026-05-05-19h00m54s', 'parsec-streamcluster-2026-05-05-19h00m54s']
2026-05-05T17:03:37.453204+00:00 Scheduler heartbeat: launched_phases=['phase-01', 'phase-03', 'phase-04'] pending_phases=['phase-02', 'phase-05', 'phase-06'] completed_jobs=['barnes'] running_jobs=['parsec-canneal-2026-05-05-19h00m54s', 'parsec-freqmine-2026-05-05-19h00m54s', 'parsec-streamcluster-2026-05-05-19h00m54s']
2026-05-05T17:03:53.042395+00:00 Scheduler heartbeat: launched_phases=['phase-01', 'phase-03', 'phase-04'] pending_phases=['phase-02', 'phase-05', 'phase-06'] completed_jobs=['barnes'] running_jobs=['parsec-canneal-2026-05-05-19h00m54s', 'parsec-freqmine-2026-05-05-19h00m54s', 'parsec-streamcluster-2026-05-05-19h00m54s']
2026-05-05T17:04:10.988287+00:00 Job completed: parsec-canneal-2026-05-05-19h00m54s
2026-05-05T17:04:10.988489+00:00 Phase dependency satisfied for phase-02: canneal
2026-05-05T17:04:10.988511+00:00 Launching phase phase-02: blackscholes
2026-05-05T17:04:12.618161+00:00 Scheduler heartbeat: launched_phases=['phase-01', 'phase-02', 'phase-03', 'phase-04'] pending_phases=['phase-05', 'phase-06'] completed_jobs=['barnes', 'canneal'] running_jobs=['parsec-blackscholes-2026-05-05-19h00m54s', 'parsec-freqmine-2026-05-05-19h00m54s', 'parsec-streamcluster-2026-05-05-19h00m54s']
2026-05-05T17:04:28.152861+00:00 Scheduler heartbeat: launched_phases=['phase-01', 'phase-02', 'phase-03', 'phase-04'] pending_phases=['phase-05', 'phase-06'] completed_jobs=['barnes', 'canneal'] running_jobs=['parsec-blackscholes-2026-05-05-19h00m54s', 'parsec-freqmine-2026-05-05-19h00m54s', 'parsec-streamcluster-2026-05-05-19h00m54s']
2026-05-05T17:04:47.312814+00:00 Scheduler heartbeat: launched_phases=['phase-01', 'phase-02', 'phase-03', 'phase-04'] pending_phases=['phase-05', 'phase-06'] completed_jobs=['barnes', 'canneal'] running_jobs=['parsec-blackscholes-2026-05-05-19h00m54s', 'parsec-freqmine-2026-05-05-19h00m54s', 'parsec-streamcluster-2026-05-05-19h00m54s']
2026-05-05T17:05:01.657280+00:00 Job completed: parsec-blackscholes-2026-05-05-19h00m54s
2026-05-05T17:05:02.848089+00:00 Scheduler heartbeat: launched_phases=['phase-01', 'phase-02', 'phase-03', 'phase-04'] pending_phases=['phase-05', 'phase-06'] completed_jobs=['barnes', 'blackscholes', 'canneal'] running_jobs=['parsec-freqmine-2026-05-05-19h00m54s', 'parsec-streamcluster-2026-05-05-19h00m54s']
2026-05-05T17:05:07.649223+00:00 Job completed: parsec-streamcluster-2026-05-05-19h00m54s
2026-05-05T17:05:07.649379+00:00 Phase dependency satisfied for phase-05: streamcluster
2026-05-05T17:05:07.649404+00:00 Launching phase phase-05: radix
2026-05-05T17:05:15.266369+00:00 Job completed: parsec-freqmine-2026-05-05-19h00m54s
2026-05-05T17:05:22.535492+00:00 Scheduler heartbeat: launched_phases=['phase-01', 'phase-02', 'phase-03', 'phase-04', 'phase-05'] pending_phases=['phase-06'] completed_jobs=['barnes', 'blackscholes', 'canneal', 'freqmine', 'streamcluster'] running_jobs=['parsec-radix-2026-05-05-19h00m54s']
2026-05-05T17:05:24.963535+00:00 Job completed: parsec-radix-2026-05-05-19h00m54s
2026-05-05T17:05:24.963698+00:00 Phase dependency satisfied for phase-06: freqmine,radix
2026-05-05T17:05:24.963724+00:00 Launching phase phase-06: vips
2026-05-05T17:05:38.668497+00:00 Scheduler heartbeat: launched_phases=['phase-01', 'phase-02', 'phase-03', 'phase-04', 'phase-05', 'phase-06'] pending_phases=[] completed_jobs=['barnes', 'blackscholes', 'canneal', 'freqmine', 'radix', 'streamcluster'] running_jobs=['parsec-vips-2026-05-05-19h00m54s']
2026-05-05T17:05:57.898457+00:00 Scheduler heartbeat: launched_phases=['phase-01', 'phase-02', 'phase-03', 'phase-04', 'phase-05', 'phase-06'] pending_phases=[] completed_jobs=['barnes', 'blackscholes', 'canneal', 'freqmine', 'radix', 'streamcluster'] running_jobs=['parsec-vips-2026-05-05-19h00m54s']
2026-05-05T17:06:00.294845+00:00 Job completed: parsec-vips-2026-05-05-19h00m54s
2026-05-05T17:06:00.294999+00:00 All batch jobs completed; capturing results.json and stopping mcperf
2026-05-05T17:06:00.295021+00:00 Waiting briefly for final pod termination metadata
2026-05-05T17:06:00.695354+00:00 Stopping mcperf measurement wrapper on client-measure-1lr0 with SIGINT
2026-05-05T17:06:12.593316+00:00 mcperf is still running on client-measure-1lr0 after SIGINT; escalating to SIGTERM
2026-05-05T17:06:14.723118+00:00 Summarizing run from captured pod snapshot and mcperf output
2026-05-05T17:06:14.725364+00:00 Run completed with status pass makespan=212.0 max_p95_us=389.5
2026-05-05T17:06:14.766442+00:00 Runtime stats refreshed: /home/carti/ETH/Msc/CCA/risultatiPart3/Matte/part3_openEvolve/runs/runtime_stats.json samples=168 eligible_runs=24
