2026-05-05T16:39:39.282387+00:00 Run directory prepared: /home/carti/ETH/Msc/CCA/risultatiPart3/Matte/part3_openEvolve/runs/part3-OPENEVOLVE/2026-05-05-18h39m39s
2026-05-05T16:39:39.282424+00:00 Rendered 8 manifests into /home/carti/ETH/Msc/CCA/risultatiPart3/Matte/part3_openEvolve/runs/part3-OPENEVOLVE/2026-05-05-18h39m39s/rendered_manifests
2026-05-05T16:39:39.282435+00:00 Cleaning previous managed workloads
2026-05-05T16:40:11.671278+00:00 Ensuring canonical node labels and checking client provisioning
2026-05-05T16:40:20.174687+00:00 Applying memcached manifest
2026-05-05T16:40:23.416834+00:00 Capturing benchmark node CPU platforms
2026-05-05T16:40:25.552213+00:00 Benchmark node CPU platform capture complete: node-a-8core=e2-standard-8/AMD Rome, node-b-4core=n2d-highcpu-4/AMD Milan
2026-05-05T16:40:25.552500+00:00 Restarting mcperf-agent.service on client-agent-a (client-agent-a-7cmp)
2026-05-05T16:40:29.847237+00:00 mcperf-agent.service active on client-agent-a (client-agent-a-7cmp)
2026-05-05T16:40:29.847367+00:00 Restarting mcperf-agent.service on client-agent-b (client-agent-b-67sh)
2026-05-05T16:40:34.173949+00:00 mcperf-agent.service active on client-agent-b (client-agent-b-67sh)
2026-05-05T16:40:34.174058+00:00 Starting measurement against memcached IP 100.96.6.71
2026-05-05T16:40:34.460808+00:00 Waiting for first mcperf measurement sample
2026-05-05T16:40:39.194202+00:00 mcperf measurement header observed
2026-05-05T16:40:53.284498+00:00 mcperf measurement sample observed
2026-05-05T16:40:53.284688+00:00 mcperf measurement is live
2026-05-05T16:40:53.284893+00:00 Starting phase scheduler
2026-05-05T16:40:53.476054+00:00 Phase dependency satisfied for phase-01: start
2026-05-05T16:40:53.476195+00:00 Phase dependency satisfied for phase-05: start
2026-05-05T16:40:53.476219+00:00 Launching phase phase-01: vips
2026-05-05T16:40:53.734921+00:00 Launching phase phase-05: canneal
2026-05-05T16:40:54.134497+00:00 Scheduler heartbeat: launched_phases=['phase-01', 'phase-05'] pending_phases=['phase-02', 'phase-03', 'phase-04', 'phase-06'] completed_jobs=[] running_jobs=['parsec-canneal-2026-05-05-18h39m39s', 'parsec-vips-2026-05-05-18h39m39s']
2026-05-05T16:41:09.495958+00:00 Scheduler heartbeat: launched_phases=['phase-01', 'phase-05'] pending_phases=['phase-02', 'phase-03', 'phase-04', 'phase-06'] completed_jobs=[] running_jobs=['parsec-canneal-2026-05-05-18h39m39s', 'parsec-vips-2026-05-05-18h39m39s']
2026-05-05T16:41:28.487381+00:00 Job completed: parsec-vips-2026-05-05-18h39m39s
2026-05-05T16:41:28.487513+00:00 Phase dependency satisfied for phase-02: vips
2026-05-05T16:41:28.487535+00:00 Launching phase phase-02: barnes, streamcluster
2026-05-05T16:41:29.410769+00:00 Scheduler heartbeat: launched_phases=['phase-01', 'phase-02', 'phase-05'] pending_phases=['phase-03', 'phase-04', 'phase-06'] completed_jobs=['vips'] running_jobs=['parsec-barnes-2026-05-05-18h39m39s', 'parsec-canneal-2026-05-05-18h39m39s', 'parsec-streamcluster-2026-05-05-18h39m39s']
2026-05-05T16:41:44.999420+00:00 Scheduler heartbeat: launched_phases=['phase-01', 'phase-02', 'phase-05'] pending_phases=['phase-03', 'phase-04', 'phase-06'] completed_jobs=['vips'] running_jobs=['parsec-barnes-2026-05-05-18h39m39s', 'parsec-canneal-2026-05-05-18h39m39s', 'parsec-streamcluster-2026-05-05-18h39m39s']
2026-05-05T16:42:04.213713+00:00 Scheduler heartbeat: launched_phases=['phase-01', 'phase-02', 'phase-05'] pending_phases=['phase-03', 'phase-04', 'phase-06'] completed_jobs=['vips'] running_jobs=['parsec-barnes-2026-05-05-18h39m39s', 'parsec-canneal-2026-05-05-18h39m39s', 'parsec-streamcluster-2026-05-05-18h39m39s']
2026-05-05T16:42:19.799168+00:00 Scheduler heartbeat: launched_phases=['phase-01', 'phase-02', 'phase-05'] pending_phases=['phase-03', 'phase-04', 'phase-06'] completed_jobs=['vips'] running_jobs=['parsec-barnes-2026-05-05-18h39m39s', 'parsec-canneal-2026-05-05-18h39m39s', 'parsec-streamcluster-2026-05-05-18h39m39s']
2026-05-05T16:42:25.799463+00:00 Job completed: parsec-barnes-2026-05-05-18h39m39s
2026-05-05T16:42:25.799620+00:00 Phase dependency satisfied for phase-03: barnes
2026-05-05T16:42:25.799662+00:00 Launching phase phase-03: freqmine
2026-05-05T16:42:38.483064+00:00 Scheduler heartbeat: launched_phases=['phase-01', 'phase-02', 'phase-03', 'phase-05'] pending_phases=['phase-04', 'phase-06'] completed_jobs=['barnes', 'vips'] running_jobs=['parsec-canneal-2026-05-05-18h39m39s', 'parsec-freqmine-2026-05-05-18h39m39s', 'parsec-streamcluster-2026-05-05-18h39m39s']
2026-05-05T16:42:52.855091+00:00 Job completed: parsec-canneal-2026-05-05-18h39m39s
2026-05-05T16:42:52.855237+00:00 Phase dependency satisfied for phase-06: canneal
2026-05-05T16:42:52.855256+00:00 Launching phase phase-06: blackscholes
2026-05-05T16:42:54.530060+00:00 Scheduler heartbeat: launched_phases=['phase-01', 'phase-02', 'phase-03', 'phase-05', 'phase-06'] pending_phases=['phase-04'] completed_jobs=['barnes', 'canneal', 'vips'] running_jobs=['parsec-blackscholes-2026-05-05-18h39m39s', 'parsec-freqmine-2026-05-05-18h39m39s', 'parsec-streamcluster-2026-05-05-18h39m39s']
2026-05-05T16:43:13.729859+00:00 Scheduler heartbeat: launched_phases=['phase-01', 'phase-02', 'phase-03', 'phase-05', 'phase-06'] pending_phases=['phase-04'] completed_jobs=['barnes', 'canneal', 'vips'] running_jobs=['parsec-blackscholes-2026-05-05-18h39m39s', 'parsec-freqmine-2026-05-05-18h39m39s', 'parsec-streamcluster-2026-05-05-18h39m39s']
2026-05-05T16:43:29.376647+00:00 Scheduler heartbeat: launched_phases=['phase-01', 'phase-02', 'phase-03', 'phase-05', 'phase-06'] pending_phases=['phase-04'] completed_jobs=['barnes', 'canneal', 'vips'] running_jobs=['parsec-blackscholes-2026-05-05-18h39m39s', 'parsec-freqmine-2026-05-05-18h39m39s', 'parsec-streamcluster-2026-05-05-18h39m39s']
2026-05-05T16:43:46.006283+00:00 Job completed: parsec-blackscholes-2026-05-05-18h39m39s
2026-05-05T16:43:48.434184+00:00 Scheduler heartbeat: launched_phases=['phase-01', 'phase-02', 'phase-03', 'phase-05', 'phase-06'] pending_phases=['phase-04'] completed_jobs=['barnes', 'blackscholes', 'canneal', 'vips'] running_jobs=['parsec-freqmine-2026-05-05-18h39m39s', 'parsec-streamcluster-2026-05-05-18h39m39s']
2026-05-05T16:44:02.911646+00:00 Job completed: parsec-streamcluster-2026-05-05-18h39m39s
2026-05-05T16:44:02.911836+00:00 Phase dependency satisfied for phase-04: streamcluster
2026-05-05T16:44:02.911862+00:00 Launching phase phase-04: radix
2026-05-05T16:44:04.582918+00:00 Scheduler heartbeat: launched_phases=['phase-01', 'phase-02', 'phase-03', 'phase-04', 'phase-05', 'phase-06'] pending_phases=[] completed_jobs=['barnes', 'blackscholes', 'canneal', 'streamcluster', 'vips'] running_jobs=['parsec-freqmine-2026-05-05-18h39m39s', 'parsec-radix-2026-05-05-18h39m39s']
2026-05-05T16:44:21.225435+00:00 Job completed: parsec-radix-2026-05-05-18h39m39s
2026-05-05T16:44:23.639568+00:00 Scheduler heartbeat: launched_phases=['phase-01', 'phase-02', 'phase-03', 'phase-04', 'phase-05', 'phase-06'] pending_phases=[] completed_jobs=['barnes', 'blackscholes', 'canneal', 'radix', 'streamcluster', 'vips'] running_jobs=['parsec-freqmine-2026-05-05-18h39m39s']
2026-05-05T16:44:26.078705+00:00 Job completed: parsec-freqmine-2026-05-05-18h39m39s
2026-05-05T16:44:26.078857+00:00 All batch jobs completed; capturing results.json and stopping mcperf
2026-05-05T16:44:26.078880+00:00 Waiting briefly for final pod termination metadata
2026-05-05T16:44:26.532610+00:00 Stopping mcperf measurement wrapper on client-measure-1lr0 with SIGINT
2026-05-05T16:44:38.774522+00:00 mcperf is still running on client-measure-1lr0 after SIGINT; escalating to SIGTERM
2026-05-05T16:44:40.897316+00:00 Summarizing run from captured pod snapshot and mcperf output
2026-05-05T16:44:40.899168+00:00 Run completed with status pass makespan=209.0 max_p95_us=373.6
2026-05-05T16:44:40.932282+00:00 Runtime stats refreshed: /home/carti/ETH/Msc/CCA/risultatiPart3/Matte/part3_openEvolve/runs/runtime_stats.json samples=147 eligible_runs=21
