2026-05-05T17:07:41.198850+00:00 Run directory prepared: /home/carti/ETH/Msc/CCA/risultatiPart3/Matte/part3_openEvolve/runs/part3-OPENEVOLVE/2026-05-05-19h07m41s
2026-05-05T17:07:41.198887+00:00 Rendered 8 manifests into /home/carti/ETH/Msc/CCA/risultatiPart3/Matte/part3_openEvolve/runs/part3-OPENEVOLVE/2026-05-05-19h07m41s/rendered_manifests
2026-05-05T17:07:41.198899+00:00 Cleaning previous managed workloads
2026-05-05T17:08:13.693734+00:00 Ensuring canonical node labels and checking client provisioning
2026-05-05T17:08:22.447189+00:00 Applying memcached manifest
2026-05-05T17:08:25.303936+00:00 Capturing benchmark node CPU platforms
2026-05-05T17:08:27.442040+00:00 Benchmark node CPU platform capture complete: node-a-8core=e2-standard-8/AMD Rome, node-b-4core=n2d-highcpu-4/AMD Milan
2026-05-05T17:08:27.442336+00:00 Restarting mcperf-agent.service on client-agent-a (client-agent-a-7cmp)
2026-05-05T17:08:32.467219+00:00 mcperf-agent.service active on client-agent-a (client-agent-a-7cmp)
2026-05-05T17:08:32.467440+00:00 Restarting mcperf-agent.service on client-agent-b (client-agent-b-67sh)
2026-05-05T17:08:36.884216+00:00 mcperf-agent.service active on client-agent-b (client-agent-b-67sh)
2026-05-05T17:08:36.884366+00:00 Starting measurement against memcached IP 100.96.6.83
2026-05-05T17:08:37.164462+00:00 Waiting for first mcperf measurement sample
2026-05-05T17:08:41.906543+00:00 mcperf measurement header observed
2026-05-05T17:08:55.973889+00:00 mcperf measurement sample observed
2026-05-05T17:08:55.973949+00:00 mcperf measurement is live
2026-05-05T17:08:55.974172+00:00 Starting phase scheduler
2026-05-05T17:08:56.155999+00:00 Phase dependency satisfied for phase-01: start
2026-05-05T17:08:56.156141+00:00 Phase dependency satisfied for phase-03: start
2026-05-05T17:08:56.156169+00:00 Launching phase phase-01: canneal
2026-05-05T17:08:56.404134+00:00 Launching phase phase-03: barnes, streamcluster
2026-05-05T17:08:57.020749+00:00 Scheduler heartbeat: launched_phases=['phase-01', 'phase-03'] pending_phases=['phase-02', 'phase-04', 'phase-05', 'phase-06'] completed_jobs=[] running_jobs=['parsec-barnes-2026-05-05-19h07m41s', 'parsec-canneal-2026-05-05-19h07m41s', 'parsec-streamcluster-2026-05-05-19h07m41s']
2026-05-05T17:09:12.543704+00:00 Scheduler heartbeat: launched_phases=['phase-01', 'phase-03'] pending_phases=['phase-02', 'phase-04', 'phase-05', 'phase-06'] completed_jobs=[] running_jobs=['parsec-barnes-2026-05-05-19h07m41s', 'parsec-canneal-2026-05-05-19h07m41s', 'parsec-streamcluster-2026-05-05-19h07m41s']
2026-05-05T17:09:31.671631+00:00 Scheduler heartbeat: launched_phases=['phase-01', 'phase-03'] pending_phases=['phase-02', 'phase-04', 'phase-05', 'phase-06'] completed_jobs=[] running_jobs=['parsec-barnes-2026-05-05-19h07m41s', 'parsec-canneal-2026-05-05-19h07m41s', 'parsec-streamcluster-2026-05-05-19h07m41s']
2026-05-05T17:09:47.267004+00:00 Scheduler heartbeat: launched_phases=['phase-01', 'phase-03'] pending_phases=['phase-02', 'phase-04', 'phase-05', 'phase-06'] completed_jobs=[] running_jobs=['parsec-barnes-2026-05-05-19h07m41s', 'parsec-canneal-2026-05-05-19h07m41s', 'parsec-streamcluster-2026-05-05-19h07m41s']
2026-05-05T17:09:55.648591+00:00 Job completed: parsec-barnes-2026-05-05-19h07m41s
2026-05-05T17:09:55.648756+00:00 Phase dependency satisfied for phase-04: barnes
2026-05-05T17:09:55.648776+00:00 Launching phase phase-04: freqmine
2026-05-05T17:10:06.872094+00:00 Scheduler heartbeat: launched_phases=['phase-01', 'phase-03', 'phase-04'] pending_phases=['phase-02', 'phase-05', 'phase-06'] completed_jobs=['barnes'] running_jobs=['parsec-canneal-2026-05-05-19h07m41s', 'parsec-freqmine-2026-05-05-19h07m41s', 'parsec-streamcluster-2026-05-05-19h07m41s']
2026-05-05T17:10:22.546546+00:00 Scheduler heartbeat: launched_phases=['phase-01', 'phase-03', 'phase-04'] pending_phases=['phase-02', 'phase-05', 'phase-06'] completed_jobs=['barnes'] running_jobs=['parsec-canneal-2026-05-05-19h07m41s', 'parsec-freqmine-2026-05-05-19h07m41s', 'parsec-streamcluster-2026-05-05-19h07m41s']
2026-05-05T17:10:41.744209+00:00 Scheduler heartbeat: launched_phases=['phase-01', 'phase-03', 'phase-04'] pending_phases=['phase-02', 'phase-05', 'phase-06'] completed_jobs=['barnes'] running_jobs=['parsec-canneal-2026-05-05-19h07m41s', 'parsec-freqmine-2026-05-05-19h07m41s', 'parsec-streamcluster-2026-05-05-19h07m41s']
2026-05-05T17:10:54.947347+00:00 Job completed: parsec-canneal-2026-05-05-19h07m41s
2026-05-05T17:10:54.947483+00:00 Phase dependency satisfied for phase-02: canneal
2026-05-05T17:10:54.947504+00:00 Launching phase phase-02: blackscholes
2026-05-05T17:10:57.774034+00:00 Scheduler heartbeat: launched_phases=['phase-01', 'phase-02', 'phase-03', 'phase-04'] pending_phases=['phase-05', 'phase-06'] completed_jobs=['barnes', 'canneal'] running_jobs=['parsec-blackscholes-2026-05-05-19h07m41s', 'parsec-freqmine-2026-05-05-19h07m41s', 'parsec-streamcluster-2026-05-05-19h07m41s']
2026-05-05T17:11:16.889238+00:00 Scheduler heartbeat: launched_phases=['phase-01', 'phase-02', 'phase-03', 'phase-04'] pending_phases=['phase-05', 'phase-06'] completed_jobs=['barnes', 'canneal'] running_jobs=['parsec-blackscholes-2026-05-05-19h07m41s', 'parsec-freqmine-2026-05-05-19h07m41s', 'parsec-streamcluster-2026-05-05-19h07m41s']
2026-05-05T17:11:32.522713+00:00 Scheduler heartbeat: launched_phases=['phase-01', 'phase-02', 'phase-03', 'phase-04'] pending_phases=['phase-05', 'phase-06'] completed_jobs=['barnes', 'canneal'] running_jobs=['parsec-blackscholes-2026-05-05-19h07m41s', 'parsec-freqmine-2026-05-05-19h07m41s', 'parsec-streamcluster-2026-05-05-19h07m41s']
2026-05-05T17:11:48.051461+00:00 Job completed: parsec-blackscholes-2026-05-05-19h07m41s
2026-05-05T17:11:51.651888+00:00 Scheduler heartbeat: launched_phases=['phase-01', 'phase-02', 'phase-03', 'phase-04'] pending_phases=['phase-05', 'phase-06'] completed_jobs=['barnes', 'blackscholes', 'canneal'] running_jobs=['parsec-freqmine-2026-05-05-19h07m41s', 'parsec-streamcluster-2026-05-05-19h07m41s']
2026-05-05T17:11:58.852904+00:00 Job completed: parsec-streamcluster-2026-05-05-19h07m41s
2026-05-05T17:11:58.853054+00:00 Phase dependency satisfied for phase-05: streamcluster
2026-05-05T17:11:58.853075+00:00 Launching phase phase-05: radix
2026-05-05T17:12:00.520023+00:00 Job completed: parsec-freqmine-2026-05-05-19h07m41s
2026-05-05T17:12:07.778604+00:00 Scheduler heartbeat: launched_phases=['phase-01', 'phase-02', 'phase-03', 'phase-04', 'phase-05'] pending_phases=['phase-06'] completed_jobs=['barnes', 'blackscholes', 'canneal', 'freqmine', 'streamcluster'] running_jobs=['parsec-radix-2026-05-05-19h07m41s']
2026-05-05T17:12:11.403308+00:00 Job completed: parsec-radix-2026-05-05-19h07m41s
2026-05-05T17:12:11.403462+00:00 Phase dependency satisfied for phase-06: freqmine,radix
2026-05-05T17:12:11.403480+00:00 Launching phase phase-06: vips
2026-05-05T17:12:26.455605+00:00 Scheduler heartbeat: launched_phases=['phase-01', 'phase-02', 'phase-03', 'phase-04', 'phase-05', 'phase-06'] pending_phases=[] completed_jobs=['barnes', 'blackscholes', 'canneal', 'freqmine', 'radix', 'streamcluster'] running_jobs=['parsec-vips-2026-05-05-19h07m41s']
2026-05-05T17:12:42.112576+00:00 Scheduler heartbeat: launched_phases=['phase-01', 'phase-02', 'phase-03', 'phase-04', 'phase-05', 'phase-06'] pending_phases=[] completed_jobs=['barnes', 'blackscholes', 'canneal', 'freqmine', 'radix', 'streamcluster'] running_jobs=['parsec-vips-2026-05-05-19h07m41s']
2026-05-05T17:12:46.955507+00:00 Job completed: parsec-vips-2026-05-05-19h07m41s
2026-05-05T17:12:46.955666+00:00 All batch jobs completed; capturing results.json and stopping mcperf
2026-05-05T17:12:46.955688+00:00 Waiting briefly for final pod termination metadata
2026-05-05T17:12:47.379256+00:00 Stopping mcperf measurement wrapper on client-measure-1lr0 with SIGINT
2026-05-05T17:13:03.217426+00:00 mcperf is still running on client-measure-1lr0 after SIGINT; escalating to SIGTERM
2026-05-05T17:13:05.479934+00:00 Summarizing run from captured pod snapshot and mcperf output
2026-05-05T17:13:05.482318+00:00 Run completed with status pass makespan=214.0 max_p95_us=387.3
2026-05-05T17:13:05.522148+00:00 Runtime stats refreshed: /home/carti/ETH/Msc/CCA/risultatiPart3/Matte/part3_openEvolve/runs/runtime_stats.json samples=175 eligible_runs=25
