2026-05-09T14:35:54.649363+00:00 Run directory prepared: /home/carti/ETH/Msc/CCA/risultatiPart3/Matte/automation/runs/part3-PartB/2026-05-09-16h35m54s
2026-05-09T14:35:54.649632+00:00 Rendered 8 manifests into /home/carti/ETH/Msc/CCA/risultatiPart3/Matte/automation/runs/part3-PartB/2026-05-09-16h35m54s/rendered_manifests
2026-05-09T14:35:54.649703+00:00 Cleaning previous managed workloads
2026-05-09T14:36:27.852401+00:00 Ensuring canonical node labels and checking client provisioning
2026-05-09T14:36:39.207422+00:00 Pre-caching 8 images on benchmark nodes via 2 transient pod(s)
2026-05-09T14:36:45.306719+00:00 Pre-cache pods completed successfully
2026-05-09T14:36:46.566794+00:00 Pre-cache pods deleted
2026-05-09T14:36:46.567229+00:00 Applying memcached manifest
2026-05-09T14:36:51.108517+00:00 Capturing benchmark node CPU platforms
2026-05-09T14:36:54.207159+00:00 Benchmark node CPU platform capture complete: node-a-8core=e2-standard-8/AMD Rome, node-b-4core=n2d-highcpu-4/AMD Milan
2026-05-09T14:36:54.207960+00:00 Restarting mcperf-agent.service on client-agent-a (client-agent-a-1p0l)
2026-05-09T14:36:59.938440+00:00 mcperf-agent.service active on client-agent-a (client-agent-a-1p0l)
2026-05-09T14:36:59.938672+00:00 Restarting mcperf-agent.service on client-agent-b (client-agent-b-j3kd)
2026-05-09T14:37:06.030500+00:00 mcperf-agent.service active on client-agent-b (client-agent-b-j3kd)
2026-05-09T14:37:06.030784+00:00 Starting measurement against memcached IP 100.96.4.72
2026-05-09T14:37:06.526974+00:00 Waiting for first mcperf measurement sample
2026-05-09T14:37:12.049602+00:00 mcperf measurement header observed
2026-05-09T14:37:24.053624+00:00 mcperf measurement is live
2026-05-09T14:37:24.053505+00:00 mcperf measurement sample observed
2026-05-09T14:37:24.054204+00:00 Starting phase scheduler
2026-05-09T14:37:24.395216+00:00 Phase dependency satisfied for phase-01: start
2026-05-09T14:37:24.395806+00:00 Launching phase phase-01: streamcluster, blackscholes
2026-05-09T14:37:25.721690+00:00 Scheduler heartbeat: launched_phases=['phase-01'] pending_phases=['phase-02', 'phase-03', 'phase-04', 'phase-05'] completed_jobs=[] running_jobs=['parsec-blackscholes-2026-05-09-16h35m54s', 'parsec-streamcluster-2026-05-09-16h35m54s']
2026-05-09T14:37:41.584462+00:00 Scheduler heartbeat: launched_phases=['phase-01'] pending_phases=['phase-02', 'phase-03', 'phase-04', 'phase-05'] completed_jobs=[] running_jobs=['parsec-blackscholes-2026-05-09-16h35m54s', 'parsec-streamcluster-2026-05-09-16h35m54s']
2026-05-09T14:37:57.948575+00:00 Scheduler heartbeat: launched_phases=['phase-01'] pending_phases=['phase-02', 'phase-03', 'phase-04', 'phase-05'] completed_jobs=[] running_jobs=['parsec-blackscholes-2026-05-09-16h35m54s', 'parsec-streamcluster-2026-05-09-16h35m54s']
2026-05-09T14:38:13.981339+00:00 Scheduler heartbeat: launched_phases=['phase-01'] pending_phases=['phase-02', 'phase-03', 'phase-04', 'phase-05'] completed_jobs=[] running_jobs=['parsec-blackscholes-2026-05-09-16h35m54s', 'parsec-streamcluster-2026-05-09-16h35m54s']
2026-05-09T14:38:30.867418+00:00 Job completed: parsec-blackscholes-2026-05-09-16h35m54s
2026-05-09T14:38:30.867747+00:00 Phase dependency satisfied for phase-03: blackscholes
2026-05-09T14:38:30.867813+00:00 Launching phase phase-03: canneal
2026-05-09T14:38:31.783701+00:00 Scheduler heartbeat: launched_phases=['phase-01', 'phase-03'] pending_phases=['phase-02', 'phase-04', 'phase-05'] completed_jobs=['blackscholes'] running_jobs=['parsec-canneal-2026-05-09-16h35m54s', 'parsec-streamcluster-2026-05-09-16h35m54s']
2026-05-09T14:38:47.907652+00:00 Scheduler heartbeat: launched_phases=['phase-01', 'phase-03'] pending_phases=['phase-02', 'phase-04', 'phase-05'] completed_jobs=['blackscholes'] running_jobs=['parsec-canneal-2026-05-09-16h35m54s', 'parsec-streamcluster-2026-05-09-16h35m54s']
2026-05-09T14:39:03.455642+00:00 Scheduler heartbeat: launched_phases=['phase-01', 'phase-03'] pending_phases=['phase-02', 'phase-04', 'phase-05'] completed_jobs=['blackscholes'] running_jobs=['parsec-canneal-2026-05-09-16h35m54s', 'parsec-streamcluster-2026-05-09-16h35m54s']
2026-05-09T14:39:19.356117+00:00 Scheduler heartbeat: launched_phases=['phase-01', 'phase-03'] pending_phases=['phase-02', 'phase-04', 'phase-05'] completed_jobs=['blackscholes'] running_jobs=['parsec-canneal-2026-05-09-16h35m54s', 'parsec-streamcluster-2026-05-09-16h35m54s']
2026-05-09T14:39:24.631838+00:00 Job completed: parsec-streamcluster-2026-05-09-16h35m54s
2026-05-09T14:39:24.632229+00:00 Phase dependency satisfied for phase-02: streamcluster
2026-05-09T14:39:24.632321+00:00 Launching phase phase-02: freqmine
2026-05-09T14:39:35.415176+00:00 Scheduler heartbeat: launched_phases=['phase-01', 'phase-02', 'phase-03'] pending_phases=['phase-04', 'phase-05'] completed_jobs=['blackscholes', 'streamcluster'] running_jobs=['parsec-canneal-2026-05-09-16h35m54s', 'parsec-freqmine-2026-05-09-16h35m54s']
2026-05-09T14:39:51.663033+00:00 Scheduler heartbeat: launched_phases=['phase-01', 'phase-02', 'phase-03'] pending_phases=['phase-04', 'phase-05'] completed_jobs=['blackscholes', 'streamcluster'] running_jobs=['parsec-canneal-2026-05-09-16h35m54s', 'parsec-freqmine-2026-05-09-16h35m54s']
2026-05-09T14:40:08.515735+00:00 Scheduler heartbeat: launched_phases=['phase-01', 'phase-02', 'phase-03'] pending_phases=['phase-04', 'phase-05'] completed_jobs=['blackscholes', 'streamcluster'] running_jobs=['parsec-canneal-2026-05-09-16h35m54s', 'parsec-freqmine-2026-05-09-16h35m54s']
2026-05-09T14:40:24.729660+00:00 Scheduler heartbeat: launched_phases=['phase-01', 'phase-02', 'phase-03'] pending_phases=['phase-04', 'phase-05'] completed_jobs=['blackscholes', 'streamcluster'] running_jobs=['parsec-canneal-2026-05-09-16h35m54s', 'parsec-freqmine-2026-05-09-16h35m54s']
2026-05-09T14:40:28.820890+00:00 Job completed: parsec-canneal-2026-05-09-16h35m54s
2026-05-09T14:40:28.821156+00:00 Phase dependency satisfied for phase-05: canneal
2026-05-09T14:40:28.821210+00:00 Launching phase phase-05: barnes
2026-05-09T14:40:40.186084+00:00 Job completed: parsec-freqmine-2026-05-09-16h35m54s
2026-05-09T14:40:40.186393+00:00 Phase dependency satisfied for phase-04: freqmine
2026-05-09T14:40:40.186460+00:00 Launching phase phase-04: vips, radix
2026-05-09T14:40:41.400078+00:00 Scheduler heartbeat: launched_phases=['phase-01', 'phase-02', 'phase-03', 'phase-04', 'phase-05'] pending_phases=[] completed_jobs=['blackscholes', 'canneal', 'freqmine', 'streamcluster'] running_jobs=['parsec-barnes-2026-05-09-16h35m54s', 'parsec-radix-2026-05-09-16h35m54s', 'parsec-vips-2026-05-09-16h35m54s']
2026-05-09T14:40:56.440144+00:00 Scheduler heartbeat: launched_phases=['phase-01', 'phase-02', 'phase-03', 'phase-04', 'phase-05'] pending_phases=[] completed_jobs=['blackscholes', 'canneal', 'freqmine', 'streamcluster'] running_jobs=['parsec-barnes-2026-05-09-16h35m54s', 'parsec-radix-2026-05-09-16h35m54s', 'parsec-vips-2026-05-09-16h35m54s']
2026-05-09T14:41:12.076967+00:00 Scheduler heartbeat: launched_phases=['phase-01', 'phase-02', 'phase-03', 'phase-04', 'phase-05'] pending_phases=[] completed_jobs=['blackscholes', 'canneal', 'freqmine', 'streamcluster'] running_jobs=['parsec-barnes-2026-05-09-16h35m54s', 'parsec-radix-2026-05-09-16h35m54s', 'parsec-vips-2026-05-09-16h35m54s']
2026-05-09T14:41:16.205239+00:00 Job completed: parsec-vips-2026-05-09-16h35m54s
2026-05-09T14:41:16.205673+00:00 Job completed: parsec-radix-2026-05-09-16h35m54s
2026-05-09T14:41:27.093667+00:00 Scheduler heartbeat: launched_phases=['phase-01', 'phase-02', 'phase-03', 'phase-04', 'phase-05'] pending_phases=[] completed_jobs=['blackscholes', 'canneal', 'freqmine', 'radix', 'streamcluster', 'vips'] running_jobs=['parsec-barnes-2026-05-09-16h35m54s']
2026-05-09T14:41:36.552741+00:00 Job completed: parsec-barnes-2026-05-09-16h35m54s
2026-05-09T14:41:36.553097+00:00 All batch jobs completed; capturing results.json and stopping mcperf
2026-05-09T14:41:36.553160+00:00 Waiting briefly for final pod termination metadata
2026-05-09T14:41:37.361471+00:00 Stopping mcperf measurement wrapper on client-measure-qsfk with SIGINT
2026-05-09T14:41:50.610774+00:00 mcperf is still running on client-measure-qsfk after SIGINT; escalating to SIGTERM
2026-05-09T14:41:53.456593+00:00 Summarizing run from captured pod snapshot and mcperf output
2026-05-09T14:41:53.464135+00:00 Run completed with status pass makespan=247.0 max_p95_us=696.5
2026-05-09T14:41:53.632443+00:00 Runtime stats refreshed: /home/carti/ETH/Msc/CCA/risultatiPart3/Matte/automation/runs/runtime_stats.json samples=581 eligible_runs=83
