2026-05-09T23:45:30.958535+00:00 Run directory prepared: /home/carti/ETH/Msc/CCA/risultatiPart3/Matte/automation/runs/part3-Parta/2026-05-10-01h45m30s
2026-05-09T23:45:30.958604+00:00 Rendered 8 manifests into /home/carti/ETH/Msc/CCA/risultatiPart3/Matte/automation/runs/part3-Parta/2026-05-10-01h45m30s/rendered_manifests
2026-05-09T23:45:30.958628+00:00 Cleaning previous managed workloads
2026-05-09T23:46:05.116897+00:00 Ensuring canonical node labels and checking client provisioning
2026-05-09T23:46:20.002316+00:00 Applying memcached manifest
2026-05-09T23:46:24.538453+00:00 Capturing benchmark node CPU platforms
2026-05-09T23:46:29.789921+00:00 Benchmark node CPU platform capture complete: node-a-8core=e2-standard-8/AMD Rome, node-b-4core=n2d-highcpu-4/AMD Milan
2026-05-09T23:46:29.790577+00:00 Restarting mcperf-agent.service on client-agent-a (client-agent-a-tp31)
2026-05-09T23:46:37.029168+00:00 mcperf-agent.service active on client-agent-a (client-agent-a-tp31)
2026-05-09T23:46:37.029748+00:00 Restarting mcperf-agent.service on client-agent-b (client-agent-b-ggp4)
2026-05-09T23:46:44.910405+00:00 mcperf-agent.service active on client-agent-b (client-agent-b-ggp4)
2026-05-09T23:46:44.910970+00:00 Starting measurement against memcached IP 100.96.4.16
2026-05-09T23:46:45.754664+00:00 Waiting for first mcperf measurement sample
2026-05-09T23:46:54.668827+00:00 mcperf measurement header observed
2026-05-09T23:47:05.602209+00:00 mcperf measurement sample observed
2026-05-09T23:47:05.602955+00:00 mcperf measurement is live
2026-05-09T23:47:05.603161+00:00 Starting phase scheduler
2026-05-09T23:47:06.249324+00:00 Phase dependency satisfied for phase-01: start
2026-05-09T23:47:06.249702+00:00 Phase dependency satisfied for phase-04: start
2026-05-09T23:47:06.249846+00:00 Phase dependency satisfied for phase-06: start
2026-05-09T23:47:06.249987+00:00 Launching phase phase-01: canneal
2026-05-09T23:47:06.832369+00:00 Launching phase phase-04: streamcluster
2026-05-09T23:47:07.411015+00:00 Launching phase phase-06: freqmine
2026-05-09T23:47:08.725348+00:00 Scheduler heartbeat: launched_phases=['phase-01', 'phase-04', 'phase-06'] pending_phases=['phase-02', 'phase-03', 'phase-05', 'phase-07'] completed_jobs=[] running_jobs=['parsec-canneal-2026-05-10-01h45m30s', 'parsec-freqmine-2026-05-10-01h45m30s', 'parsec-streamcluster-2026-05-10-01h45m30s']
2026-05-09T23:47:24.224891+00:00 Scheduler heartbeat: launched_phases=['phase-01', 'phase-04', 'phase-06'] pending_phases=['phase-02', 'phase-03', 'phase-05', 'phase-07'] completed_jobs=[] running_jobs=['parsec-canneal-2026-05-10-01h45m30s', 'parsec-freqmine-2026-05-10-01h45m30s', 'parsec-streamcluster-2026-05-10-01h45m30s']
2026-05-09T23:47:41.985952+00:00 Scheduler heartbeat: launched_phases=['phase-01', 'phase-04', 'phase-06'] pending_phases=['phase-02', 'phase-03', 'phase-05', 'phase-07'] completed_jobs=[] running_jobs=['parsec-canneal-2026-05-10-01h45m30s', 'parsec-freqmine-2026-05-10-01h45m30s', 'parsec-streamcluster-2026-05-10-01h45m30s']
2026-05-09T23:47:58.010238+00:00 Scheduler heartbeat: launched_phases=['phase-01', 'phase-04', 'phase-06'] pending_phases=['phase-02', 'phase-03', 'phase-05', 'phase-07'] completed_jobs=[] running_jobs=['parsec-canneal-2026-05-10-01h45m30s', 'parsec-freqmine-2026-05-10-01h45m30s', 'parsec-streamcluster-2026-05-10-01h45m30s']
2026-05-09T23:48:16.012745+00:00 Scheduler heartbeat: launched_phases=['phase-01', 'phase-04', 'phase-06'] pending_phases=['phase-02', 'phase-03', 'phase-05', 'phase-07'] completed_jobs=[] running_jobs=['parsec-canneal-2026-05-10-01h45m30s', 'parsec-freqmine-2026-05-10-01h45m30s', 'parsec-streamcluster-2026-05-10-01h45m30s']
2026-05-09T23:48:32.025380+00:00 Scheduler heartbeat: launched_phases=['phase-01', 'phase-04', 'phase-06'] pending_phases=['phase-02', 'phase-03', 'phase-05', 'phase-07'] completed_jobs=[] running_jobs=['parsec-canneal-2026-05-10-01h45m30s', 'parsec-freqmine-2026-05-10-01h45m30s', 'parsec-streamcluster-2026-05-10-01h45m30s']
2026-05-09T23:48:50.302817+00:00 Scheduler heartbeat: launched_phases=['phase-01', 'phase-04', 'phase-06'] pending_phases=['phase-02', 'phase-03', 'phase-05', 'phase-07'] completed_jobs=[] running_jobs=['parsec-canneal-2026-05-10-01h45m30s', 'parsec-freqmine-2026-05-10-01h45m30s', 'parsec-streamcluster-2026-05-10-01h45m30s']
2026-05-09T23:49:02.328804+00:00 Job completed: parsec-canneal-2026-05-10-01h45m30s
2026-05-09T23:49:02.329247+00:00 Phase dependency satisfied for phase-02: canneal
2026-05-09T23:49:02.329372+00:00 Launching phase phase-02: blackscholes
2026-05-09T23:49:06.774160+00:00 Scheduler heartbeat: launched_phases=['phase-01', 'phase-02', 'phase-04', 'phase-06'] pending_phases=['phase-03', 'phase-05', 'phase-07'] completed_jobs=['canneal'] running_jobs=['parsec-blackscholes-2026-05-10-01h45m30s', 'parsec-freqmine-2026-05-10-01h45m30s', 'parsec-streamcluster-2026-05-10-01h45m30s']
2026-05-09T23:49:13.549820+00:00 Job completed: parsec-freqmine-2026-05-10-01h45m30s
2026-05-09T23:49:13.550121+00:00 Phase dependency satisfied for phase-07: freqmine
2026-05-09T23:49:13.550175+00:00 Launching phase phase-07: barnes
2026-05-09T23:49:23.988854+00:00 Scheduler heartbeat: launched_phases=['phase-01', 'phase-02', 'phase-04', 'phase-06', 'phase-07'] pending_phases=['phase-03', 'phase-05'] completed_jobs=['canneal', 'freqmine'] running_jobs=['parsec-barnes-2026-05-10-01h45m30s', 'parsec-blackscholes-2026-05-10-01h45m30s', 'parsec-streamcluster-2026-05-10-01h45m30s']
2026-05-09T23:49:39.324799+00:00 Scheduler heartbeat: launched_phases=['phase-01', 'phase-02', 'phase-04', 'phase-06', 'phase-07'] pending_phases=['phase-03', 'phase-05'] completed_jobs=['canneal', 'freqmine'] running_jobs=['parsec-barnes-2026-05-10-01h45m30s', 'parsec-blackscholes-2026-05-10-01h45m30s', 'parsec-streamcluster-2026-05-10-01h45m30s']
2026-05-09T23:49:56.549764+00:00 Scheduler heartbeat: launched_phases=['phase-01', 'phase-02', 'phase-04', 'phase-06', 'phase-07'] pending_phases=['phase-03', 'phase-05'] completed_jobs=['canneal', 'freqmine'] running_jobs=['parsec-barnes-2026-05-10-01h45m30s', 'parsec-blackscholes-2026-05-10-01h45m30s', 'parsec-streamcluster-2026-05-10-01h45m30s']
2026-05-09T23:50:05.706473+00:00 Job completed: parsec-blackscholes-2026-05-10-01h45m30s
2026-05-09T23:50:05.706975+00:00 Phase dependency satisfied for phase-03: blackscholes
2026-05-09T23:50:05.707085+00:00 Launching phase phase-03: vips
2026-05-09T23:50:06.937898+00:00 Job completed: parsec-streamcluster-2026-05-10-01h45m30s
2026-05-09T23:50:08.512941+00:00 Job completed: parsec-barnes-2026-05-10-01h45m30s
2026-05-09T23:50:08.513529+00:00 Phase dependency satisfied for phase-05: barnes
2026-05-09T23:50:08.513793+00:00 Launching phase phase-05: radix
2026-05-09T23:50:12.873585+00:00 Scheduler heartbeat: launched_phases=['phase-01', 'phase-02', 'phase-03', 'phase-04', 'phase-05', 'phase-06', 'phase-07'] pending_phases=[] completed_jobs=['barnes', 'blackscholes', 'canneal', 'freqmine', 'streamcluster'] running_jobs=['parsec-radix-2026-05-10-01h45m30s', 'parsec-vips-2026-05-10-01h45m30s']
2026-05-09T23:50:24.011319+00:00 Job completed: parsec-radix-2026-05-10-01h45m30s
2026-05-09T23:50:30.128308+00:00 Scheduler heartbeat: launched_phases=['phase-01', 'phase-02', 'phase-03', 'phase-04', 'phase-05', 'phase-06', 'phase-07'] pending_phases=[] completed_jobs=['barnes', 'blackscholes', 'canneal', 'freqmine', 'radix', 'streamcluster'] running_jobs=['parsec-vips-2026-05-10-01h45m30s']
2026-05-09T23:50:45.776285+00:00 Scheduler heartbeat: launched_phases=['phase-01', 'phase-02', 'phase-03', 'phase-04', 'phase-05', 'phase-06', 'phase-07'] pending_phases=[] completed_jobs=['barnes', 'blackscholes', 'canneal', 'freqmine', 'radix', 'streamcluster'] running_jobs=['parsec-vips-2026-05-10-01h45m30s']
2026-05-09T23:51:03.293595+00:00 Scheduler heartbeat: launched_phases=['phase-01', 'phase-02', 'phase-03', 'phase-04', 'phase-05', 'phase-06', 'phase-07'] pending_phases=[] completed_jobs=['barnes', 'blackscholes', 'canneal', 'freqmine', 'radix', 'streamcluster'] running_jobs=['parsec-vips-2026-05-10-01h45m30s']
2026-05-09T23:51:18.950072+00:00 Job completed: parsec-vips-2026-05-10-01h45m30s
2026-05-09T23:51:18.950428+00:00 All batch jobs completed; capturing results.json and stopping mcperf
2026-05-09T23:51:18.950508+00:00 Waiting briefly for final pod termination metadata
2026-05-09T23:51:20.165595+00:00 Stopping mcperf measurement wrapper on client-measure-2qdl with SIGINT
2026-05-09T23:51:35.716654+00:00 mcperf is still running on client-measure-2qdl after SIGINT; escalating to SIGTERM
2026-05-09T23:51:39.286629+00:00 Summarizing run from captured pod snapshot and mcperf output
2026-05-09T23:51:39.289246+00:00 Run completed with status pass makespan=249.0 max_p95_us=387.2
2026-05-09T23:51:39.581158+00:00 Runtime stats refreshed: /home/carti/ETH/Msc/CCA/risultatiPart3/Matte/automation/runs/runtime_stats.json samples=644 eligible_runs=92
