2026-05-05T15:42:24.709602+00:00 Run directory prepared: /home/carti/ETH/Msc/CCA/risultatiPart3/Matte/part3_openEvolve/runs/part3-OPENEVOLVE/2026-05-05-17h42m24s
2026-05-05T15:42:24.709659+00:00 Rendered 8 manifests into /home/carti/ETH/Msc/CCA/risultatiPart3/Matte/part3_openEvolve/runs/part3-OPENEVOLVE/2026-05-05-17h42m24s/rendered_manifests
2026-05-05T15:42:24.709687+00:00 Cleaning previous managed workloads
2026-05-05T15:42:25.447937+00:00 Ensuring canonical node labels and checking client provisioning
2026-05-05T15:42:37.218310+00:00 Applying memcached manifest
2026-05-05T15:42:39.756011+00:00 Capturing benchmark node CPU platforms
2026-05-05T15:42:42.187167+00:00 Benchmark node CPU platform capture complete: node-a-8core=e2-standard-8/AMD Rome, node-b-4core=n2d-highcpu-4/AMD Milan
2026-05-05T15:42:42.187465+00:00 Restarting mcperf-agent.service on client-agent-a (client-agent-a-7cmp)
2026-05-05T15:42:47.029173+00:00 mcperf-agent.service active on client-agent-a (client-agent-a-7cmp)
2026-05-05T15:42:47.029358+00:00 Restarting mcperf-agent.service on client-agent-b (client-agent-b-67sh)
2026-05-05T15:42:51.535056+00:00 mcperf-agent.service active on client-agent-b (client-agent-b-67sh)
2026-05-05T15:42:51.535191+00:00 Starting measurement against memcached IP 100.96.6.52
2026-05-05T15:42:51.820274+00:00 Waiting for first mcperf measurement sample
2026-05-05T15:42:56.731019+00:00 mcperf measurement header observed
2026-05-05T15:43:07.457697+00:00 mcperf measurement sample observed
2026-05-05T15:43:07.457747+00:00 mcperf measurement is live
2026-05-05T15:43:07.457970+00:00 Starting phase scheduler
2026-05-05T15:43:07.649837+00:00 Phase dependency satisfied for phase-01: start
2026-05-05T15:43:07.649952+00:00 Phase dependency satisfied for phase-03: start
2026-05-05T15:43:07.649973+00:00 Launching phase phase-01: canneal
2026-05-05T15:43:07.923669+00:00 Launching phase phase-03: barnes, streamcluster
2026-05-05T15:43:08.677815+00:00 Scheduler heartbeat: launched_phases=['phase-01', 'phase-03'] pending_phases=['phase-02', 'phase-04', 'phase-05', 'phase-06'] completed_jobs=[] running_jobs=['parsec-barnes-2026-05-05-17h42m24s', 'parsec-canneal-2026-05-05-17h42m24s', 'parsec-streamcluster-2026-05-05-17h42m24s']
2026-05-05T15:43:27.359541+00:00 Scheduler heartbeat: launched_phases=['phase-01', 'phase-03'] pending_phases=['phase-02', 'phase-04', 'phase-05', 'phase-06'] completed_jobs=[] running_jobs=['parsec-barnes-2026-05-05-17h42m24s', 'parsec-canneal-2026-05-05-17h42m24s', 'parsec-streamcluster-2026-05-05-17h42m24s']
2026-05-05T15:43:42.996456+00:00 Scheduler heartbeat: launched_phases=['phase-01', 'phase-03'] pending_phases=['phase-02', 'phase-04', 'phase-05', 'phase-06'] completed_jobs=[] running_jobs=['parsec-barnes-2026-05-05-17h42m24s', 'parsec-canneal-2026-05-05-17h42m24s', 'parsec-streamcluster-2026-05-05-17h42m24s']
2026-05-05T15:44:01.742645+00:00 Scheduler heartbeat: launched_phases=['phase-01', 'phase-03'] pending_phases=['phase-02', 'phase-04', 'phase-05', 'phase-06'] completed_jobs=[] running_jobs=['parsec-barnes-2026-05-05-17h42m24s', 'parsec-canneal-2026-05-05-17h42m24s', 'parsec-streamcluster-2026-05-05-17h42m24s']
2026-05-05T15:44:11.432258+00:00 Job completed: parsec-barnes-2026-05-05-17h42m24s
2026-05-05T15:44:11.432469+00:00 Phase dependency satisfied for phase-04: barnes
2026-05-05T15:44:11.432543+00:00 Launching phase phase-04: freqmine
2026-05-05T15:44:17.933859+00:00 Scheduler heartbeat: launched_phases=['phase-01', 'phase-03', 'phase-04'] pending_phases=['phase-02', 'phase-05', 'phase-06'] completed_jobs=['barnes'] running_jobs=['parsec-canneal-2026-05-05-17h42m24s', 'parsec-freqmine-2026-05-05-17h42m24s', 'parsec-streamcluster-2026-05-05-17h42m24s']
2026-05-05T15:44:36.585706+00:00 Scheduler heartbeat: launched_phases=['phase-01', 'phase-03', 'phase-04'] pending_phases=['phase-02', 'phase-05', 'phase-06'] completed_jobs=['barnes'] running_jobs=['parsec-canneal-2026-05-05-17h42m24s', 'parsec-freqmine-2026-05-05-17h42m24s', 'parsec-streamcluster-2026-05-05-17h42m24s']
2026-05-05T15:44:52.219973+00:00 Scheduler heartbeat: launched_phases=['phase-01', 'phase-03', 'phase-04'] pending_phases=['phase-02', 'phase-05', 'phase-06'] completed_jobs=['barnes'] running_jobs=['parsec-canneal-2026-05-05-17h42m24s', 'parsec-freqmine-2026-05-05-17h42m24s', 'parsec-streamcluster-2026-05-05-17h42m24s']
2026-05-05T15:45:10.667541+00:00 Job completed: parsec-canneal-2026-05-05-17h42m24s
2026-05-05T15:45:10.667747+00:00 Phase dependency satisfied for phase-02: canneal
2026-05-05T15:45:10.667776+00:00 Launching phase phase-02: blackscholes
2026-05-05T15:45:11.141703+00:00 Scheduler heartbeat: launched_phases=['phase-01', 'phase-02', 'phase-03', 'phase-04'] pending_phases=['phase-05', 'phase-06'] completed_jobs=['barnes', 'canneal'] running_jobs=['parsec-blackscholes-2026-05-05-17h42m24s', 'parsec-freqmine-2026-05-05-17h42m24s', 'parsec-streamcluster-2026-05-05-17h42m24s']
2026-05-05T15:45:26.872348+00:00 Scheduler heartbeat: launched_phases=['phase-01', 'phase-02', 'phase-03', 'phase-04'] pending_phases=['phase-05', 'phase-06'] completed_jobs=['barnes', 'canneal'] running_jobs=['parsec-blackscholes-2026-05-05-17h42m24s', 'parsec-freqmine-2026-05-05-17h42m24s', 'parsec-streamcluster-2026-05-05-17h42m24s']
2026-05-05T15:45:45.420042+00:00 Scheduler heartbeat: launched_phases=['phase-01', 'phase-02', 'phase-03', 'phase-04'] pending_phases=['phase-05', 'phase-06'] completed_jobs=['barnes', 'canneal'] running_jobs=['parsec-blackscholes-2026-05-05-17h42m24s', 'parsec-freqmine-2026-05-05-17h42m24s', 'parsec-streamcluster-2026-05-05-17h42m24s']
2026-05-05T15:45:47.822998+00:00 Job completed: parsec-streamcluster-2026-05-05-17h42m24s
2026-05-05T15:45:47.823154+00:00 Phase dependency satisfied for phase-05: streamcluster
2026-05-05T15:45:47.823178+00:00 Launching phase phase-05: vips
2026-05-05T15:46:01.576355+00:00 Scheduler heartbeat: launched_phases=['phase-01', 'phase-02', 'phase-03', 'phase-04', 'phase-05'] pending_phases=['phase-06'] completed_jobs=['barnes', 'canneal', 'streamcluster'] running_jobs=['parsec-blackscholes-2026-05-05-17h42m24s', 'parsec-freqmine-2026-05-05-17h42m24s', 'parsec-vips-2026-05-05-17h42m24s']
2026-05-05T15:46:03.979307+00:00 Job completed: parsec-blackscholes-2026-05-05-17h42m24s
2026-05-05T15:46:20.316646+00:00 Scheduler heartbeat: launched_phases=['phase-01', 'phase-02', 'phase-03', 'phase-04', 'phase-05'] pending_phases=['phase-06'] completed_jobs=['barnes', 'blackscholes', 'canneal', 'streamcluster'] running_jobs=['parsec-freqmine-2026-05-05-17h42m24s', 'parsec-vips-2026-05-05-17h42m24s']
2026-05-05T15:46:21.532388+00:00 Job completed: parsec-freqmine-2026-05-05-17h42m24s
2026-05-05T15:46:22.738026+00:00 Job completed: parsec-vips-2026-05-05-17h42m24s
2026-05-05T15:46:22.738231+00:00 Phase dependency satisfied for phase-06: freqmine,vips
2026-05-05T15:46:22.738253+00:00 Launching phase phase-06: radix
2026-05-05T15:46:32.973637+00:00 Job completed: parsec-radix-2026-05-05-17h42m24s
2026-05-05T15:46:32.973792+00:00 All batch jobs completed; capturing results.json and stopping mcperf
2026-05-05T15:46:32.973851+00:00 Waiting briefly for final pod termination metadata
2026-05-05T15:46:33.416463+00:00 Stopping mcperf measurement wrapper on client-measure-1lr0 with SIGINT
2026-05-05T15:46:48.712602+00:00 mcperf is still running on client-measure-1lr0 after SIGINT; escalating to SIGTERM
2026-05-05T15:46:50.682740+00:00 Summarizing run from captured pod snapshot and mcperf output
2026-05-05T15:46:50.684997+00:00 Run completed with status pass makespan=201.0 max_p95_us=375.4
2026-05-05T15:46:50.687442+00:00 Runtime stats refreshed: /home/carti/ETH/Msc/CCA/risultatiPart3/Matte/part3_openEvolve/runs/runtime_stats.json samples=7 eligible_runs=1
