2026-05-09T23:33:17.607350+00:00 Run directory prepared: /home/carti/ETH/Msc/CCA/risultatiPart3/Matte/automation/runs/part3-Parta/2026-05-10-01h33m17s
2026-05-09T23:33:17.608127+00:00 Rendered 8 manifests into /home/carti/ETH/Msc/CCA/risultatiPart3/Matte/automation/runs/part3-Parta/2026-05-10-01h33m17s/rendered_manifests
2026-05-09T23:33:17.608420+00:00 Cleaning previous managed workloads
2026-05-09T23:33:50.996321+00:00 Ensuring canonical node labels and checking client provisioning
2026-05-09T23:34:02.954386+00:00 Pre-caching 8 images on benchmark nodes via 2 transient pod(s)
2026-05-09T23:34:07.480512+00:00 Pre-cache pods completed successfully
2026-05-09T23:34:09.124183+00:00 Pre-cache pods deleted
2026-05-09T23:34:09.124529+00:00 Applying memcached manifest
2026-05-09T23:34:12.833910+00:00 Capturing benchmark node CPU platforms
2026-05-09T23:34:18.976035+00:00 Benchmark node CPU platform capture complete: node-a-8core=e2-standard-8/AMD Rome, node-b-4core=n2d-highcpu-4/AMD Milan
2026-05-09T23:34:18.976842+00:00 Restarting mcperf-agent.service on client-agent-a (client-agent-a-tp31)
2026-05-09T23:34:25.951642+00:00 mcperf-agent.service active on client-agent-a (client-agent-a-tp31)
2026-05-09T23:34:25.951933+00:00 Restarting mcperf-agent.service on client-agent-b (client-agent-b-ggp4)
2026-05-09T23:34:32.273472+00:00 mcperf-agent.service active on client-agent-b (client-agent-b-ggp4)
2026-05-09T23:34:32.273701+00:00 Starting measurement against memcached IP 100.96.4.8
2026-05-09T23:34:32.928944+00:00 Waiting for first mcperf measurement sample
2026-05-09T23:34:38.359107+00:00 mcperf measurement header observed
2026-05-09T23:34:49.443539+00:00 mcperf measurement sample observed
2026-05-09T23:34:49.443739+00:00 mcperf measurement is live
2026-05-09T23:34:49.444214+00:00 Starting phase scheduler
2026-05-09T23:34:49.871798+00:00 Phase dependency satisfied for phase-01: start
2026-05-09T23:34:49.872117+00:00 Phase dependency satisfied for phase-04: start
2026-05-09T23:34:49.872226+00:00 Phase dependency satisfied for phase-06: start
2026-05-09T23:34:49.872274+00:00 Launching phase phase-01: canneal
2026-05-09T23:34:50.530609+00:00 Launching phase phase-04: streamcluster
2026-05-09T23:34:51.042010+00:00 Launching phase phase-06: freqmine
2026-05-09T23:34:54.204039+00:00 Scheduler heartbeat: launched_phases=['phase-01', 'phase-04', 'phase-06'] pending_phases=['phase-02', 'phase-03', 'phase-05', 'phase-07'] completed_jobs=[] running_jobs=['parsec-canneal-2026-05-10-01h33m17s', 'parsec-freqmine-2026-05-10-01h33m17s', 'parsec-streamcluster-2026-05-10-01h33m17s']
2026-05-09T23:35:09.362857+00:00 Scheduler heartbeat: launched_phases=['phase-01', 'phase-04', 'phase-06'] pending_phases=['phase-02', 'phase-03', 'phase-05', 'phase-07'] completed_jobs=[] running_jobs=['parsec-canneal-2026-05-10-01h33m17s', 'parsec-freqmine-2026-05-10-01h33m17s', 'parsec-streamcluster-2026-05-10-01h33m17s']
2026-05-09T23:35:24.568085+00:00 Scheduler heartbeat: launched_phases=['phase-01', 'phase-04', 'phase-06'] pending_phases=['phase-02', 'phase-03', 'phase-05', 'phase-07'] completed_jobs=[] running_jobs=['parsec-canneal-2026-05-10-01h33m17s', 'parsec-freqmine-2026-05-10-01h33m17s', 'parsec-streamcluster-2026-05-10-01h33m17s']
2026-05-09T23:35:42.364619+00:00 Scheduler heartbeat: launched_phases=['phase-01', 'phase-04', 'phase-06'] pending_phases=['phase-02', 'phase-03', 'phase-05', 'phase-07'] completed_jobs=[] running_jobs=['parsec-canneal-2026-05-10-01h33m17s', 'parsec-freqmine-2026-05-10-01h33m17s', 'parsec-streamcluster-2026-05-10-01h33m17s']
2026-05-09T23:35:57.472645+00:00 Scheduler heartbeat: launched_phases=['phase-01', 'phase-04', 'phase-06'] pending_phases=['phase-02', 'phase-03', 'phase-05', 'phase-07'] completed_jobs=[] running_jobs=['parsec-canneal-2026-05-10-01h33m17s', 'parsec-freqmine-2026-05-10-01h33m17s', 'parsec-streamcluster-2026-05-10-01h33m17s']
2026-05-09T23:36:15.160037+00:00 Scheduler heartbeat: launched_phases=['phase-01', 'phase-04', 'phase-06'] pending_phases=['phase-02', 'phase-03', 'phase-05', 'phase-07'] completed_jobs=[] running_jobs=['parsec-canneal-2026-05-10-01h33m17s', 'parsec-freqmine-2026-05-10-01h33m17s', 'parsec-streamcluster-2026-05-10-01h33m17s']
2026-05-09T23:36:30.376261+00:00 Scheduler heartbeat: launched_phases=['phase-01', 'phase-04', 'phase-06'] pending_phases=['phase-02', 'phase-03', 'phase-05', 'phase-07'] completed_jobs=[] running_jobs=['parsec-canneal-2026-05-10-01h33m17s', 'parsec-freqmine-2026-05-10-01h33m17s', 'parsec-streamcluster-2026-05-10-01h33m17s']
2026-05-09T23:36:47.464854+00:00 Scheduler heartbeat: launched_phases=['phase-01', 'phase-04', 'phase-06'] pending_phases=['phase-02', 'phase-03', 'phase-05', 'phase-07'] completed_jobs=[] running_jobs=['parsec-canneal-2026-05-10-01h33m17s', 'parsec-freqmine-2026-05-10-01h33m17s', 'parsec-streamcluster-2026-05-10-01h33m17s']
2026-05-09T23:36:49.009453+00:00 Job completed: parsec-freqmine-2026-05-10-01h33m17s
2026-05-09T23:36:49.009862+00:00 Phase dependency satisfied for phase-07: freqmine
2026-05-09T23:36:49.009935+00:00 Launching phase phase-07: barnes
2026-05-09T23:36:50.025205+00:00 Job completed: parsec-canneal-2026-05-10-01h33m17s
2026-05-09T23:36:50.025578+00:00 Phase dependency satisfied for phase-02: canneal
2026-05-09T23:36:50.025748+00:00 Launching phase phase-02: blackscholes
2026-05-09T23:37:03.477641+00:00 Scheduler heartbeat: launched_phases=['phase-01', 'phase-02', 'phase-04', 'phase-06', 'phase-07'] pending_phases=['phase-03', 'phase-05'] completed_jobs=['canneal', 'freqmine'] running_jobs=['parsec-barnes-2026-05-10-01h33m17s', 'parsec-blackscholes-2026-05-10-01h33m17s', 'parsec-streamcluster-2026-05-10-01h33m17s']
2026-05-09T23:37:21.385079+00:00 Scheduler heartbeat: launched_phases=['phase-01', 'phase-02', 'phase-04', 'phase-06', 'phase-07'] pending_phases=['phase-03', 'phase-05'] completed_jobs=['canneal', 'freqmine'] running_jobs=['parsec-barnes-2026-05-10-01h33m17s', 'parsec-blackscholes-2026-05-10-01h33m17s', 'parsec-streamcluster-2026-05-10-01h33m17s']
2026-05-09T23:37:37.329900+00:00 Scheduler heartbeat: launched_phases=['phase-01', 'phase-02', 'phase-04', 'phase-06', 'phase-07'] pending_phases=['phase-03', 'phase-05'] completed_jobs=['canneal', 'freqmine'] running_jobs=['parsec-barnes-2026-05-10-01h33m17s', 'parsec-blackscholes-2026-05-10-01h33m17s', 'parsec-streamcluster-2026-05-10-01h33m17s']
2026-05-09T23:37:47.207025+00:00 Job completed: parsec-barnes-2026-05-10-01h33m17s
2026-05-09T23:37:47.207485+00:00 Phase dependency satisfied for phase-05: barnes
2026-05-09T23:37:47.207678+00:00 Launching phase phase-05: radix
2026-05-09T23:37:51.534819+00:00 Job completed: parsec-blackscholes-2026-05-10-01h33m17s
2026-05-09T23:37:51.535149+00:00 Phase dependency satisfied for phase-03: blackscholes
2026-05-09T23:37:51.535210+00:00 Launching phase phase-03: vips
2026-05-09T23:37:55.654189+00:00 Scheduler heartbeat: launched_phases=['phase-01', 'phase-02', 'phase-03', 'phase-04', 'phase-05', 'phase-06', 'phase-07'] pending_phases=[] completed_jobs=['barnes', 'blackscholes', 'canneal', 'freqmine'] running_jobs=['parsec-radix-2026-05-10-01h33m17s', 'parsec-streamcluster-2026-05-10-01h33m17s', 'parsec-vips-2026-05-10-01h33m17s']
2026-05-09T23:37:58.604652+00:00 Job completed: parsec-streamcluster-2026-05-10-01h33m17s
2026-05-09T23:38:01.615894+00:00 Job completed: parsec-radix-2026-05-10-01h33m17s
2026-05-09T23:38:10.854836+00:00 Scheduler heartbeat: launched_phases=['phase-01', 'phase-02', 'phase-03', 'phase-04', 'phase-05', 'phase-06', 'phase-07'] pending_phases=[] completed_jobs=['barnes', 'blackscholes', 'canneal', 'freqmine', 'radix', 'streamcluster'] running_jobs=['parsec-vips-2026-05-10-01h33m17s']
2026-05-09T23:38:28.315433+00:00 Scheduler heartbeat: launched_phases=['phase-01', 'phase-02', 'phase-03', 'phase-04', 'phase-05', 'phase-06', 'phase-07'] pending_phases=[] completed_jobs=['barnes', 'blackscholes', 'canneal', 'freqmine', 'radix', 'streamcluster'] running_jobs=['parsec-vips-2026-05-10-01h33m17s']
2026-05-09T23:38:44.541291+00:00 Scheduler heartbeat: launched_phases=['phase-01', 'phase-02', 'phase-03', 'phase-04', 'phase-05', 'phase-06', 'phase-07'] pending_phases=[] completed_jobs=['barnes', 'blackscholes', 'canneal', 'freqmine', 'radix', 'streamcluster'] running_jobs=['parsec-vips-2026-05-10-01h33m17s']
2026-05-09T23:39:02.669518+00:00 Scheduler heartbeat: launched_phases=['phase-01', 'phase-02', 'phase-03', 'phase-04', 'phase-05', 'phase-06', 'phase-07'] pending_phases=[] completed_jobs=['barnes', 'blackscholes', 'canneal', 'freqmine', 'radix', 'streamcluster'] running_jobs=['parsec-vips-2026-05-10-01h33m17s']
2026-05-09T23:39:05.850750+00:00 Job completed: parsec-vips-2026-05-10-01h33m17s
2026-05-09T23:39:05.851223+00:00 All batch jobs completed; capturing results.json and stopping mcperf
2026-05-09T23:39:05.851366+00:00 Waiting briefly for final pod termination metadata
2026-05-09T23:39:07.152440+00:00 Stopping mcperf measurement wrapper on client-measure-2qdl with SIGINT
2026-05-09T23:39:20.647595+00:00 mcperf is still running on client-measure-2qdl after SIGINT; escalating to SIGTERM
2026-05-09T23:39:24.583496+00:00 Summarizing run from captured pod snapshot and mcperf output
2026-05-09T23:39:24.598235+00:00 Run completed with status pass makespan=249.0 max_p95_us=850.7
2026-05-09T23:39:24.998374+00:00 Runtime stats refreshed: /home/carti/ETH/Msc/CCA/risultatiPart3/Matte/automation/runs/runtime_stats.json samples=630 eligible_runs=90
