2026-05-10T01:13:56.601453+00:00 Run directory prepared: /home/carti/ETH/Msc/CCA/risultatiPart3/Matte/automation/runs/part3-PartB/2026-05-10-03h13m56s
2026-05-10T01:13:56.601507+00:00 Rendered 8 manifests into /home/carti/ETH/Msc/CCA/risultatiPart3/Matte/automation/runs/part3-PartB/2026-05-10-03h13m56s/rendered_manifests
2026-05-10T01:13:56.601535+00:00 Cleaning previous managed workloads
2026-05-10T01:14:29.239508+00:00 Ensuring canonical node labels and checking client provisioning
2026-05-10T01:14:39.270118+00:00 Applying memcached manifest
2026-05-10T01:14:42.863497+00:00 Capturing benchmark node CPU platforms
2026-05-10T01:14:47.529888+00:00 Benchmark node CPU platform capture complete: node-a-8core=e2-standard-8/AMD Rome, node-b-4core=n2d-highcpu-4/AMD Milan
2026-05-10T01:14:47.530605+00:00 Restarting mcperf-agent.service on client-agent-a (client-agent-a-tp31)
2026-05-10T01:14:52.872309+00:00 mcperf-agent.service active on client-agent-a (client-agent-a-tp31)
2026-05-10T01:14:52.872469+00:00 Restarting mcperf-agent.service on client-agent-b (client-agent-b-ggp4)
2026-05-10T01:14:58.421567+00:00 mcperf-agent.service active on client-agent-b (client-agent-b-ggp4)
2026-05-10T01:14:58.421826+00:00 Starting measurement against memcached IP 100.96.4.68
2026-05-10T01:14:59.086813+00:00 Waiting for first mcperf measurement sample
2026-05-10T01:15:05.169505+00:00 mcperf measurement header observed
2026-05-10T01:15:16.228288+00:00 mcperf measurement sample observed
2026-05-10T01:15:16.228567+00:00 mcperf measurement is live
2026-05-10T01:15:16.228786+00:00 Starting phase scheduler
2026-05-10T01:15:16.613289+00:00 Phase dependency satisfied for phase-01: start
2026-05-10T01:15:16.613469+00:00 Phase dependency satisfied for phase-03: start
2026-05-10T01:15:16.613499+00:00 Launching phase phase-01: canneal
2026-05-10T01:15:17.090121+00:00 Launching phase phase-03: barnes, streamcluster
2026-05-10T01:15:20.181230+00:00 Scheduler heartbeat: launched_phases=['phase-01', 'phase-03'] pending_phases=['phase-02', 'phase-04', 'phase-05', 'phase-06'] completed_jobs=[] running_jobs=['parsec-barnes-2026-05-10-03h13m56s', 'parsec-canneal-2026-05-10-03h13m56s', 'parsec-streamcluster-2026-05-10-03h13m56s']
2026-05-10T01:15:35.714584+00:00 Scheduler heartbeat: launched_phases=['phase-01', 'phase-03'] pending_phases=['phase-02', 'phase-04', 'phase-05', 'phase-06'] completed_jobs=[] running_jobs=['parsec-barnes-2026-05-10-03h13m56s', 'parsec-canneal-2026-05-10-03h13m56s', 'parsec-streamcluster-2026-05-10-03h13m56s']
2026-05-10T01:15:50.994469+00:00 Scheduler heartbeat: launched_phases=['phase-01', 'phase-03'] pending_phases=['phase-02', 'phase-04', 'phase-05', 'phase-06'] completed_jobs=[] running_jobs=['parsec-barnes-2026-05-10-03h13m56s', 'parsec-canneal-2026-05-10-03h13m56s', 'parsec-streamcluster-2026-05-10-03h13m56s']
2026-05-10T01:16:08.418507+00:00 Scheduler heartbeat: launched_phases=['phase-01', 'phase-03'] pending_phases=['phase-02', 'phase-04', 'phase-05', 'phase-06'] completed_jobs=[] running_jobs=['parsec-barnes-2026-05-10-03h13m56s', 'parsec-canneal-2026-05-10-03h13m56s', 'parsec-streamcluster-2026-05-10-03h13m56s']
2026-05-10T01:16:17.963916+00:00 Job completed: parsec-barnes-2026-05-10-03h13m56s
2026-05-10T01:16:17.964089+00:00 Phase dependency satisfied for phase-04: barnes
2026-05-10T01:16:17.964130+00:00 Launching phase phase-04: freqmine
2026-05-10T01:16:24.254569+00:00 Scheduler heartbeat: launched_phases=['phase-01', 'phase-03', 'phase-04'] pending_phases=['phase-02', 'phase-05', 'phase-06'] completed_jobs=['barnes'] running_jobs=['parsec-canneal-2026-05-10-03h13m56s', 'parsec-freqmine-2026-05-10-03h13m56s', 'parsec-streamcluster-2026-05-10-03h13m56s']
2026-05-10T01:16:41.178420+00:00 Scheduler heartbeat: launched_phases=['phase-01', 'phase-03', 'phase-04'] pending_phases=['phase-02', 'phase-05', 'phase-06'] completed_jobs=['barnes'] running_jobs=['parsec-canneal-2026-05-10-03h13m56s', 'parsec-freqmine-2026-05-10-03h13m56s', 'parsec-streamcluster-2026-05-10-03h13m56s']
2026-05-10T01:16:57.007864+00:00 Scheduler heartbeat: launched_phases=['phase-01', 'phase-03', 'phase-04'] pending_phases=['phase-02', 'phase-05', 'phase-06'] completed_jobs=['barnes'] running_jobs=['parsec-canneal-2026-05-10-03h13m56s', 'parsec-freqmine-2026-05-10-03h13m56s', 'parsec-streamcluster-2026-05-10-03h13m56s']
2026-05-10T01:17:14.550724+00:00 Job completed: parsec-canneal-2026-05-10-03h13m56s
2026-05-10T01:17:14.550924+00:00 Phase dependency satisfied for phase-02: canneal
2026-05-10T01:17:14.550945+00:00 Launching phase phase-02: blackscholes
2026-05-10T01:17:15.578164+00:00 Scheduler heartbeat: launched_phases=['phase-01', 'phase-02', 'phase-03', 'phase-04'] pending_phases=['phase-05', 'phase-06'] completed_jobs=['barnes', 'canneal'] running_jobs=['parsec-blackscholes-2026-05-10-03h13m56s', 'parsec-freqmine-2026-05-10-03h13m56s', 'parsec-streamcluster-2026-05-10-03h13m56s']
2026-05-10T01:17:31.562887+00:00 Scheduler heartbeat: launched_phases=['phase-01', 'phase-02', 'phase-03', 'phase-04'] pending_phases=['phase-05', 'phase-06'] completed_jobs=['barnes', 'canneal'] running_jobs=['parsec-blackscholes-2026-05-10-03h13m56s', 'parsec-freqmine-2026-05-10-03h13m56s', 'parsec-streamcluster-2026-05-10-03h13m56s']
2026-05-10T01:17:48.888956+00:00 Scheduler heartbeat: launched_phases=['phase-01', 'phase-02', 'phase-03', 'phase-04'] pending_phases=['phase-05', 'phase-06'] completed_jobs=['barnes', 'canneal'] running_jobs=['parsec-blackscholes-2026-05-10-03h13m56s', 'parsec-freqmine-2026-05-10-03h13m56s', 'parsec-streamcluster-2026-05-10-03h13m56s']
2026-05-10T01:18:04.909717+00:00 Scheduler heartbeat: launched_phases=['phase-01', 'phase-02', 'phase-03', 'phase-04'] pending_phases=['phase-05', 'phase-06'] completed_jobs=['barnes', 'canneal'] running_jobs=['parsec-blackscholes-2026-05-10-03h13m56s', 'parsec-freqmine-2026-05-10-03h13m56s', 'parsec-streamcluster-2026-05-10-03h13m56s']
2026-05-10T01:18:06.397868+00:00 Job completed: parsec-blackscholes-2026-05-10-03h13m56s
2026-05-10T01:18:16.870391+00:00 Job completed: parsec-streamcluster-2026-05-10-03h13m56s
2026-05-10T01:18:16.870641+00:00 Phase dependency satisfied for phase-05: streamcluster
2026-05-10T01:18:16.870773+00:00 Launching phase phase-05: radix
2026-05-10T01:18:20.951293+00:00 Job completed: parsec-freqmine-2026-05-10-03h13m56s
2026-05-10T01:18:22.421394+00:00 Scheduler heartbeat: launched_phases=['phase-01', 'phase-02', 'phase-03', 'phase-04', 'phase-05'] pending_phases=['phase-06'] completed_jobs=['barnes', 'blackscholes', 'canneal', 'freqmine', 'streamcluster'] running_jobs=['parsec-radix-2026-05-10-03h13m56s']
2026-05-10T01:18:30.787888+00:00 Job completed: parsec-radix-2026-05-10-03h13m56s
2026-05-10T01:18:30.788056+00:00 Phase dependency satisfied for phase-06: freqmine,radix
2026-05-10T01:18:30.788078+00:00 Launching phase phase-06: vips
2026-05-10T01:18:37.563460+00:00 Scheduler heartbeat: launched_phases=['phase-01', 'phase-02', 'phase-03', 'phase-04', 'phase-05', 'phase-06'] pending_phases=[] completed_jobs=['barnes', 'blackscholes', 'canneal', 'freqmine', 'radix', 'streamcluster'] running_jobs=['parsec-vips-2026-05-10-03h13m56s']
2026-05-10T01:18:54.615646+00:00 Scheduler heartbeat: launched_phases=['phase-01', 'phase-02', 'phase-03', 'phase-04', 'phase-05', 'phase-06'] pending_phases=[] completed_jobs=['barnes', 'blackscholes', 'canneal', 'freqmine', 'radix', 'streamcluster'] running_jobs=['parsec-vips-2026-05-10-03h13m56s']
2026-05-10T01:19:06.110187+00:00 Job completed: parsec-vips-2026-05-10-03h13m56s
2026-05-10T01:19:06.110779+00:00 All batch jobs completed; capturing results.json and stopping mcperf
2026-05-10T01:19:06.110877+00:00 Waiting briefly for final pod termination metadata
2026-05-10T01:19:07.023786+00:00 Stopping mcperf measurement wrapper on client-measure-2qdl with SIGINT
2026-05-10T01:19:21.611075+00:00 mcperf is still running on client-measure-2qdl after SIGINT; escalating to SIGTERM
2026-05-10T01:19:24.908926+00:00 Summarizing run from captured pod snapshot and mcperf output
2026-05-10T01:19:24.909850+00:00 Run completed with status pass makespan=211.0 max_p95_us=365.8
2026-05-10T01:19:25.111910+00:00 Runtime stats refreshed: /home/carti/ETH/Msc/CCA/risultatiPart3/Matte/automation/runs/runtime_stats.json samples=728 eligible_runs=104
