2026-05-05T19:42:33.421934+00:00 Run directory prepared: /home/carti/ETH/Msc/CCA/risultatiPart3/Matte/automation/runs/part3-OPENEVOLVE_GLM5.1/2026-05-05-21h42m33s
2026-05-05T19:42:33.421973+00:00 Rendered 8 manifests into /home/carti/ETH/Msc/CCA/risultatiPart3/Matte/automation/runs/part3-OPENEVOLVE_GLM5.1/2026-05-05-21h42m33s/rendered_manifests
2026-05-05T19:42:33.421986+00:00 Cleaning previous managed workloads
2026-05-05T19:43:05.894690+00:00 Ensuring canonical node labels and checking client provisioning
2026-05-05T19:43:15.647800+00:00 Applying memcached manifest
2026-05-05T19:43:18.969060+00:00 Capturing benchmark node CPU platforms
2026-05-05T19:43:21.424078+00:00 Benchmark node CPU platform capture complete: node-a-8core=e2-standard-8/AMD Rome, node-b-4core=n2d-highcpu-4/AMD Milan
2026-05-05T19:43:21.424650+00:00 Restarting mcperf-agent.service on client-agent-a (client-agent-a-7cmp)
2026-05-05T19:43:26.221559+00:00 mcperf-agent.service active on client-agent-a (client-agent-a-7cmp)
2026-05-05T19:43:26.221697+00:00 Restarting mcperf-agent.service on client-agent-b (client-agent-b-67sh)
2026-05-05T19:43:30.730115+00:00 mcperf-agent.service active on client-agent-b (client-agent-b-67sh)
2026-05-05T19:43:30.730252+00:00 Starting measurement against memcached IP 100.96.6.102
2026-05-05T19:43:31.041670+00:00 Waiting for first mcperf measurement sample
2026-05-05T19:43:36.202211+00:00 mcperf measurement header observed
2026-05-05T19:43:47.913350+00:00 mcperf measurement sample observed
2026-05-05T19:43:47.913430+00:00 mcperf measurement is live
2026-05-05T19:43:47.913621+00:00 Starting phase scheduler
2026-05-05T19:43:48.165632+00:00 Phase dependency satisfied for phase-01: start
2026-05-05T19:43:48.165774+00:00 Phase dependency satisfied for phase-03: start
2026-05-05T19:43:48.165796+00:00 Launching phase phase-01: canneal
2026-05-05T19:43:48.459018+00:00 Launching phase phase-03: barnes, streamcluster
2026-05-05T19:43:49.180226+00:00 Scheduler heartbeat: launched_phases=['phase-01', 'phase-03'] pending_phases=['phase-02', 'phase-04', 'phase-05', 'phase-06'] completed_jobs=[] running_jobs=['parsec-barnes-2026-05-05-21h42m33s', 'parsec-canneal-2026-05-05-21h42m33s', 'parsec-streamcluster-2026-05-05-21h42m33s']
2026-05-05T19:44:05.123676+00:00 Scheduler heartbeat: launched_phases=['phase-01', 'phase-03'] pending_phases=['phase-02', 'phase-04', 'phase-05', 'phase-06'] completed_jobs=[] running_jobs=['parsec-barnes-2026-05-05-21h42m33s', 'parsec-canneal-2026-05-05-21h42m33s', 'parsec-streamcluster-2026-05-05-21h42m33s']
2026-05-05T19:44:21.068752+00:00 Scheduler heartbeat: launched_phases=['phase-01', 'phase-03'] pending_phases=['phase-02', 'phase-04', 'phase-05', 'phase-06'] completed_jobs=[] running_jobs=['parsec-barnes-2026-05-05-21h42m33s', 'parsec-canneal-2026-05-05-21h42m33s', 'parsec-streamcluster-2026-05-05-21h42m33s']
2026-05-05T19:44:36.989498+00:00 Scheduler heartbeat: launched_phases=['phase-01', 'phase-03'] pending_phases=['phase-02', 'phase-04', 'phase-05', 'phase-06'] completed_jobs=[] running_jobs=['parsec-barnes-2026-05-05-21h42m33s', 'parsec-canneal-2026-05-05-21h42m33s', 'parsec-streamcluster-2026-05-05-21h42m33s']
2026-05-05T19:44:50.424424+00:00 Job completed: parsec-barnes-2026-05-05-21h42m33s
2026-05-05T19:44:50.424972+00:00 Phase dependency satisfied for phase-04: barnes
2026-05-05T19:44:50.425060+00:00 Launching phase phase-04: freqmine
2026-05-05T19:44:52.152547+00:00 Scheduler heartbeat: launched_phases=['phase-01', 'phase-03', 'phase-04'] pending_phases=['phase-02', 'phase-05', 'phase-06'] completed_jobs=['barnes'] running_jobs=['parsec-canneal-2026-05-05-21h42m33s', 'parsec-freqmine-2026-05-05-21h42m33s', 'parsec-streamcluster-2026-05-05-21h42m33s']
2026-05-05T19:45:08.064736+00:00 Scheduler heartbeat: launched_phases=['phase-01', 'phase-03', 'phase-04'] pending_phases=['phase-02', 'phase-05', 'phase-06'] completed_jobs=['barnes'] running_jobs=['parsec-canneal-2026-05-05-21h42m33s', 'parsec-freqmine-2026-05-05-21h42m33s', 'parsec-streamcluster-2026-05-05-21h42m33s']
2026-05-05T19:45:24.178040+00:00 Scheduler heartbeat: launched_phases=['phase-01', 'phase-03', 'phase-04'] pending_phases=['phase-02', 'phase-05', 'phase-06'] completed_jobs=['barnes'] running_jobs=['parsec-canneal-2026-05-05-21h42m33s', 'parsec-freqmine-2026-05-05-21h42m33s', 'parsec-streamcluster-2026-05-05-21h42m33s']
2026-05-05T19:45:40.034771+00:00 Scheduler heartbeat: launched_phases=['phase-01', 'phase-03', 'phase-04'] pending_phases=['phase-02', 'phase-05', 'phase-06'] completed_jobs=['barnes'] running_jobs=['parsec-canneal-2026-05-05-21h42m33s', 'parsec-freqmine-2026-05-05-21h42m33s', 'parsec-streamcluster-2026-05-05-21h42m33s']
2026-05-05T19:45:47.378889+00:00 Job completed: parsec-canneal-2026-05-05-21h42m33s
2026-05-05T19:45:47.379049+00:00 Phase dependency satisfied for phase-02: canneal
2026-05-05T19:45:47.379074+00:00 Launching phase phase-02: blackscholes
2026-05-05T19:45:55.279652+00:00 Scheduler heartbeat: launched_phases=['phase-01', 'phase-02', 'phase-03', 'phase-04'] pending_phases=['phase-05', 'phase-06'] completed_jobs=['barnes', 'canneal'] running_jobs=['parsec-blackscholes-2026-05-05-21h42m33s', 'parsec-freqmine-2026-05-05-21h42m33s', 'parsec-streamcluster-2026-05-05-21h42m33s']
2026-05-05T19:46:11.238871+00:00 Scheduler heartbeat: launched_phases=['phase-01', 'phase-02', 'phase-03', 'phase-04'] pending_phases=['phase-05', 'phase-06'] completed_jobs=['barnes', 'canneal'] running_jobs=['parsec-blackscholes-2026-05-05-21h42m33s', 'parsec-freqmine-2026-05-05-21h42m33s', 'parsec-streamcluster-2026-05-05-21h42m33s']
2026-05-05T19:46:27.205958+00:00 Scheduler heartbeat: launched_phases=['phase-01', 'phase-02', 'phase-03', 'phase-04'] pending_phases=['phase-05', 'phase-06'] completed_jobs=['barnes', 'canneal'] running_jobs=['parsec-blackscholes-2026-05-05-21h42m33s', 'parsec-freqmine-2026-05-05-21h42m33s', 'parsec-streamcluster-2026-05-05-21h42m33s']
2026-05-05T19:46:37.077317+00:00 Job completed: parsec-streamcluster-2026-05-05-21h42m33s
2026-05-05T19:46:37.077477+00:00 Phase dependency satisfied for phase-05: streamcluster
2026-05-05T19:46:37.077498+00:00 Launching phase phase-05: vips
2026-05-05T19:46:37.609410+00:00 Job completed: parsec-blackscholes-2026-05-05-21h42m33s
2026-05-05T19:46:42.545210+00:00 Scheduler heartbeat: launched_phases=['phase-01', 'phase-02', 'phase-03', 'phase-04', 'phase-05'] pending_phases=['phase-06'] completed_jobs=['barnes', 'blackscholes', 'canneal', 'streamcluster'] running_jobs=['parsec-freqmine-2026-05-05-21h42m33s', 'parsec-vips-2026-05-05-21h42m33s']
2026-05-05T19:46:58.482064+00:00 Scheduler heartbeat: launched_phases=['phase-01', 'phase-02', 'phase-03', 'phase-04', 'phase-05'] pending_phases=['phase-06'] completed_jobs=['barnes', 'blackscholes', 'canneal', 'streamcluster'] running_jobs=['parsec-freqmine-2026-05-05-21h42m33s', 'parsec-vips-2026-05-05-21h42m33s']
2026-05-05T19:47:10.976573+00:00 Job completed: parsec-freqmine-2026-05-05-21h42m33s
2026-05-05T19:47:10.976711+00:00 Job completed: parsec-vips-2026-05-05-21h42m33s
2026-05-05T19:47:10.976743+00:00 Phase dependency satisfied for phase-06: freqmine,vips
2026-05-05T19:47:10.976756+00:00 Launching phase phase-06: radix
2026-05-05T19:47:13.934755+00:00 Scheduler heartbeat: launched_phases=['phase-01', 'phase-02', 'phase-03', 'phase-04', 'phase-05', 'phase-06'] pending_phases=[] completed_jobs=['barnes', 'blackscholes', 'canneal', 'freqmine', 'streamcluster', 'vips'] running_jobs=['parsec-radix-2026-05-05-21h42m33s']
2026-05-05T19:47:22.554733+00:00 Job completed: parsec-radix-2026-05-05-21h42m33s
2026-05-05T19:47:22.555111+00:00 All batch jobs completed; capturing results.json and stopping mcperf
2026-05-05T19:47:22.555243+00:00 Waiting briefly for final pod termination metadata
2026-05-05T19:47:23.057145+00:00 Stopping mcperf measurement wrapper on client-measure-1lr0 with SIGINT
2026-05-05T19:47:35.455209+00:00 mcperf is still running on client-measure-1lr0 after SIGINT; escalating to SIGTERM
2026-05-05T19:47:38.087207+00:00 Summarizing run from captured pod snapshot and mcperf output
2026-05-05T19:47:38.089340+00:00 Run completed with status pass makespan=210.0 max_p95_us=387.0
2026-05-05T19:47:38.224461+00:00 Runtime stats refreshed: /home/carti/ETH/Msc/CCA/risultatiPart3/Matte/automation/runs/runtime_stats.json samples=448 eligible_runs=64
