2026-05-09T13:26:52.193298+00:00 Run directory prepared: /home/carti/ETH/Msc/CCA/risultatiPart3/Matte/automation/runs/part3-PartA/2026-05-09-15h26m52s
2026-05-09T13:26:52.193533+00:00 Rendered 8 manifests into /home/carti/ETH/Msc/CCA/risultatiPart3/Matte/automation/runs/part3-PartA/2026-05-09-15h26m52s/rendered_manifests
2026-05-09T13:26:52.193584+00:00 Cleaning previous managed workloads
2026-05-09T13:27:26.189464+00:00 Ensuring canonical node labels and checking client provisioning
2026-05-09T13:27:41.448469+00:00 Applying memcached manifest
2026-05-09T13:27:46.232770+00:00 Capturing benchmark node CPU platforms
2026-05-09T13:27:51.234891+00:00 Benchmark node CPU platform capture complete: node-a-8core=e2-standard-8/AMD Rome, node-b-4core=n2d-highcpu-4/AMD Milan
2026-05-09T13:27:51.235681+00:00 Restarting mcperf-agent.service on client-agent-a (client-agent-a-1p0l)
2026-05-09T13:27:59.491508+00:00 mcperf-agent.service active on client-agent-a (client-agent-a-1p0l)
2026-05-09T13:27:59.492024+00:00 Restarting mcperf-agent.service on client-agent-b (client-agent-b-j3kd)
2026-05-09T13:28:07.973368+00:00 mcperf-agent.service active on client-agent-b (client-agent-b-j3kd)
2026-05-09T13:28:07.973821+00:00 Starting measurement against memcached IP 100.96.4.40
2026-05-09T13:28:08.996769+00:00 Waiting for first mcperf measurement sample
2026-05-09T13:28:16.098022+00:00 mcperf measurement header observed
2026-05-09T13:28:27.596357+00:00 mcperf measurement sample observed
2026-05-09T13:28:27.596925+00:00 mcperf measurement is live
2026-05-09T13:28:27.597245+00:00 Starting phase scheduler
2026-05-09T13:28:28.446944+00:00 Phase dependency satisfied for phase-01: start
2026-05-09T13:28:28.447654+00:00 Phase dependency satisfied for phase-03: start
2026-05-09T13:28:28.447945+00:00 Launching phase phase-01: canneal
2026-05-09T13:28:29.100116+00:00 Launching phase phase-03: barnes, streamcluster
2026-05-09T13:28:31.503746+00:00 Scheduler heartbeat: launched_phases=['phase-01', 'phase-03'] pending_phases=['phase-02', 'phase-04', 'phase-05', 'phase-06'] completed_jobs=[] running_jobs=['parsec-barnes-2026-05-09-15h26m52s', 'parsec-canneal-2026-05-09-15h26m52s', 'parsec-streamcluster-2026-05-09-15h26m52s']
2026-05-09T13:28:46.815871+00:00 Scheduler heartbeat: launched_phases=['phase-01', 'phase-03'] pending_phases=['phase-02', 'phase-04', 'phase-05', 'phase-06'] completed_jobs=[] running_jobs=['parsec-barnes-2026-05-09-15h26m52s', 'parsec-canneal-2026-05-09-15h26m52s', 'parsec-streamcluster-2026-05-09-15h26m52s']
2026-05-09T13:29:02.169122+00:00 Scheduler heartbeat: launched_phases=['phase-01', 'phase-03'] pending_phases=['phase-02', 'phase-04', 'phase-05', 'phase-06'] completed_jobs=[] running_jobs=['parsec-barnes-2026-05-09-15h26m52s', 'parsec-canneal-2026-05-09-15h26m52s', 'parsec-streamcluster-2026-05-09-15h26m52s']
2026-05-09T13:29:17.866266+00:00 Scheduler heartbeat: launched_phases=['phase-01', 'phase-03'] pending_phases=['phase-02', 'phase-04', 'phase-05', 'phase-06'] completed_jobs=[] running_jobs=['parsec-barnes-2026-05-09-15h26m52s', 'parsec-canneal-2026-05-09-15h26m52s', 'parsec-streamcluster-2026-05-09-15h26m52s']
2026-05-09T13:29:28.494258+00:00 Job completed: parsec-barnes-2026-05-09-15h26m52s
2026-05-09T13:29:28.494884+00:00 Phase dependency satisfied for phase-04: barnes
2026-05-09T13:29:28.495160+00:00 Launching phase phase-04: freqmine
2026-05-09T13:29:32.880273+00:00 Scheduler heartbeat: launched_phases=['phase-01', 'phase-03', 'phase-04'] pending_phases=['phase-02', 'phase-05', 'phase-06'] completed_jobs=['barnes'] running_jobs=['parsec-canneal-2026-05-09-15h26m52s', 'parsec-freqmine-2026-05-09-15h26m52s', 'parsec-streamcluster-2026-05-09-15h26m52s']
2026-05-09T13:29:49.236929+00:00 Scheduler heartbeat: launched_phases=['phase-01', 'phase-03', 'phase-04'] pending_phases=['phase-02', 'phase-05', 'phase-06'] completed_jobs=['barnes'] running_jobs=['parsec-canneal-2026-05-09-15h26m52s', 'parsec-freqmine-2026-05-09-15h26m52s', 'parsec-streamcluster-2026-05-09-15h26m52s']
2026-05-09T13:30:04.558302+00:00 Scheduler heartbeat: launched_phases=['phase-01', 'phase-03', 'phase-04'] pending_phases=['phase-02', 'phase-05', 'phase-06'] completed_jobs=['barnes'] running_jobs=['parsec-canneal-2026-05-09-15h26m52s', 'parsec-freqmine-2026-05-09-15h26m52s', 'parsec-streamcluster-2026-05-09-15h26m52s']
2026-05-09T13:30:20.218260+00:00 Scheduler heartbeat: launched_phases=['phase-01', 'phase-03', 'phase-04'] pending_phases=['phase-02', 'phase-05', 'phase-06'] completed_jobs=['barnes'] running_jobs=['parsec-canneal-2026-05-09-15h26m52s', 'parsec-freqmine-2026-05-09-15h26m52s', 'parsec-streamcluster-2026-05-09-15h26m52s']
2026-05-09T13:30:28.844462+00:00 Job completed: parsec-canneal-2026-05-09-15h26m52s
2026-05-09T13:30:28.845041+00:00 Phase dependency satisfied for phase-02: canneal
2026-05-09T13:30:28.845273+00:00 Launching phase phase-02: blackscholes
2026-05-09T13:30:35.372423+00:00 Scheduler heartbeat: launched_phases=['phase-01', 'phase-02', 'phase-03', 'phase-04'] pending_phases=['phase-05', 'phase-06'] completed_jobs=['barnes', 'canneal'] running_jobs=['parsec-blackscholes-2026-05-09-15h26m52s', 'parsec-freqmine-2026-05-09-15h26m52s', 'parsec-streamcluster-2026-05-09-15h26m52s']
2026-05-09T13:30:50.537369+00:00 Scheduler heartbeat: launched_phases=['phase-01', 'phase-02', 'phase-03', 'phase-04'] pending_phases=['phase-05', 'phase-06'] completed_jobs=['barnes', 'canneal'] running_jobs=['parsec-blackscholes-2026-05-09-15h26m52s', 'parsec-freqmine-2026-05-09-15h26m52s', 'parsec-streamcluster-2026-05-09-15h26m52s']
2026-05-09T13:31:06.474388+00:00 Scheduler heartbeat: launched_phases=['phase-01', 'phase-02', 'phase-03', 'phase-04'] pending_phases=['phase-05', 'phase-06'] completed_jobs=['barnes', 'canneal'] running_jobs=['parsec-blackscholes-2026-05-09-15h26m52s', 'parsec-freqmine-2026-05-09-15h26m52s', 'parsec-streamcluster-2026-05-09-15h26m52s']
2026-05-09T13:31:09.928847+00:00 Job completed: parsec-streamcluster-2026-05-09-15h26m52s
2026-05-09T13:31:09.929181+00:00 Phase dependency satisfied for phase-05: streamcluster
2026-05-09T13:31:09.929280+00:00 Launching phase phase-05: radix
2026-05-09T13:31:22.739747+00:00 Job completed: parsec-blackscholes-2026-05-09-15h26m52s
2026-05-09T13:31:22.740196+00:00 Scheduler heartbeat: launched_phases=['phase-01', 'phase-02', 'phase-03', 'phase-04', 'phase-05'] pending_phases=['phase-06'] completed_jobs=['barnes', 'blackscholes', 'canneal', 'streamcluster'] running_jobs=['parsec-freqmine-2026-05-09-15h26m52s', 'parsec-radix-2026-05-09-15h26m52s']
2026-05-09T13:31:26.225003+00:00 Job completed: parsec-radix-2026-05-09-15h26m52s
2026-05-09T13:31:29.701554+00:00 Job completed: parsec-freqmine-2026-05-09-15h26m52s
2026-05-09T13:31:29.701968+00:00 Phase dependency satisfied for phase-06: freqmine,radix
2026-05-09T13:31:29.702041+00:00 Launching phase phase-06: vips
2026-05-09T13:31:39.025414+00:00 Scheduler heartbeat: launched_phases=['phase-01', 'phase-02', 'phase-03', 'phase-04', 'phase-05', 'phase-06'] pending_phases=[] completed_jobs=['barnes', 'blackscholes', 'canneal', 'freqmine', 'radix', 'streamcluster'] running_jobs=['parsec-vips-2026-05-09-15h26m52s']
2026-05-09T13:31:54.656294+00:00 Scheduler heartbeat: launched_phases=['phase-01', 'phase-02', 'phase-03', 'phase-04', 'phase-05', 'phase-06'] pending_phases=[] completed_jobs=['barnes', 'blackscholes', 'canneal', 'freqmine', 'radix', 'streamcluster'] running_jobs=['parsec-vips-2026-05-09-15h26m52s']
2026-05-09T13:32:05.263006+00:00 Job completed: parsec-vips-2026-05-09-15h26m52s
2026-05-09T13:32:05.263687+00:00 All batch jobs completed; capturing results.json and stopping mcperf
2026-05-09T13:32:05.263829+00:00 Waiting briefly for final pod termination metadata
2026-05-09T13:32:06.824317+00:00 Stopping mcperf measurement wrapper on client-measure-qsfk with SIGINT
2026-05-09T13:32:21.575631+00:00 mcperf is still running on client-measure-qsfk after SIGINT; escalating to SIGTERM
2026-05-09T13:32:26.003365+00:00 Summarizing run from captured pod snapshot and mcperf output
2026-05-09T13:32:26.005565+00:00 Run completed with status pass makespan=197.0 max_p95_us=433.1
2026-05-09T13:32:26.401144+00:00 Runtime stats refreshed: /home/carti/ETH/Msc/CCA/risultatiPart3/Matte/automation/runs/runtime_stats.json samples=525 eligible_runs=75
