2026-05-10T01:25:02.330431+00:00 Run directory prepared: /home/carti/ETH/Msc/CCA/risultatiPart3/Matte/automation/runs/part3-PartB/2026-05-10-03h25m02s
2026-05-10T01:25:02.330485+00:00 Rendered 8 manifests into /home/carti/ETH/Msc/CCA/risultatiPart3/Matte/automation/runs/part3-PartB/2026-05-10-03h25m02s/rendered_manifests
2026-05-10T01:25:02.330505+00:00 Cleaning previous managed workloads
2026-05-10T01:25:36.047158+00:00 Ensuring canonical node labels and checking client provisioning
2026-05-10T01:25:51.091898+00:00 Applying memcached manifest
2026-05-10T01:25:55.050163+00:00 Capturing benchmark node CPU platforms
2026-05-10T01:26:00.903062+00:00 Benchmark node CPU platform capture complete: node-a-8core=e2-standard-8/AMD Rome, node-b-4core=n2d-highcpu-4/AMD Milan
2026-05-10T01:26:00.903873+00:00 Restarting mcperf-agent.service on client-agent-a (client-agent-a-tp31)
2026-05-10T01:26:11.982651+00:00 mcperf-agent.service active on client-agent-a (client-agent-a-tp31)
2026-05-10T01:26:11.982905+00:00 Restarting mcperf-agent.service on client-agent-b (client-agent-b-ggp4)
2026-05-10T01:26:21.117733+00:00 mcperf-agent.service active on client-agent-b (client-agent-b-ggp4)
2026-05-10T01:26:21.118094+00:00 Starting measurement against memcached IP 100.96.4.74
2026-05-10T01:26:22.124559+00:00 Waiting for first mcperf measurement sample
2026-05-10T01:26:29.655301+00:00 mcperf measurement header observed
2026-05-10T01:26:42.796564+00:00 mcperf measurement is live
2026-05-10T01:26:42.796424+00:00 mcperf measurement sample observed
2026-05-10T01:26:42.796963+00:00 Starting phase scheduler
2026-05-10T01:26:43.372430+00:00 Phase dependency satisfied for phase-01: start
2026-05-10T01:26:43.372792+00:00 Phase dependency satisfied for phase-03: start
2026-05-10T01:26:43.372934+00:00 Launching phase phase-01: canneal
2026-05-10T01:26:44.044774+00:00 Launching phase phase-03: barnes, streamcluster
2026-05-10T01:26:46.149723+00:00 Scheduler heartbeat: launched_phases=['phase-01', 'phase-03'] pending_phases=['phase-02', 'phase-04', 'phase-05', 'phase-06'] completed_jobs=[] running_jobs=['parsec-barnes-2026-05-10-03h25m02s', 'parsec-canneal-2026-05-10-03h25m02s', 'parsec-streamcluster-2026-05-10-03h25m02s']
2026-05-10T01:27:02.736209+00:00 Scheduler heartbeat: launched_phases=['phase-01', 'phase-03'] pending_phases=['phase-02', 'phase-04', 'phase-05', 'phase-06'] completed_jobs=[] running_jobs=['parsec-barnes-2026-05-10-03h25m02s', 'parsec-canneal-2026-05-10-03h25m02s', 'parsec-streamcluster-2026-05-10-03h25m02s']
2026-05-10T01:27:20.857820+00:00 Scheduler heartbeat: launched_phases=['phase-01', 'phase-03'] pending_phases=['phase-02', 'phase-04', 'phase-05', 'phase-06'] completed_jobs=[] running_jobs=['parsec-barnes-2026-05-10-03h25m02s', 'parsec-canneal-2026-05-10-03h25m02s', 'parsec-streamcluster-2026-05-10-03h25m02s']
2026-05-10T01:27:37.212432+00:00 Scheduler heartbeat: launched_phases=['phase-01', 'phase-03'] pending_phases=['phase-02', 'phase-04', 'phase-05', 'phase-06'] completed_jobs=[] running_jobs=['parsec-barnes-2026-05-10-03h25m02s', 'parsec-canneal-2026-05-10-03h25m02s', 'parsec-streamcluster-2026-05-10-03h25m02s']
2026-05-10T01:27:43.721196+00:00 Job completed: parsec-barnes-2026-05-10-03h25m02s
2026-05-10T01:27:43.721541+00:00 Phase dependency satisfied for phase-04: barnes
2026-05-10T01:27:43.721613+00:00 Launching phase phase-04: freqmine
2026-05-10T01:27:55.311360+00:00 Scheduler heartbeat: launched_phases=['phase-01', 'phase-03', 'phase-04'] pending_phases=['phase-02', 'phase-05', 'phase-06'] completed_jobs=['barnes'] running_jobs=['parsec-canneal-2026-05-10-03h25m02s', 'parsec-freqmine-2026-05-10-03h25m02s', 'parsec-streamcluster-2026-05-10-03h25m02s']
2026-05-10T01:28:11.325990+00:00 Scheduler heartbeat: launched_phases=['phase-01', 'phase-03', 'phase-04'] pending_phases=['phase-02', 'phase-05', 'phase-06'] completed_jobs=['barnes'] running_jobs=['parsec-canneal-2026-05-10-03h25m02s', 'parsec-freqmine-2026-05-10-03h25m02s', 'parsec-streamcluster-2026-05-10-03h25m02s']
2026-05-10T01:28:29.293932+00:00 Scheduler heartbeat: launched_phases=['phase-01', 'phase-03', 'phase-04'] pending_phases=['phase-02', 'phase-05', 'phase-06'] completed_jobs=['barnes'] running_jobs=['parsec-canneal-2026-05-10-03h25m02s', 'parsec-freqmine-2026-05-10-03h25m02s', 'parsec-streamcluster-2026-05-10-03h25m02s']
2026-05-10T01:28:38.998157+00:00 Job completed: parsec-canneal-2026-05-10-03h25m02s
2026-05-10T01:28:38.998554+00:00 Phase dependency satisfied for phase-02: canneal
2026-05-10T01:28:38.998822+00:00 Launching phase phase-02: blackscholes
2026-05-10T01:28:45.165873+00:00 Scheduler heartbeat: launched_phases=['phase-01', 'phase-02', 'phase-03', 'phase-04'] pending_phases=['phase-05', 'phase-06'] completed_jobs=['barnes', 'canneal'] running_jobs=['parsec-blackscholes-2026-05-10-03h25m02s', 'parsec-freqmine-2026-05-10-03h25m02s', 'parsec-streamcluster-2026-05-10-03h25m02s']
2026-05-10T01:29:03.317364+00:00 Scheduler heartbeat: launched_phases=['phase-01', 'phase-02', 'phase-03', 'phase-04'] pending_phases=['phase-05', 'phase-06'] completed_jobs=['barnes', 'canneal'] running_jobs=['parsec-blackscholes-2026-05-10-03h25m02s', 'parsec-freqmine-2026-05-10-03h25m02s', 'parsec-streamcluster-2026-05-10-03h25m02s']
2026-05-10T01:29:19.256232+00:00 Scheduler heartbeat: launched_phases=['phase-01', 'phase-02', 'phase-03', 'phase-04'] pending_phases=['phase-05', 'phase-06'] completed_jobs=['barnes', 'canneal'] running_jobs=['parsec-blackscholes-2026-05-10-03h25m02s', 'parsec-freqmine-2026-05-10-03h25m02s', 'parsec-streamcluster-2026-05-10-03h25m02s']
2026-05-10T01:29:36.523855+00:00 Job completed: parsec-blackscholes-2026-05-10-03h25m02s
2026-05-10T01:29:36.524240+00:00 Scheduler heartbeat: launched_phases=['phase-01', 'phase-02', 'phase-03', 'phase-04'] pending_phases=['phase-05', 'phase-06'] completed_jobs=['barnes', 'blackscholes', 'canneal'] running_jobs=['parsec-freqmine-2026-05-10-03h25m02s', 'parsec-streamcluster-2026-05-10-03h25m02s']
2026-05-10T01:29:46.259117+00:00 Job completed: parsec-streamcluster-2026-05-10-03h25m02s
2026-05-10T01:29:46.259439+00:00 Phase dependency satisfied for phase-05: streamcluster
2026-05-10T01:29:46.259510+00:00 Launching phase phase-05: radix
2026-05-10T01:29:47.744701+00:00 Job completed: parsec-freqmine-2026-05-10-03h25m02s
2026-05-10T01:29:52.741084+00:00 Scheduler heartbeat: launched_phases=['phase-01', 'phase-02', 'phase-03', 'phase-04', 'phase-05'] pending_phases=['phase-06'] completed_jobs=['barnes', 'blackscholes', 'canneal', 'freqmine', 'streamcluster'] running_jobs=['parsec-radix-2026-05-10-03h25m02s']
2026-05-10T01:30:00.480803+00:00 Job completed: parsec-radix-2026-05-10-03h25m02s
2026-05-10T01:30:00.481159+00:00 Phase dependency satisfied for phase-06: freqmine,radix
2026-05-10T01:30:00.481229+00:00 Launching phase phase-06: vips
2026-05-10T01:30:10.391149+00:00 Scheduler heartbeat: launched_phases=['phase-01', 'phase-02', 'phase-03', 'phase-04', 'phase-05', 'phase-06'] pending_phases=[] completed_jobs=['barnes', 'blackscholes', 'canneal', 'freqmine', 'radix', 'streamcluster'] running_jobs=['parsec-vips-2026-05-10-03h25m02s']
2026-05-10T01:30:26.112596+00:00 Scheduler heartbeat: launched_phases=['phase-01', 'phase-02', 'phase-03', 'phase-04', 'phase-05', 'phase-06'] pending_phases=[] completed_jobs=['barnes', 'blackscholes', 'canneal', 'freqmine', 'radix', 'streamcluster'] running_jobs=['parsec-vips-2026-05-10-03h25m02s']
2026-05-10T01:30:36.641181+00:00 Job completed: parsec-vips-2026-05-10-03h25m02s
2026-05-10T01:30:36.641583+00:00 All batch jobs completed; capturing results.json and stopping mcperf
2026-05-10T01:30:36.641696+00:00 Waiting briefly for final pod termination metadata
2026-05-10T01:30:37.344022+00:00 Stopping mcperf measurement wrapper on client-measure-2qdl with SIGINT
2026-05-10T01:30:51.929567+00:00 mcperf is still running on client-measure-2qdl after SIGINT; escalating to SIGTERM
2026-05-10T01:30:54.531018+00:00 Summarizing run from captured pod snapshot and mcperf output
2026-05-10T01:30:54.532230+00:00 Run completed with status pass makespan=215.0 max_p95_us=373.0
2026-05-10T01:30:54.712649+00:00 Runtime stats refreshed: /home/carti/ETH/Msc/CCA/risultatiPart3/Matte/automation/runs/runtime_stats.json samples=742 eligible_runs=106
