2026-05-05T16:53:40.704741+00:00 Run directory prepared: /home/carti/ETH/Msc/CCA/risultatiPart3/Matte/part3_openEvolve/runs/part3-OPENEVOLVE/2026-05-05-18h53m40s
2026-05-05T16:53:40.704776+00:00 Rendered 8 manifests into /home/carti/ETH/Msc/CCA/risultatiPart3/Matte/part3_openEvolve/runs/part3-OPENEVOLVE/2026-05-05-18h53m40s/rendered_manifests
2026-05-05T16:53:40.704789+00:00 Cleaning previous managed workloads
2026-05-05T16:54:13.484851+00:00 Ensuring canonical node labels and checking client provisioning
2026-05-05T16:54:21.634577+00:00 Applying memcached manifest
2026-05-05T16:54:24.373396+00:00 Capturing benchmark node CPU platforms
2026-05-05T16:54:30.168448+00:00 Benchmark node CPU platform capture complete: node-a-8core=e2-standard-8/AMD Rome, node-b-4core=n2d-highcpu-4/AMD Milan
2026-05-05T16:54:30.169114+00:00 Restarting mcperf-agent.service on client-agent-a (client-agent-a-7cmp)
2026-05-05T16:54:34.353731+00:00 mcperf-agent.service active on client-agent-a (client-agent-a-7cmp)
2026-05-05T16:54:34.353846+00:00 Restarting mcperf-agent.service on client-agent-b (client-agent-b-67sh)
2026-05-05T16:54:38.407144+00:00 mcperf-agent.service active on client-agent-b (client-agent-b-67sh)
2026-05-05T16:54:38.407264+00:00 Starting measurement against memcached IP 100.96.6.77
2026-05-05T16:54:38.662040+00:00 Waiting for first mcperf measurement sample
2026-05-05T16:54:43.270971+00:00 mcperf measurement header observed
2026-05-05T16:54:53.764717+00:00 mcperf measurement is live
2026-05-05T16:54:53.764574+00:00 mcperf measurement sample observed
2026-05-05T16:54:53.765157+00:00 Starting phase scheduler
2026-05-05T16:54:53.963567+00:00 Phase dependency satisfied for phase-01: start
2026-05-05T16:54:53.963757+00:00 Phase dependency satisfied for phase-03: start
2026-05-05T16:54:53.963786+00:00 Launching phase phase-01: canneal
2026-05-05T16:54:54.235552+00:00 Launching phase phase-03: barnes, streamcluster
2026-05-05T16:54:54.890790+00:00 Scheduler heartbeat: launched_phases=['phase-01', 'phase-03'] pending_phases=['phase-02', 'phase-04', 'phase-05', 'phase-06'] completed_jobs=[] running_jobs=['parsec-barnes-2026-05-05-18h53m40s', 'parsec-canneal-2026-05-05-18h53m40s', 'parsec-streamcluster-2026-05-05-18h53m40s']
2026-05-05T16:55:14.039310+00:00 Scheduler heartbeat: launched_phases=['phase-01', 'phase-03'] pending_phases=['phase-02', 'phase-04', 'phase-05', 'phase-06'] completed_jobs=[] running_jobs=['parsec-barnes-2026-05-05-18h53m40s', 'parsec-canneal-2026-05-05-18h53m40s', 'parsec-streamcluster-2026-05-05-18h53m40s']
2026-05-05T16:55:29.590891+00:00 Scheduler heartbeat: launched_phases=['phase-01', 'phase-03'] pending_phases=['phase-02', 'phase-04', 'phase-05', 'phase-06'] completed_jobs=[] running_jobs=['parsec-barnes-2026-05-05-18h53m40s', 'parsec-canneal-2026-05-05-18h53m40s', 'parsec-streamcluster-2026-05-05-18h53m40s']
2026-05-05T16:55:48.765905+00:00 Scheduler heartbeat: launched_phases=['phase-01', 'phase-03'] pending_phases=['phase-02', 'phase-04', 'phase-05', 'phase-06'] completed_jobs=[] running_jobs=['parsec-barnes-2026-05-05-18h53m40s', 'parsec-canneal-2026-05-05-18h53m40s', 'parsec-streamcluster-2026-05-05-18h53m40s']
2026-05-05T16:55:57.172439+00:00 Job completed: parsec-barnes-2026-05-05-18h53m40s
2026-05-05T16:55:57.172592+00:00 Phase dependency satisfied for phase-04: barnes
2026-05-05T16:55:57.172614+00:00 Launching phase phase-04: freqmine
2026-05-05T16:56:04.876253+00:00 Scheduler heartbeat: launched_phases=['phase-01', 'phase-03', 'phase-04'] pending_phases=['phase-02', 'phase-05', 'phase-06'] completed_jobs=['barnes'] running_jobs=['parsec-canneal-2026-05-05-18h53m40s', 'parsec-freqmine-2026-05-05-18h53m40s', 'parsec-streamcluster-2026-05-05-18h53m40s']
2026-05-05T16:56:24.033239+00:00 Scheduler heartbeat: launched_phases=['phase-01', 'phase-03', 'phase-04'] pending_phases=['phase-02', 'phase-05', 'phase-06'] completed_jobs=['barnes'] running_jobs=['parsec-canneal-2026-05-05-18h53m40s', 'parsec-freqmine-2026-05-05-18h53m40s', 'parsec-streamcluster-2026-05-05-18h53m40s']
2026-05-05T16:56:39.601181+00:00 Scheduler heartbeat: launched_phases=['phase-01', 'phase-03', 'phase-04'] pending_phases=['phase-02', 'phase-05', 'phase-06'] completed_jobs=['barnes'] running_jobs=['parsec-canneal-2026-05-05-18h53m40s', 'parsec-freqmine-2026-05-05-18h53m40s', 'parsec-streamcluster-2026-05-05-18h53m40s']
2026-05-05T16:56:57.601206+00:00 Job completed: parsec-canneal-2026-05-05-18h53m40s
2026-05-05T16:56:57.601348+00:00 Phase dependency satisfied for phase-02: canneal
2026-05-05T16:56:57.601369+00:00 Launching phase phase-02: blackscholes
2026-05-05T16:56:59.263407+00:00 Scheduler heartbeat: launched_phases=['phase-01', 'phase-02', 'phase-03', 'phase-04'] pending_phases=['phase-05', 'phase-06'] completed_jobs=['barnes', 'canneal'] running_jobs=['parsec-blackscholes-2026-05-05-18h53m40s', 'parsec-freqmine-2026-05-05-18h53m40s', 'parsec-streamcluster-2026-05-05-18h53m40s']
2026-05-05T16:57:14.824307+00:00 Scheduler heartbeat: launched_phases=['phase-01', 'phase-02', 'phase-03', 'phase-04'] pending_phases=['phase-05', 'phase-06'] completed_jobs=['barnes', 'canneal'] running_jobs=['parsec-blackscholes-2026-05-05-18h53m40s', 'parsec-freqmine-2026-05-05-18h53m40s', 'parsec-streamcluster-2026-05-05-18h53m40s']
2026-05-05T16:57:33.997813+00:00 Scheduler heartbeat: launched_phases=['phase-01', 'phase-02', 'phase-03', 'phase-04'] pending_phases=['phase-05', 'phase-06'] completed_jobs=['barnes', 'canneal'] running_jobs=['parsec-blackscholes-2026-05-05-18h53m40s', 'parsec-freqmine-2026-05-05-18h53m40s', 'parsec-streamcluster-2026-05-05-18h53m40s']
2026-05-05T16:57:49.574948+00:00 Scheduler heartbeat: launched_phases=['phase-01', 'phase-02', 'phase-03', 'phase-04'] pending_phases=['phase-05', 'phase-06'] completed_jobs=['barnes', 'canneal'] running_jobs=['parsec-blackscholes-2026-05-05-18h53m40s', 'parsec-freqmine-2026-05-05-18h53m40s', 'parsec-streamcluster-2026-05-05-18h53m40s']
2026-05-05T16:57:50.777448+00:00 Job completed: parsec-blackscholes-2026-05-05-18h53m40s
2026-05-05T16:58:05.191510+00:00 Job completed: parsec-streamcluster-2026-05-05-18h53m40s
2026-05-05T16:58:05.191660+00:00 Job completed: parsec-freqmine-2026-05-05-18h53m40s
2026-05-05T16:58:05.191687+00:00 Phase dependency satisfied for phase-05: streamcluster
2026-05-05T16:58:05.191699+00:00 Launching phase phase-05: radix
2026-05-05T16:58:09.206279+00:00 Scheduler heartbeat: launched_phases=['phase-01', 'phase-02', 'phase-03', 'phase-04', 'phase-05'] pending_phases=['phase-06'] completed_jobs=['barnes', 'blackscholes', 'canneal', 'freqmine', 'streamcluster'] running_jobs=['parsec-radix-2026-05-05-18h53m40s']
2026-05-05T16:58:18.972869+00:00 Job completed: parsec-radix-2026-05-05-18h53m40s
2026-05-05T16:58:18.973016+00:00 Phase dependency satisfied for phase-06: freqmine,radix
2026-05-05T16:58:18.973035+00:00 Launching phase phase-06: vips
2026-05-05T16:58:24.402372+00:00 Scheduler heartbeat: launched_phases=['phase-01', 'phase-02', 'phase-03', 'phase-04', 'phase-05', 'phase-06'] pending_phases=[] completed_jobs=['barnes', 'blackscholes', 'canneal', 'freqmine', 'radix', 'streamcluster'] running_jobs=['parsec-vips-2026-05-05-18h53m40s']
2026-05-05T16:58:43.953479+00:00 Scheduler heartbeat: launched_phases=['phase-01', 'phase-02', 'phase-03', 'phase-04', 'phase-05', 'phase-06'] pending_phases=[] completed_jobs=['barnes', 'blackscholes', 'canneal', 'freqmine', 'radix', 'streamcluster'] running_jobs=['parsec-vips-2026-05-05-18h53m40s']
2026-05-05T16:58:54.989626+00:00 Job completed: parsec-vips-2026-05-05-18h53m40s
2026-05-05T16:58:54.989767+00:00 All batch jobs completed; capturing results.json and stopping mcperf
2026-05-05T16:58:54.989786+00:00 Waiting briefly for final pod termination metadata
2026-05-05T16:58:55.472307+00:00 Stopping mcperf measurement wrapper on client-measure-1lr0 with SIGINT
2026-05-05T16:59:07.765219+00:00 mcperf is still running on client-measure-1lr0 after SIGINT; escalating to SIGTERM
2026-05-05T16:59:09.655827+00:00 Summarizing run from captured pod snapshot and mcperf output
2026-05-05T16:59:09.657850+00:00 Run completed with status pass makespan=220.0 max_p95_us=402.5
2026-05-05T16:59:09.698172+00:00 Runtime stats refreshed: /home/carti/ETH/Msc/CCA/risultatiPart3/Matte/part3_openEvolve/runs/runtime_stats.json samples=161 eligible_runs=23
