2026-05-10T00:50:53.753595+00:00 Run directory prepared: /home/carti/ETH/Msc/CCA/risultatiPart3/Matte/automation/runs/part3-PartB/2026-05-10-02h50m53s
2026-05-10T00:50:53.753728+00:00 Rendered 8 manifests into /home/carti/ETH/Msc/CCA/risultatiPart3/Matte/automation/runs/part3-PartB/2026-05-10-02h50m53s/rendered_manifests
2026-05-10T00:50:53.753774+00:00 Cleaning previous managed workloads
2026-05-10T00:51:28.943616+00:00 Ensuring canonical node labels and checking client provisioning
2026-05-10T00:51:46.292302+00:00 Pre-caching 8 images on benchmark nodes via 2 transient pod(s)
2026-05-10T00:51:51.259940+00:00 Pre-cache pods completed successfully
2026-05-10T00:51:53.036789+00:00 Pre-cache pods deleted
2026-05-10T00:51:53.037547+00:00 Applying memcached manifest
2026-05-10T00:51:56.715637+00:00 Capturing benchmark node CPU platforms
2026-05-10T00:52:02.686557+00:00 Benchmark node CPU platform capture complete: node-a-8core=e2-standard-8/AMD Rome, node-b-4core=n2d-highcpu-4/AMD Milan
2026-05-10T00:52:02.687508+00:00 Restarting mcperf-agent.service on client-agent-a (client-agent-a-tp31)
2026-05-10T00:52:13.270602+00:00 mcperf-agent.service active on client-agent-a (client-agent-a-tp31)
2026-05-10T00:52:13.270948+00:00 Restarting mcperf-agent.service on client-agent-b (client-agent-b-ggp4)
2026-05-10T00:52:21.703742+00:00 mcperf-agent.service active on client-agent-b (client-agent-b-ggp4)
2026-05-10T00:52:21.704082+00:00 Starting measurement against memcached IP 100.96.4.57
2026-05-10T00:52:22.530292+00:00 Waiting for first mcperf measurement sample
2026-05-10T00:52:29.070685+00:00 mcperf measurement header observed
2026-05-10T00:52:42.279435+00:00 mcperf measurement sample observed
2026-05-10T00:52:42.279620+00:00 mcperf measurement is live
2026-05-10T00:52:42.280214+00:00 Starting phase scheduler
2026-05-10T00:52:42.876769+00:00 Phase dependency satisfied for phase-01: start
2026-05-10T00:52:42.877103+00:00 Phase dependency satisfied for phase-03: start
2026-05-10T00:52:42.877185+00:00 Launching phase phase-01: canneal
2026-05-10T00:52:43.455516+00:00 Launching phase phase-03: barnes, streamcluster
2026-05-10T00:52:45.644066+00:00 Scheduler heartbeat: launched_phases=['phase-01', 'phase-03'] pending_phases=['phase-02', 'phase-04', 'phase-05', 'phase-06'] completed_jobs=[] running_jobs=['parsec-barnes-2026-05-10-02h50m53s', 'parsec-canneal-2026-05-10-02h50m53s', 'parsec-streamcluster-2026-05-10-02h50m53s']
2026-05-10T00:53:01.961048+00:00 Scheduler heartbeat: launched_phases=['phase-01', 'phase-03'] pending_phases=['phase-02', 'phase-04', 'phase-05', 'phase-06'] completed_jobs=[] running_jobs=['parsec-barnes-2026-05-10-02h50m53s', 'parsec-canneal-2026-05-10-02h50m53s', 'parsec-streamcluster-2026-05-10-02h50m53s']
2026-05-10T00:53:20.308579+00:00 Scheduler heartbeat: launched_phases=['phase-01', 'phase-03'] pending_phases=['phase-02', 'phase-04', 'phase-05', 'phase-06'] completed_jobs=[] running_jobs=['parsec-barnes-2026-05-10-02h50m53s', 'parsec-canneal-2026-05-10-02h50m53s', 'parsec-streamcluster-2026-05-10-02h50m53s']
2026-05-10T00:53:35.497509+00:00 Scheduler heartbeat: launched_phases=['phase-01', 'phase-03'] pending_phases=['phase-02', 'phase-04', 'phase-05', 'phase-06'] completed_jobs=[] running_jobs=['parsec-barnes-2026-05-10-02h50m53s', 'parsec-canneal-2026-05-10-02h50m53s', 'parsec-streamcluster-2026-05-10-02h50m53s']
2026-05-10T00:53:41.845531+00:00 Job completed: parsec-barnes-2026-05-10-02h50m53s
2026-05-10T00:53:41.845843+00:00 Phase dependency satisfied for phase-04: barnes
2026-05-10T00:53:41.845914+00:00 Launching phase phase-04: freqmine
2026-05-10T00:53:53.289155+00:00 Scheduler heartbeat: launched_phases=['phase-01', 'phase-03', 'phase-04'] pending_phases=['phase-02', 'phase-05', 'phase-06'] completed_jobs=['barnes'] running_jobs=['parsec-canneal-2026-05-10-02h50m53s', 'parsec-freqmine-2026-05-10-02h50m53s', 'parsec-streamcluster-2026-05-10-02h50m53s']
2026-05-10T00:54:09.657208+00:00 Scheduler heartbeat: launched_phases=['phase-01', 'phase-03', 'phase-04'] pending_phases=['phase-02', 'phase-05', 'phase-06'] completed_jobs=['barnes'] running_jobs=['parsec-canneal-2026-05-10-02h50m53s', 'parsec-freqmine-2026-05-10-02h50m53s', 'parsec-streamcluster-2026-05-10-02h50m53s']
2026-05-10T00:54:27.823174+00:00 Scheduler heartbeat: launched_phases=['phase-01', 'phase-03', 'phase-04'] pending_phases=['phase-02', 'phase-05', 'phase-06'] completed_jobs=['barnes'] running_jobs=['parsec-canneal-2026-05-10-02h50m53s', 'parsec-freqmine-2026-05-10-02h50m53s', 'parsec-streamcluster-2026-05-10-02h50m53s']
2026-05-10T00:54:37.942690+00:00 Job completed: parsec-canneal-2026-05-10-02h50m53s
2026-05-10T00:54:37.943056+00:00 Phase dependency satisfied for phase-02: canneal
2026-05-10T00:54:37.943137+00:00 Launching phase phase-02: blackscholes
2026-05-10T00:54:43.554874+00:00 Scheduler heartbeat: launched_phases=['phase-01', 'phase-02', 'phase-03', 'phase-04'] pending_phases=['phase-05', 'phase-06'] completed_jobs=['barnes', 'canneal'] running_jobs=['parsec-blackscholes-2026-05-10-02h50m53s', 'parsec-freqmine-2026-05-10-02h50m53s', 'parsec-streamcluster-2026-05-10-02h50m53s']
2026-05-10T00:55:01.600837+00:00 Scheduler heartbeat: launched_phases=['phase-01', 'phase-02', 'phase-03', 'phase-04'] pending_phases=['phase-05', 'phase-06'] completed_jobs=['barnes', 'canneal'] running_jobs=['parsec-blackscholes-2026-05-10-02h50m53s', 'parsec-freqmine-2026-05-10-02h50m53s', 'parsec-streamcluster-2026-05-10-02h50m53s']
2026-05-10T00:55:17.094802+00:00 Scheduler heartbeat: launched_phases=['phase-01', 'phase-02', 'phase-03', 'phase-04'] pending_phases=['phase-05', 'phase-06'] completed_jobs=['barnes', 'canneal'] running_jobs=['parsec-blackscholes-2026-05-10-02h50m53s', 'parsec-freqmine-2026-05-10-02h50m53s', 'parsec-streamcluster-2026-05-10-02h50m53s']
2026-05-10T00:55:28.561915+00:00 Job completed: parsec-streamcluster-2026-05-10-02h50m53s
2026-05-10T00:55:28.562476+00:00 Phase dependency satisfied for phase-05: streamcluster
2026-05-10T00:55:28.562680+00:00 Launching phase phase-05: radix
2026-05-10T00:55:29.782082+00:00 Job completed: parsec-blackscholes-2026-05-10-02h50m53s
2026-05-10T00:55:34.997194+00:00 Scheduler heartbeat: launched_phases=['phase-01', 'phase-02', 'phase-03', 'phase-04', 'phase-05'] pending_phases=['phase-06'] completed_jobs=['barnes', 'blackscholes', 'canneal', 'streamcluster'] running_jobs=['parsec-freqmine-2026-05-10-02h50m53s', 'parsec-radix-2026-05-10-02h50m53s']
2026-05-10T00:55:44.407720+00:00 Job completed: parsec-freqmine-2026-05-10-02h50m53s
2026-05-10T00:55:46.053343+00:00 Job completed: parsec-radix-2026-05-10-02h50m53s
2026-05-10T00:55:46.053736+00:00 Phase dependency satisfied for phase-06: freqmine,radix
2026-05-10T00:55:46.053835+00:00 Launching phase phase-06: vips
2026-05-10T00:55:50.508540+00:00 Scheduler heartbeat: launched_phases=['phase-01', 'phase-02', 'phase-03', 'phase-04', 'phase-05', 'phase-06'] pending_phases=[] completed_jobs=['barnes', 'blackscholes', 'canneal', 'freqmine', 'radix', 'streamcluster'] running_jobs=['parsec-vips-2026-05-10-02h50m53s']
2026-05-10T00:56:08.605844+00:00 Scheduler heartbeat: launched_phases=['phase-01', 'phase-02', 'phase-03', 'phase-04', 'phase-05', 'phase-06'] pending_phases=[] completed_jobs=['barnes', 'blackscholes', 'canneal', 'freqmine', 'radix', 'streamcluster'] running_jobs=['parsec-vips-2026-05-10-02h50m53s']
2026-05-10T00:56:22.299840+00:00 Job completed: parsec-vips-2026-05-10-02h50m53s
2026-05-10T00:56:22.300157+00:00 All batch jobs completed; capturing results.json and stopping mcperf
2026-05-10T00:56:22.300240+00:00 Waiting briefly for final pod termination metadata
2026-05-10T00:56:23.440671+00:00 Stopping mcperf measurement wrapper on client-measure-2qdl with SIGINT
2026-05-10T00:56:37.661714+00:00 mcperf is still running on client-measure-2qdl after SIGINT; escalating to SIGTERM
2026-05-10T00:56:44.217545+00:00 Summarizing run from captured pod snapshot and mcperf output
2026-05-10T00:56:44.222542+00:00 Run completed with status pass makespan=200.0 max_p95_us=375.5
2026-05-10T00:56:44.761509+00:00 Runtime stats refreshed: /home/carti/ETH/Msc/CCA/risultatiPart3/Matte/automation/runs/runtime_stats.json samples=714 eligible_runs=102
