2026-05-05T14:47:06.603702+00:00 Run directory prepared: /home/carti/ETH/Msc/CCA/risultatiPart3/Matte/automation/runs/part3-handcrafted/2026-05-05-16h47m06s
2026-05-05T14:47:06.603822+00:00 Rendered 8 manifests into /home/carti/ETH/Msc/CCA/risultatiPart3/Matte/automation/runs/part3-handcrafted/2026-05-05-16h47m06s/rendered_manifests
2026-05-05T14:47:06.603854+00:00 Cleaning previous managed workloads
2026-05-05T14:47:39.352014+00:00 Ensuring canonical node labels and checking client provisioning
2026-05-05T14:47:50.248354+00:00 Applying memcached manifest
2026-05-05T14:47:53.705664+00:00 Capturing benchmark node CPU platforms
2026-05-05T14:47:57.013789+00:00 Benchmark node CPU platform capture complete: node-a-8core=e2-standard-8/AMD Rome, node-b-4core=n2d-highcpu-4/AMD Milan
2026-05-05T14:47:57.014232+00:00 Restarting mcperf-agent.service on client-agent-a (client-agent-a-7cmp)
2026-05-05T14:48:02.728481+00:00 mcperf-agent.service active on client-agent-a (client-agent-a-7cmp)
2026-05-05T14:48:02.728695+00:00 Restarting mcperf-agent.service on client-agent-b (client-agent-b-67sh)
2026-05-05T14:48:12.607262+00:00 mcperf-agent.service active on client-agent-b (client-agent-b-67sh)
2026-05-05T14:48:12.607427+00:00 Starting measurement against memcached IP 100.96.6.44
2026-05-05T14:48:13.036547+00:00 Waiting for first mcperf measurement sample
2026-05-05T14:48:18.234856+00:00 mcperf measurement header observed
2026-05-05T14:48:28.717813+00:00 mcperf measurement sample observed
2026-05-05T14:48:28.718025+00:00 mcperf measurement is live
2026-05-05T14:48:28.718169+00:00 Starting phase scheduler
2026-05-05T14:48:28.985520+00:00 Phase dependency satisfied for phase-01: start
2026-05-05T14:48:28.985793+00:00 Phase dependency satisfied for phase-03: start
2026-05-05T14:48:28.985898+00:00 Launching phase phase-01: canneal
2026-05-05T14:48:29.358630+00:00 Launching phase phase-03: barnes, streamcluster
2026-05-05T14:48:30.454614+00:00 Scheduler heartbeat: launched_phases=['phase-01', 'phase-03'] pending_phases=['phase-02', 'phase-04', 'phase-05', 'phase-06'] completed_jobs=[] running_jobs=['parsec-barnes-2026-05-05-16h47m06s', 'parsec-canneal-2026-05-05-16h47m06s', 'parsec-streamcluster-2026-05-05-16h47m06s']
2026-05-05T14:48:49.431115+00:00 Scheduler heartbeat: launched_phases=['phase-01', 'phase-03'] pending_phases=['phase-02', 'phase-04', 'phase-05', 'phase-06'] completed_jobs=[] running_jobs=['parsec-barnes-2026-05-05-16h47m06s', 'parsec-canneal-2026-05-05-16h47m06s', 'parsec-streamcluster-2026-05-05-16h47m06s']
2026-05-05T14:49:04.646851+00:00 Scheduler heartbeat: launched_phases=['phase-01', 'phase-03'] pending_phases=['phase-02', 'phase-04', 'phase-05', 'phase-06'] completed_jobs=[] running_jobs=['parsec-barnes-2026-05-05-16h47m06s', 'parsec-canneal-2026-05-05-16h47m06s', 'parsec-streamcluster-2026-05-05-16h47m06s']
2026-05-05T14:49:23.263261+00:00 Scheduler heartbeat: launched_phases=['phase-01', 'phase-03'] pending_phases=['phase-02', 'phase-04', 'phase-05', 'phase-06'] completed_jobs=[] running_jobs=['parsec-barnes-2026-05-05-16h47m06s', 'parsec-canneal-2026-05-05-16h47m06s', 'parsec-streamcluster-2026-05-05-16h47m06s']
2026-05-05T14:49:30.775569+00:00 Job completed: parsec-barnes-2026-05-05-16h47m06s
2026-05-05T14:49:30.775842+00:00 Phase dependency satisfied for phase-04: barnes
2026-05-05T14:49:30.775874+00:00 Launching phase phase-04: freqmine
2026-05-05T14:49:38.984098+00:00 Scheduler heartbeat: launched_phases=['phase-01', 'phase-03', 'phase-04'] pending_phases=['phase-02', 'phase-05', 'phase-06'] completed_jobs=['barnes'] running_jobs=['parsec-canneal-2026-05-05-16h47m06s', 'parsec-freqmine-2026-05-05-16h47m06s', 'parsec-streamcluster-2026-05-05-16h47m06s']
2026-05-05T14:49:57.578108+00:00 Scheduler heartbeat: launched_phases=['phase-01', 'phase-03', 'phase-04'] pending_phases=['phase-02', 'phase-05', 'phase-06'] completed_jobs=['barnes'] running_jobs=['parsec-canneal-2026-05-05-16h47m06s', 'parsec-freqmine-2026-05-05-16h47m06s', 'parsec-streamcluster-2026-05-05-16h47m06s']
2026-05-05T14:50:12.599611+00:00 Scheduler heartbeat: launched_phases=['phase-01', 'phase-03', 'phase-04'] pending_phases=['phase-02', 'phase-05', 'phase-06'] completed_jobs=['barnes'] running_jobs=['parsec-canneal-2026-05-05-16h47m06s', 'parsec-freqmine-2026-05-05-16h47m06s', 'parsec-streamcluster-2026-05-05-16h47m06s']
2026-05-05T14:50:28.806450+00:00 Scheduler heartbeat: launched_phases=['phase-01', 'phase-03', 'phase-04'] pending_phases=['phase-02', 'phase-05', 'phase-06'] completed_jobs=['barnes'] running_jobs=['parsec-canneal-2026-05-05-16h47m06s', 'parsec-freqmine-2026-05-05-16h47m06s', 'parsec-streamcluster-2026-05-05-16h47m06s']
2026-05-05T14:50:33.661498+00:00 Job completed: parsec-canneal-2026-05-05-16h47m06s
2026-05-05T14:50:33.661645+00:00 Phase dependency satisfied for phase-02: canneal
2026-05-05T14:50:33.661731+00:00 Launching phase phase-02: blackscholes
2026-05-05T14:50:47.844684+00:00 Scheduler heartbeat: launched_phases=['phase-01', 'phase-02', 'phase-03', 'phase-04'] pending_phases=['phase-05', 'phase-06'] completed_jobs=['barnes', 'canneal'] running_jobs=['parsec-blackscholes-2026-05-05-16h47m06s', 'parsec-freqmine-2026-05-05-16h47m06s', 'parsec-streamcluster-2026-05-05-16h47m06s']
2026-05-05T14:51:03.989308+00:00 Scheduler heartbeat: launched_phases=['phase-01', 'phase-02', 'phase-03', 'phase-04'] pending_phases=['phase-05', 'phase-06'] completed_jobs=['barnes', 'canneal'] running_jobs=['parsec-blackscholes-2026-05-05-16h47m06s', 'parsec-freqmine-2026-05-05-16h47m06s', 'parsec-streamcluster-2026-05-05-16h47m06s']
2026-05-05T14:51:13.770435+00:00 Job completed: parsec-streamcluster-2026-05-05-16h47m06s
2026-05-05T14:51:13.770575+00:00 Phase dependency satisfied for phase-05: streamcluster
2026-05-05T14:51:13.770598+00:00 Launching phase phase-05: vips
2026-05-05T14:51:22.991826+00:00 Scheduler heartbeat: launched_phases=['phase-01', 'phase-02', 'phase-03', 'phase-04', 'phase-05'] pending_phases=['phase-06'] completed_jobs=['barnes', 'canneal', 'streamcluster'] running_jobs=['parsec-blackscholes-2026-05-05-16h47m06s', 'parsec-freqmine-2026-05-05-16h47m06s', 'parsec-vips-2026-05-05-16h47m06s']
2026-05-05T14:51:26.714565+00:00 Job completed: parsec-blackscholes-2026-05-05-16h47m06s
2026-05-05T14:51:38.016232+00:00 Scheduler heartbeat: launched_phases=['phase-01', 'phase-02', 'phase-03', 'phase-04', 'phase-05'] pending_phases=['phase-06'] completed_jobs=['barnes', 'blackscholes', 'canneal', 'streamcluster'] running_jobs=['parsec-freqmine-2026-05-05-16h47m06s', 'parsec-vips-2026-05-05-16h47m06s']
2026-05-05T14:51:49.051557+00:00 Job completed: parsec-freqmine-2026-05-05-16h47m06s
2026-05-05T14:51:49.051680+00:00 Job completed: parsec-vips-2026-05-05-16h47m06s
2026-05-05T14:51:49.051712+00:00 Phase dependency satisfied for phase-06: freqmine
2026-05-05T14:51:49.051725+00:00 Launching phase phase-06: radix
2026-05-05T14:51:57.156137+00:00 Scheduler heartbeat: launched_phases=['phase-01', 'phase-02', 'phase-03', 'phase-04', 'phase-05', 'phase-06'] pending_phases=[] completed_jobs=['barnes', 'blackscholes', 'canneal', 'freqmine', 'streamcluster', 'vips'] running_jobs=['parsec-radix-2026-05-05-16h47m06s']
2026-05-05T14:52:03.469667+00:00 Job completed: parsec-radix-2026-05-05-16h47m06s
2026-05-05T14:52:03.469861+00:00 All batch jobs completed; capturing results.json and stopping mcperf
2026-05-05T14:52:03.470013+00:00 Waiting briefly for final pod termination metadata
2026-05-05T14:52:04.013174+00:00 Stopping mcperf measurement wrapper on client-measure-1lr0 with SIGINT
2026-05-05T14:52:20.232155+00:00 mcperf is still running on client-measure-1lr0 after SIGINT; escalating to SIGTERM
2026-05-05T14:52:22.687551+00:00 Summarizing run from captured pod snapshot and mcperf output
2026-05-05T14:52:22.689922+00:00 Run completed with status pass makespan=209.0 max_p95_us=417.0
2026-05-05T14:52:22.815350+00:00 Runtime stats refreshed: /home/carti/ETH/Msc/CCA/risultatiPart3/Matte/automation/runs/runtime_stats.json samples=343 eligible_runs=49
