2026-05-09T13:49:28.393439+00:00 Run directory prepared: /home/carti/ETH/Msc/CCA/risultatiPart3/Matte/automation/runs/part3-PartB/2026-05-09-15h49m28s
2026-05-09T13:49:28.393641+00:00 Rendered 8 manifests into /home/carti/ETH/Msc/CCA/risultatiPart3/Matte/automation/runs/part3-PartB/2026-05-09-15h49m28s/rendered_manifests
2026-05-09T13:49:28.393680+00:00 Cleaning previous managed workloads
2026-05-09T13:50:00.675200+00:00 Ensuring canonical node labels and checking client provisioning
2026-05-09T13:50:11.459281+00:00 Pre-caching 8 images on benchmark nodes via 2 transient pod(s)
2026-05-09T13:50:17.436465+00:00 Pre-cache pods completed successfully
2026-05-09T13:50:18.600919+00:00 Pre-cache pods deleted
2026-05-09T13:50:18.601357+00:00 Applying memcached manifest
2026-05-09T13:50:21.763409+00:00 Capturing benchmark node CPU platforms
2026-05-09T13:50:24.849626+00:00 Benchmark node CPU platform capture complete: node-a-8core=e2-standard-8/AMD Rome, node-b-4core=n2d-highcpu-4/AMD Milan
2026-05-09T13:50:24.850054+00:00 Restarting mcperf-agent.service on client-agent-a (client-agent-a-1p0l)
2026-05-09T13:50:30.700207+00:00 mcperf-agent.service active on client-agent-a (client-agent-a-1p0l)
2026-05-09T13:50:30.700470+00:00 Restarting mcperf-agent.service on client-agent-b (client-agent-b-j3kd)
2026-05-09T13:50:36.423475+00:00 mcperf-agent.service active on client-agent-b (client-agent-b-j3kd)
2026-05-09T13:50:36.423707+00:00 Starting measurement against memcached IP 100.96.4.47
2026-05-09T13:50:36.895615+00:00 Waiting for first mcperf measurement sample
2026-05-09T13:50:42.406481+00:00 mcperf measurement header observed
2026-05-09T13:50:54.118738+00:00 mcperf measurement sample observed
2026-05-09T13:50:54.118977+00:00 mcperf measurement is live
2026-05-09T13:50:54.119337+00:00 Starting phase scheduler
2026-05-09T13:50:54.415134+00:00 Phase dependency satisfied for phase-01: start
2026-05-09T13:50:54.415468+00:00 Phase dependency satisfied for phase-04: start
2026-05-09T13:50:54.415562+00:00 Phase dependency satisfied for phase-06: start
2026-05-09T13:50:54.415624+00:00 Launching phase phase-01: canneal
2026-05-09T13:50:54.860460+00:00 Launching phase phase-04: streamcluster
2026-05-09T13:50:55.310219+00:00 Launching phase phase-06: freqmine
2026-05-09T13:50:56.032682+00:00 Scheduler heartbeat: launched_phases=['phase-01', 'phase-04', 'phase-06'] pending_phases=['phase-02', 'phase-03', 'phase-05', 'phase-07'] completed_jobs=[] running_jobs=['parsec-canneal-2026-05-09-15h49m28s', 'parsec-freqmine-2026-05-09-15h49m28s', 'parsec-streamcluster-2026-05-09-15h49m28s']
2026-05-09T13:51:11.735813+00:00 Scheduler heartbeat: launched_phases=['phase-01', 'phase-04', 'phase-06'] pending_phases=['phase-02', 'phase-03', 'phase-05', 'phase-07'] completed_jobs=[] running_jobs=['parsec-canneal-2026-05-09-15h49m28s', 'parsec-freqmine-2026-05-09-15h49m28s', 'parsec-streamcluster-2026-05-09-15h49m28s']
2026-05-09T13:51:27.822343+00:00 Scheduler heartbeat: launched_phases=['phase-01', 'phase-04', 'phase-06'] pending_phases=['phase-02', 'phase-03', 'phase-05', 'phase-07'] completed_jobs=[] running_jobs=['parsec-canneal-2026-05-09-15h49m28s', 'parsec-freqmine-2026-05-09-15h49m28s', 'parsec-streamcluster-2026-05-09-15h49m28s']
2026-05-09T13:51:43.638999+00:00 Scheduler heartbeat: launched_phases=['phase-01', 'phase-04', 'phase-06'] pending_phases=['phase-02', 'phase-03', 'phase-05', 'phase-07'] completed_jobs=[] running_jobs=['parsec-canneal-2026-05-09-15h49m28s', 'parsec-freqmine-2026-05-09-15h49m28s', 'parsec-streamcluster-2026-05-09-15h49m28s']
2026-05-09T13:51:59.791111+00:00 Scheduler heartbeat: launched_phases=['phase-01', 'phase-04', 'phase-06'] pending_phases=['phase-02', 'phase-03', 'phase-05', 'phase-07'] completed_jobs=[] running_jobs=['parsec-canneal-2026-05-09-15h49m28s', 'parsec-freqmine-2026-05-09-15h49m28s', 'parsec-streamcluster-2026-05-09-15h49m28s']
2026-05-09T13:52:15.795770+00:00 Scheduler heartbeat: launched_phases=['phase-01', 'phase-04', 'phase-06'] pending_phases=['phase-02', 'phase-03', 'phase-05', 'phase-07'] completed_jobs=[] running_jobs=['parsec-canneal-2026-05-09-15h49m28s', 'parsec-freqmine-2026-05-09-15h49m28s', 'parsec-streamcluster-2026-05-09-15h49m28s']
2026-05-09T13:52:31.984913+00:00 Scheduler heartbeat: launched_phases=['phase-01', 'phase-04', 'phase-06'] pending_phases=['phase-02', 'phase-03', 'phase-05', 'phase-07'] completed_jobs=[] running_jobs=['parsec-canneal-2026-05-09-15h49m28s', 'parsec-freqmine-2026-05-09-15h49m28s', 'parsec-streamcluster-2026-05-09-15h49m28s']
2026-05-09T13:52:47.740347+00:00 Scheduler heartbeat: launched_phases=['phase-01', 'phase-04', 'phase-06'] pending_phases=['phase-02', 'phase-03', 'phase-05', 'phase-07'] completed_jobs=[] running_jobs=['parsec-canneal-2026-05-09-15h49m28s', 'parsec-freqmine-2026-05-09-15h49m28s', 'parsec-streamcluster-2026-05-09-15h49m28s']
2026-05-09T13:52:53.338211+00:00 Job completed: parsec-canneal-2026-05-09-15h49m28s
2026-05-09T13:52:53.338664+00:00 Phase dependency satisfied for phase-02: canneal
2026-05-09T13:52:53.338761+00:00 Launching phase phase-02: blackscholes
2026-05-09T13:52:55.465949+00:00 Job completed: parsec-freqmine-2026-05-09-15h49m28s
2026-05-09T13:52:55.466474+00:00 Phase dependency satisfied for phase-07: freqmine
2026-05-09T13:52:55.466698+00:00 Launching phase phase-07: barnes
2026-05-09T13:53:03.115249+00:00 Scheduler heartbeat: launched_phases=['phase-01', 'phase-02', 'phase-04', 'phase-06', 'phase-07'] pending_phases=['phase-03', 'phase-05'] completed_jobs=['canneal', 'freqmine'] running_jobs=['parsec-barnes-2026-05-09-15h49m28s', 'parsec-blackscholes-2026-05-09-15h49m28s', 'parsec-streamcluster-2026-05-09-15h49m28s']
2026-05-09T13:53:19.385009+00:00 Scheduler heartbeat: launched_phases=['phase-01', 'phase-02', 'phase-04', 'phase-06', 'phase-07'] pending_phases=['phase-03', 'phase-05'] completed_jobs=['canneal', 'freqmine'] running_jobs=['parsec-barnes-2026-05-09-15h49m28s', 'parsec-blackscholes-2026-05-09-15h49m28s', 'parsec-streamcluster-2026-05-09-15h49m28s']
2026-05-09T13:53:35.849738+00:00 Scheduler heartbeat: launched_phases=['phase-01', 'phase-02', 'phase-04', 'phase-06', 'phase-07'] pending_phases=['phase-03', 'phase-05'] completed_jobs=['canneal', 'freqmine'] running_jobs=['parsec-barnes-2026-05-09-15h49m28s', 'parsec-blackscholes-2026-05-09-15h49m28s', 'parsec-streamcluster-2026-05-09-15h49m28s']
2026-05-09T13:53:45.264214+00:00 Job completed: parsec-blackscholes-2026-05-09-15h49m28s
2026-05-09T13:53:45.264540+00:00 Phase dependency satisfied for phase-03: blackscholes
2026-05-09T13:53:45.264657+00:00 Launching phase phase-03: vips
2026-05-09T13:53:51.247689+00:00 Scheduler heartbeat: launched_phases=['phase-01', 'phase-02', 'phase-03', 'phase-04', 'phase-06', 'phase-07'] pending_phases=['phase-05'] completed_jobs=['blackscholes', 'canneal', 'freqmine'] running_jobs=['parsec-barnes-2026-05-09-15h49m28s', 'parsec-streamcluster-2026-05-09-15h49m28s', 'parsec-vips-2026-05-09-15h49m28s']
2026-05-09T13:53:55.876147+00:00 Job completed: parsec-barnes-2026-05-09-15h49m28s
2026-05-09T13:53:55.876477+00:00 Phase dependency satisfied for phase-05: barnes
2026-05-09T13:53:55.876563+00:00 Launching phase phase-05: radix
2026-05-09T13:54:07.462694+00:00 Scheduler heartbeat: launched_phases=['phase-01', 'phase-02', 'phase-03', 'phase-04', 'phase-05', 'phase-06', 'phase-07'] pending_phases=[] completed_jobs=['barnes', 'blackscholes', 'canneal', 'freqmine'] running_jobs=['parsec-radix-2026-05-09-15h49m28s', 'parsec-streamcluster-2026-05-09-15h49m28s', 'parsec-vips-2026-05-09-15h49m28s']
2026-05-09T13:54:12.481561+00:00 Job completed: parsec-radix-2026-05-09-15h49m28s
2026-05-09T13:54:21.123577+00:00 Job completed: parsec-streamcluster-2026-05-09-15h49m28s
2026-05-09T13:54:22.492113+00:00 Scheduler heartbeat: launched_phases=['phase-01', 'phase-02', 'phase-03', 'phase-04', 'phase-05', 'phase-06', 'phase-07'] pending_phases=[] completed_jobs=['barnes', 'blackscholes', 'canneal', 'freqmine', 'radix', 'streamcluster'] running_jobs=['parsec-vips-2026-05-09-15h49m28s']
2026-05-09T13:54:38.720495+00:00 Scheduler heartbeat: launched_phases=['phase-01', 'phase-02', 'phase-03', 'phase-04', 'phase-05', 'phase-06', 'phase-07'] pending_phases=[] completed_jobs=['barnes', 'blackscholes', 'canneal', 'freqmine', 'radix', 'streamcluster'] running_jobs=['parsec-vips-2026-05-09-15h49m28s']
2026-05-09T13:54:54.422532+00:00 Scheduler heartbeat: launched_phases=['phase-01', 'phase-02', 'phase-03', 'phase-04', 'phase-05', 'phase-06', 'phase-07'] pending_phases=[] completed_jobs=['barnes', 'blackscholes', 'canneal', 'freqmine', 'radix', 'streamcluster'] running_jobs=['parsec-vips-2026-05-09-15h49m28s']
2026-05-09T13:54:57.878123+00:00 Job completed: parsec-vips-2026-05-09-15h49m28s
2026-05-09T13:54:57.878383+00:00 All batch jobs completed; capturing results.json and stopping mcperf
2026-05-09T13:54:57.878471+00:00 Waiting briefly for final pod termination metadata
2026-05-09T13:55:01.949725+00:00 Stopping mcperf measurement wrapper on client-measure-qsfk with SIGINT
2026-05-09T13:55:14.795967+00:00 mcperf is still running on client-measure-qsfk after SIGINT; escalating to SIGTERM
2026-05-09T13:55:18.006850+00:00 Summarizing run from captured pod snapshot and mcperf output
2026-05-09T13:55:18.010794+00:00 Run completed with status pass makespan=238.0 max_p95_us=651.2
2026-05-09T13:55:18.173332+00:00 Runtime stats refreshed: /home/carti/ETH/Msc/CCA/risultatiPart3/Matte/automation/runs/runtime_stats.json samples=539 eligible_runs=77
