2026-05-09T12:52:35.539177+00:00 Run directory prepared: /home/carti/ETH/Msc/CCA/risultatiPart3/Matte/automation/runs/part3-PartA/2026-05-09-14h52m35s
2026-05-09T12:52:35.539808+00:00 Rendered 8 manifests into /home/carti/ETH/Msc/CCA/risultatiPart3/Matte/automation/runs/part3-PartA/2026-05-09-14h52m35s/rendered_manifests
2026-05-09T12:52:35.539874+00:00 Cleaning previous managed workloads
2026-05-09T12:53:09.496899+00:00 Ensuring canonical node labels and checking client provisioning
2026-05-09T12:53:23.993295+00:00 Applying memcached manifest
2026-05-09T12:53:28.723155+00:00 Capturing benchmark node CPU platforms
2026-05-09T12:53:34.080007+00:00 Benchmark node CPU platform capture complete: node-a-8core=e2-standard-8/AMD Rome, node-b-4core=n2d-highcpu-4/AMD Milan
2026-05-09T12:53:34.092253+00:00 Restarting mcperf-agent.service on client-agent-a (client-agent-a-1p0l)
2026-05-09T12:53:41.981879+00:00 mcperf-agent.service active on client-agent-a (client-agent-a-1p0l)
2026-05-09T12:53:41.982220+00:00 Restarting mcperf-agent.service on client-agent-b (client-agent-b-j3kd)
2026-05-09T12:53:49.549182+00:00 mcperf-agent.service active on client-agent-b (client-agent-b-j3kd)
2026-05-09T12:53:49.550167+00:00 Starting measurement against memcached IP 100.96.4.23
2026-05-09T12:53:50.330161+00:00 Waiting for first mcperf measurement sample
2026-05-09T12:53:57.556697+00:00 mcperf measurement header observed
2026-05-09T12:54:09.198221+00:00 mcperf measurement sample observed
2026-05-09T12:54:09.199101+00:00 mcperf measurement is live
2026-05-09T12:54:09.199535+00:00 Starting phase scheduler
2026-05-09T12:54:10.236019+00:00 Phase dependency satisfied for phase-01: start
2026-05-09T12:54:10.236434+00:00 Phase dependency satisfied for phase-04: start
2026-05-09T12:54:10.236543+00:00 Phase dependency satisfied for phase-06: start
2026-05-09T12:54:10.236663+00:00 Launching phase phase-01: canneal
2026-05-09T12:54:11.020229+00:00 Launching phase phase-04: streamcluster
2026-05-09T12:54:11.642264+00:00 Launching phase phase-06: freqmine
2026-05-09T12:54:13.203303+00:00 Scheduler heartbeat: launched_phases=['phase-01', 'phase-04', 'phase-06'] pending_phases=['phase-02', 'phase-03', 'phase-05', 'phase-07'] completed_jobs=[] running_jobs=['parsec-canneal-2026-05-09-14h52m35s', 'parsec-freqmine-2026-05-09-14h52m35s', 'parsec-streamcluster-2026-05-09-14h52m35s']
2026-05-09T12:54:29.254507+00:00 Scheduler heartbeat: launched_phases=['phase-01', 'phase-04', 'phase-06'] pending_phases=['phase-02', 'phase-03', 'phase-05', 'phase-07'] completed_jobs=[] running_jobs=['parsec-canneal-2026-05-09-14h52m35s', 'parsec-freqmine-2026-05-09-14h52m35s', 'parsec-streamcluster-2026-05-09-14h52m35s']
2026-05-09T12:54:44.980299+00:00 Scheduler heartbeat: launched_phases=['phase-01', 'phase-04', 'phase-06'] pending_phases=['phase-02', 'phase-03', 'phase-05', 'phase-07'] completed_jobs=[] running_jobs=['parsec-canneal-2026-05-09-14h52m35s', 'parsec-freqmine-2026-05-09-14h52m35s', 'parsec-streamcluster-2026-05-09-14h52m35s']
2026-05-09T12:55:01.332666+00:00 Scheduler heartbeat: launched_phases=['phase-01', 'phase-04', 'phase-06'] pending_phases=['phase-02', 'phase-03', 'phase-05', 'phase-07'] completed_jobs=[] running_jobs=['parsec-canneal-2026-05-09-14h52m35s', 'parsec-freqmine-2026-05-09-14h52m35s', 'parsec-streamcluster-2026-05-09-14h52m35s']
2026-05-09T12:55:17.945266+00:00 Scheduler heartbeat: launched_phases=['phase-01', 'phase-04', 'phase-06'] pending_phases=['phase-02', 'phase-03', 'phase-05', 'phase-07'] completed_jobs=[] running_jobs=['parsec-canneal-2026-05-09-14h52m35s', 'parsec-freqmine-2026-05-09-14h52m35s', 'parsec-streamcluster-2026-05-09-14h52m35s']
2026-05-09T12:55:34.348591+00:00 Scheduler heartbeat: launched_phases=['phase-01', 'phase-04', 'phase-06'] pending_phases=['phase-02', 'phase-03', 'phase-05', 'phase-07'] completed_jobs=[] running_jobs=['parsec-canneal-2026-05-09-14h52m35s', 'parsec-freqmine-2026-05-09-14h52m35s', 'parsec-streamcluster-2026-05-09-14h52m35s']
2026-05-09T12:55:50.740135+00:00 Scheduler heartbeat: launched_phases=['phase-01', 'phase-04', 'phase-06'] pending_phases=['phase-02', 'phase-03', 'phase-05', 'phase-07'] completed_jobs=[] running_jobs=['parsec-canneal-2026-05-09-14h52m35s', 'parsec-freqmine-2026-05-09-14h52m35s', 'parsec-streamcluster-2026-05-09-14h52m35s']
2026-05-09T12:56:07.206743+00:00 Scheduler heartbeat: launched_phases=['phase-01', 'phase-04', 'phase-06'] pending_phases=['phase-02', 'phase-03', 'phase-05', 'phase-07'] completed_jobs=[] running_jobs=['parsec-canneal-2026-05-09-14h52m35s', 'parsec-freqmine-2026-05-09-14h52m35s', 'parsec-streamcluster-2026-05-09-14h52m35s']
2026-05-09T12:56:08.858940+00:00 Job completed: parsec-canneal-2026-05-09-14h52m35s
2026-05-09T12:56:08.859432+00:00 Phase dependency satisfied for phase-02: canneal
2026-05-09T12:56:08.860505+00:00 Launching phase phase-02: blackscholes
2026-05-09T12:56:19.905526+00:00 Job completed: parsec-freqmine-2026-05-09-14h52m35s
2026-05-09T12:56:19.905860+00:00 Phase dependency satisfied for phase-07: freqmine
2026-05-09T12:56:19.905922+00:00 Launching phase phase-07: barnes
2026-05-09T12:56:22.904342+00:00 Scheduler heartbeat: launched_phases=['phase-01', 'phase-02', 'phase-04', 'phase-06', 'phase-07'] pending_phases=['phase-03', 'phase-05'] completed_jobs=['canneal', 'freqmine'] running_jobs=['parsec-barnes-2026-05-09-14h52m35s', 'parsec-blackscholes-2026-05-09-14h52m35s', 'parsec-streamcluster-2026-05-09-14h52m35s']
2026-05-09T12:56:38.371457+00:00 Scheduler heartbeat: launched_phases=['phase-01', 'phase-02', 'phase-04', 'phase-06', 'phase-07'] pending_phases=['phase-03', 'phase-05'] completed_jobs=['canneal', 'freqmine'] running_jobs=['parsec-barnes-2026-05-09-14h52m35s', 'parsec-blackscholes-2026-05-09-14h52m35s', 'parsec-streamcluster-2026-05-09-14h52m35s']
2026-05-09T12:56:54.904006+00:00 Scheduler heartbeat: launched_phases=['phase-01', 'phase-02', 'phase-04', 'phase-06', 'phase-07'] pending_phases=['phase-03', 'phase-05'] completed_jobs=['canneal', 'freqmine'] running_jobs=['parsec-barnes-2026-05-09-14h52m35s', 'parsec-blackscholes-2026-05-09-14h52m35s', 'parsec-streamcluster-2026-05-09-14h52m35s']
2026-05-09T12:57:08.881550+00:00 Job completed: parsec-blackscholes-2026-05-09-14h52m35s
2026-05-09T12:57:08.884721+00:00 Phase dependency satisfied for phase-03: blackscholes
2026-05-09T12:57:08.884993+00:00 Launching phase phase-03: vips
2026-05-09T12:57:10.156909+00:00 Scheduler heartbeat: launched_phases=['phase-01', 'phase-02', 'phase-03', 'phase-04', 'phase-06', 'phase-07'] pending_phases=['phase-05'] completed_jobs=['blackscholes', 'canneal', 'freqmine'] running_jobs=['parsec-barnes-2026-05-09-14h52m35s', 'parsec-streamcluster-2026-05-09-14h52m35s', 'parsec-vips-2026-05-09-14h52m35s']
2026-05-09T12:57:18.688052+00:00 Job completed: parsec-barnes-2026-05-09-14h52m35s
2026-05-09T12:57:18.688618+00:00 Phase dependency satisfied for phase-05: barnes
2026-05-09T12:57:18.689069+00:00 Launching phase phase-05: radix
2026-05-09T12:57:26.349792+00:00 Job completed: parsec-streamcluster-2026-05-09-14h52m35s
2026-05-09T12:57:26.350146+00:00 Scheduler heartbeat: launched_phases=['phase-01', 'phase-02', 'phase-03', 'phase-04', 'phase-05', 'phase-06', 'phase-07'] pending_phases=[] completed_jobs=['barnes', 'blackscholes', 'canneal', 'freqmine', 'streamcluster'] running_jobs=['parsec-radix-2026-05-09-14h52m35s', 'parsec-vips-2026-05-09-14h52m35s']
2026-05-09T12:57:34.109679+00:00 Job completed: parsec-radix-2026-05-09-14h52m35s
2026-05-09T12:57:41.456548+00:00 Scheduler heartbeat: launched_phases=['phase-01', 'phase-02', 'phase-03', 'phase-04', 'phase-05', 'phase-06', 'phase-07'] pending_phases=[] completed_jobs=['barnes', 'blackscholes', 'canneal', 'freqmine', 'radix', 'streamcluster'] running_jobs=['parsec-vips-2026-05-09-14h52m35s']
2026-05-09T12:57:56.640428+00:00 Scheduler heartbeat: launched_phases=['phase-01', 'phase-02', 'phase-03', 'phase-04', 'phase-05', 'phase-06', 'phase-07'] pending_phases=[] completed_jobs=['barnes', 'blackscholes', 'canneal', 'freqmine', 'radix', 'streamcluster'] running_jobs=['parsec-vips-2026-05-09-14h52m35s']
2026-05-09T12:58:11.866031+00:00 Job completed: parsec-vips-2026-05-09-14h52m35s
2026-05-09T12:58:11.867549+00:00 All batch jobs completed; capturing results.json and stopping mcperf
2026-05-09T12:58:11.867934+00:00 Waiting briefly for final pod termination metadata
2026-05-09T12:58:13.023251+00:00 Stopping mcperf measurement wrapper on client-measure-qsfk with SIGINT
2026-05-09T12:58:27.030853+00:00 mcperf is still running on client-measure-qsfk after SIGINT; escalating to SIGTERM
2026-05-09T12:58:31.195929+00:00 Summarizing run from captured pod snapshot and mcperf output
2026-05-09T12:58:31.199128+00:00 Run completed with status pass makespan=235.0 max_p95_us=405.5
2026-05-09T12:58:31.419722+00:00 Runtime stats refreshed: /home/carti/ETH/Msc/CCA/risultatiPart3/Matte/automation/runs/runtime_stats.json samples=490 eligible_runs=70
