2026-05-09T13:15:46.228936+00:00 Run directory prepared: /home/carti/ETH/Msc/CCA/risultatiPart3/Matte/automation/runs/part3-PartA/2026-05-09-15h15m46s
2026-05-09T13:15:46.229093+00:00 Rendered 8 manifests into /home/carti/ETH/Msc/CCA/risultatiPart3/Matte/automation/runs/part3-PartA/2026-05-09-15h15m46s/rendered_manifests
2026-05-09T13:15:46.229183+00:00 Cleaning previous managed workloads
2026-05-09T13:16:20.236544+00:00 Ensuring canonical node labels and checking client provisioning
2026-05-09T13:16:34.395534+00:00 Applying memcached manifest
2026-05-09T13:16:39.473236+00:00 Capturing benchmark node CPU platforms
2026-05-09T13:16:45.219522+00:00 Benchmark node CPU platform capture complete: node-a-8core=e2-standard-8/AMD Rome, node-b-4core=n2d-highcpu-4/AMD Milan
2026-05-09T13:16:45.220350+00:00 Restarting mcperf-agent.service on client-agent-a (client-agent-a-1p0l)
2026-05-09T13:16:52.963939+00:00 mcperf-agent.service active on client-agent-a (client-agent-a-1p0l)
2026-05-09T13:16:52.964302+00:00 Restarting mcperf-agent.service on client-agent-b (client-agent-b-j3kd)
2026-05-09T13:17:01.066069+00:00 mcperf-agent.service active on client-agent-b (client-agent-b-j3kd)
2026-05-09T13:17:01.066629+00:00 Starting measurement against memcached IP 100.96.4.34
2026-05-09T13:17:02.202628+00:00 Waiting for first mcperf measurement sample
2026-05-09T13:17:09.483699+00:00 mcperf measurement header observed
2026-05-09T13:17:21.125395+00:00 mcperf measurement is live
2026-05-09T13:17:21.124812+00:00 mcperf measurement sample observed
2026-05-09T13:17:21.126535+00:00 Starting phase scheduler
2026-05-09T13:17:21.729399+00:00 Phase dependency satisfied for phase-01: start
2026-05-09T13:17:21.729765+00:00 Phase dependency satisfied for phase-03: start
2026-05-09T13:17:21.729913+00:00 Launching phase phase-01: canneal
2026-05-09T13:17:22.544615+00:00 Launching phase phase-03: barnes, streamcluster
2026-05-09T13:17:24.683801+00:00 Scheduler heartbeat: launched_phases=['phase-01', 'phase-03'] pending_phases=['phase-02', 'phase-04', 'phase-05', 'phase-06'] completed_jobs=[] running_jobs=['parsec-barnes-2026-05-09-15h15m46s', 'parsec-canneal-2026-05-09-15h15m46s', 'parsec-streamcluster-2026-05-09-15h15m46s']
2026-05-09T13:17:39.832397+00:00 Scheduler heartbeat: launched_phases=['phase-01', 'phase-03'] pending_phases=['phase-02', 'phase-04', 'phase-05', 'phase-06'] completed_jobs=[] running_jobs=['parsec-barnes-2026-05-09-15h15m46s', 'parsec-canneal-2026-05-09-15h15m46s', 'parsec-streamcluster-2026-05-09-15h15m46s']
2026-05-09T13:17:56.906415+00:00 Scheduler heartbeat: launched_phases=['phase-01', 'phase-03'] pending_phases=['phase-02', 'phase-04', 'phase-05', 'phase-06'] completed_jobs=[] running_jobs=['parsec-barnes-2026-05-09-15h15m46s', 'parsec-canneal-2026-05-09-15h15m46s', 'parsec-streamcluster-2026-05-09-15h15m46s']
2026-05-09T13:18:13.696032+00:00 Scheduler heartbeat: launched_phases=['phase-01', 'phase-03'] pending_phases=['phase-02', 'phase-04', 'phase-05', 'phase-06'] completed_jobs=[] running_jobs=['parsec-barnes-2026-05-09-15h15m46s', 'parsec-canneal-2026-05-09-15h15m46s', 'parsec-streamcluster-2026-05-09-15h15m46s']
2026-05-09T13:18:21.779275+00:00 Job completed: parsec-barnes-2026-05-09-15h15m46s
2026-05-09T13:18:21.779716+00:00 Phase dependency satisfied for phase-04: barnes
2026-05-09T13:18:21.779797+00:00 Launching phase phase-04: freqmine
2026-05-09T13:18:30.004296+00:00 Scheduler heartbeat: launched_phases=['phase-01', 'phase-03', 'phase-04'] pending_phases=['phase-02', 'phase-05', 'phase-06'] completed_jobs=['barnes'] running_jobs=['parsec-canneal-2026-05-09-15h15m46s', 'parsec-freqmine-2026-05-09-15h15m46s', 'parsec-streamcluster-2026-05-09-15h15m46s']
2026-05-09T13:18:46.854313+00:00 Scheduler heartbeat: launched_phases=['phase-01', 'phase-03', 'phase-04'] pending_phases=['phase-02', 'phase-05', 'phase-06'] completed_jobs=['barnes'] running_jobs=['parsec-canneal-2026-05-09-15h15m46s', 'parsec-freqmine-2026-05-09-15h15m46s', 'parsec-streamcluster-2026-05-09-15h15m46s']
2026-05-09T13:19:03.618611+00:00 Scheduler heartbeat: launched_phases=['phase-01', 'phase-03', 'phase-04'] pending_phases=['phase-02', 'phase-05', 'phase-06'] completed_jobs=['barnes'] running_jobs=['parsec-canneal-2026-05-09-15h15m46s', 'parsec-freqmine-2026-05-09-15h15m46s', 'parsec-streamcluster-2026-05-09-15h15m46s']
2026-05-09T13:19:15.917751+00:00 Job completed: parsec-canneal-2026-05-09-15h15m46s
2026-05-09T13:19:15.918237+00:00 Phase dependency satisfied for phase-02: canneal
2026-05-09T13:19:15.918374+00:00 Launching phase phase-02: blackscholes
2026-05-09T13:19:19.120096+00:00 Scheduler heartbeat: launched_phases=['phase-01', 'phase-02', 'phase-03', 'phase-04'] pending_phases=['phase-05', 'phase-06'] completed_jobs=['barnes', 'canneal'] running_jobs=['parsec-blackscholes-2026-05-09-15h15m46s', 'parsec-freqmine-2026-05-09-15h15m46s', 'parsec-streamcluster-2026-05-09-15h15m46s']
2026-05-09T13:19:34.333481+00:00 Scheduler heartbeat: launched_phases=['phase-01', 'phase-02', 'phase-03', 'phase-04'] pending_phases=['phase-05', 'phase-06'] completed_jobs=['barnes', 'canneal'] running_jobs=['parsec-blackscholes-2026-05-09-15h15m46s', 'parsec-freqmine-2026-05-09-15h15m46s', 'parsec-streamcluster-2026-05-09-15h15m46s']
2026-05-09T13:19:50.258080+00:00 Scheduler heartbeat: launched_phases=['phase-01', 'phase-02', 'phase-03', 'phase-04'] pending_phases=['phase-05', 'phase-06'] completed_jobs=['barnes', 'canneal'] running_jobs=['parsec-blackscholes-2026-05-09-15h15m46s', 'parsec-freqmine-2026-05-09-15h15m46s', 'parsec-streamcluster-2026-05-09-15h15m46s']
2026-05-09T13:20:02.155982+00:00 Job completed: parsec-streamcluster-2026-05-09-15h15m46s
2026-05-09T13:20:02.156291+00:00 Phase dependency satisfied for phase-05: streamcluster
2026-05-09T13:20:02.156366+00:00 Launching phase phase-05: radix
2026-05-09T13:20:05.398101+00:00 Scheduler heartbeat: launched_phases=['phase-01', 'phase-02', 'phase-03', 'phase-04', 'phase-05'] pending_phases=['phase-06'] completed_jobs=['barnes', 'canneal', 'streamcluster'] running_jobs=['parsec-blackscholes-2026-05-09-15h15m46s', 'parsec-freqmine-2026-05-09-15h15m46s', 'parsec-radix-2026-05-09-15h15m46s']
2026-05-09T13:20:10.318057+00:00 Job completed: parsec-blackscholes-2026-05-09-15h15m46s
2026-05-09T13:20:17.368321+00:00 Job completed: parsec-radix-2026-05-09-15h15m46s
2026-05-09T13:20:20.872500+00:00 Scheduler heartbeat: launched_phases=['phase-01', 'phase-02', 'phase-03', 'phase-04', 'phase-05'] pending_phases=['phase-06'] completed_jobs=['barnes', 'blackscholes', 'canneal', 'radix', 'streamcluster'] running_jobs=['parsec-freqmine-2026-05-09-15h15m46s']
2026-05-09T13:20:22.646619+00:00 Job completed: parsec-freqmine-2026-05-09-15h15m46s
2026-05-09T13:20:22.647186+00:00 Phase dependency satisfied for phase-06: freqmine,radix
2026-05-09T13:20:22.647290+00:00 Launching phase phase-06: vips
2026-05-09T13:20:37.518920+00:00 Scheduler heartbeat: launched_phases=['phase-01', 'phase-02', 'phase-03', 'phase-04', 'phase-05', 'phase-06'] pending_phases=[] completed_jobs=['barnes', 'blackscholes', 'canneal', 'freqmine', 'radix', 'streamcluster'] running_jobs=['parsec-vips-2026-05-09-15h15m46s']
2026-05-09T13:20:52.598235+00:00 Scheduler heartbeat: launched_phases=['phase-01', 'phase-02', 'phase-03', 'phase-04', 'phase-05', 'phase-06'] pending_phases=[] completed_jobs=['barnes', 'blackscholes', 'canneal', 'freqmine', 'radix', 'streamcluster'] running_jobs=['parsec-vips-2026-05-09-15h15m46s']
2026-05-09T13:20:59.091318+00:00 Job completed: parsec-vips-2026-05-09-15h15m46s
2026-05-09T13:20:59.091798+00:00 All batch jobs completed; capturing results.json and stopping mcperf
2026-05-09T13:20:59.091907+00:00 Waiting briefly for final pod termination metadata
2026-05-09T13:21:00.450544+00:00 Stopping mcperf measurement wrapper on client-measure-qsfk with SIGINT
2026-05-09T13:21:15.503093+00:00 mcperf is still running on client-measure-qsfk after SIGINT; escalating to SIGTERM
2026-05-09T13:21:19.889649+00:00 Summarizing run from captured pod snapshot and mcperf output
2026-05-09T13:21:19.891905+00:00 Run completed with status pass makespan=198.0 max_p95_us=409.9
2026-05-09T13:21:20.146257+00:00 Runtime stats refreshed: /home/carti/ETH/Msc/CCA/risultatiPart3/Matte/automation/runs/runtime_stats.json samples=511 eligible_runs=73
