2026-05-09T13:04:16.030829+00:00 Run directory prepared: /home/carti/ETH/Msc/CCA/risultatiPart3/Matte/automation/runs/part3-PartA/2026-05-09-15h04m16s
2026-05-09T13:04:16.031545+00:00 Rendered 8 manifests into /home/carti/ETH/Msc/CCA/risultatiPart3/Matte/automation/runs/part3-PartA/2026-05-09-15h04m16s/rendered_manifests
2026-05-09T13:04:16.031636+00:00 Cleaning previous managed workloads
2026-05-09T13:04:49.424882+00:00 Ensuring canonical node labels and checking client provisioning
2026-05-09T13:05:02.758076+00:00 Pre-caching 8 images on benchmark nodes via 2 transient pod(s)
2026-05-09T13:05:07.071706+00:00 Pre-cache pods completed successfully
2026-05-09T13:05:08.868512+00:00 Pre-cache pods deleted
2026-05-09T13:05:08.868942+00:00 Applying memcached manifest
2026-05-09T13:05:12.850529+00:00 Capturing benchmark node CPU platforms
2026-05-09T13:05:17.739441+00:00 Benchmark node CPU platform capture complete: node-a-8core=e2-standard-8/AMD Rome, node-b-4core=n2d-highcpu-4/AMD Milan
2026-05-09T13:05:17.740152+00:00 Restarting mcperf-agent.service on client-agent-a (client-agent-a-1p0l)
2026-05-09T13:05:26.195320+00:00 mcperf-agent.service active on client-agent-a (client-agent-a-1p0l)
2026-05-09T13:05:26.195572+00:00 Restarting mcperf-agent.service on client-agent-b (client-agent-b-j3kd)
2026-05-09T13:05:34.838058+00:00 mcperf-agent.service active on client-agent-b (client-agent-b-j3kd)
2026-05-09T13:05:34.838480+00:00 Starting measurement against memcached IP 100.96.4.28
2026-05-09T13:05:35.863272+00:00 Waiting for first mcperf measurement sample
2026-05-09T13:05:42.975729+00:00 mcperf measurement header observed
2026-05-09T13:05:54.716563+00:00 mcperf measurement sample observed
2026-05-09T13:05:54.717181+00:00 mcperf measurement is live
2026-05-09T13:05:54.717331+00:00 Starting phase scheduler
2026-05-09T13:05:55.458599+00:00 Phase dependency satisfied for phase-01: start
2026-05-09T13:05:55.458916+00:00 Phase dependency satisfied for phase-03: start
2026-05-09T13:05:55.459000+00:00 Launching phase phase-01: canneal
2026-05-09T13:05:56.094835+00:00 Launching phase phase-03: barnes, streamcluster
2026-05-09T13:05:58.746947+00:00 Scheduler heartbeat: launched_phases=['phase-01', 'phase-03'] pending_phases=['phase-02', 'phase-04', 'phase-05', 'phase-06'] completed_jobs=[] running_jobs=['parsec-barnes-2026-05-09-15h04m16s', 'parsec-canneal-2026-05-09-15h04m16s', 'parsec-streamcluster-2026-05-09-15h04m16s']
2026-05-09T13:06:15.419345+00:00 Scheduler heartbeat: launched_phases=['phase-01', 'phase-03'] pending_phases=['phase-02', 'phase-04', 'phase-05', 'phase-06'] completed_jobs=[] running_jobs=['parsec-barnes-2026-05-09-15h04m16s', 'parsec-canneal-2026-05-09-15h04m16s', 'parsec-streamcluster-2026-05-09-15h04m16s']
2026-05-09T13:06:30.665038+00:00 Scheduler heartbeat: launched_phases=['phase-01', 'phase-03'] pending_phases=['phase-02', 'phase-04', 'phase-05', 'phase-06'] completed_jobs=[] running_jobs=['parsec-barnes-2026-05-09-15h04m16s', 'parsec-canneal-2026-05-09-15h04m16s', 'parsec-streamcluster-2026-05-09-15h04m16s']
2026-05-09T13:06:45.783854+00:00 Scheduler heartbeat: launched_phases=['phase-01', 'phase-03'] pending_phases=['phase-02', 'phase-04', 'phase-05', 'phase-06'] completed_jobs=[] running_jobs=['parsec-barnes-2026-05-09-15h04m16s', 'parsec-canneal-2026-05-09-15h04m16s', 'parsec-streamcluster-2026-05-09-15h04m16s']
2026-05-09T13:06:53.791120+00:00 Job completed: parsec-barnes-2026-05-09-15h04m16s
2026-05-09T13:06:53.791372+00:00 Phase dependency satisfied for phase-04: barnes
2026-05-09T13:06:53.791426+00:00 Launching phase phase-04: freqmine
2026-05-09T13:07:02.375923+00:00 Scheduler heartbeat: launched_phases=['phase-01', 'phase-03', 'phase-04'] pending_phases=['phase-02', 'phase-05', 'phase-06'] completed_jobs=['barnes'] running_jobs=['parsec-canneal-2026-05-09-15h04m16s', 'parsec-freqmine-2026-05-09-15h04m16s', 'parsec-streamcluster-2026-05-09-15h04m16s']
2026-05-09T13:07:19.310078+00:00 Scheduler heartbeat: launched_phases=['phase-01', 'phase-03', 'phase-04'] pending_phases=['phase-02', 'phase-05', 'phase-06'] completed_jobs=['barnes'] running_jobs=['parsec-canneal-2026-05-09-15h04m16s', 'parsec-freqmine-2026-05-09-15h04m16s', 'parsec-streamcluster-2026-05-09-15h04m16s']
2026-05-09T13:07:35.176183+00:00 Scheduler heartbeat: launched_phases=['phase-01', 'phase-03', 'phase-04'] pending_phases=['phase-02', 'phase-05', 'phase-06'] completed_jobs=['barnes'] running_jobs=['parsec-canneal-2026-05-09-15h04m16s', 'parsec-freqmine-2026-05-09-15h04m16s', 'parsec-streamcluster-2026-05-09-15h04m16s']
2026-05-09T13:07:50.592243+00:00 Scheduler heartbeat: launched_phases=['phase-01', 'phase-03', 'phase-04'] pending_phases=['phase-02', 'phase-05', 'phase-06'] completed_jobs=['barnes'] running_jobs=['parsec-canneal-2026-05-09-15h04m16s', 'parsec-freqmine-2026-05-09-15h04m16s', 'parsec-streamcluster-2026-05-09-15h04m16s']
2026-05-09T13:08:02.949843+00:00 Job completed: parsec-canneal-2026-05-09-15h04m16s
2026-05-09T13:08:02.950163+00:00 Phase dependency satisfied for phase-02: canneal
2026-05-09T13:08:02.950257+00:00 Launching phase phase-02: blackscholes
2026-05-09T13:08:05.922770+00:00 Scheduler heartbeat: launched_phases=['phase-01', 'phase-02', 'phase-03', 'phase-04'] pending_phases=['phase-05', 'phase-06'] completed_jobs=['barnes', 'canneal'] running_jobs=['parsec-blackscholes-2026-05-09-15h04m16s', 'parsec-freqmine-2026-05-09-15h04m16s', 'parsec-streamcluster-2026-05-09-15h04m16s']
2026-05-09T13:08:22.233852+00:00 Scheduler heartbeat: launched_phases=['phase-01', 'phase-02', 'phase-03', 'phase-04'] pending_phases=['phase-05', 'phase-06'] completed_jobs=['barnes', 'canneal'] running_jobs=['parsec-blackscholes-2026-05-09-15h04m16s', 'parsec-freqmine-2026-05-09-15h04m16s', 'parsec-streamcluster-2026-05-09-15h04m16s']
2026-05-09T13:08:37.966216+00:00 Scheduler heartbeat: launched_phases=['phase-01', 'phase-02', 'phase-03', 'phase-04'] pending_phases=['phase-05', 'phase-06'] completed_jobs=['barnes', 'canneal'] running_jobs=['parsec-blackscholes-2026-05-09-15h04m16s', 'parsec-freqmine-2026-05-09-15h04m16s', 'parsec-streamcluster-2026-05-09-15h04m16s']
2026-05-09T13:08:53.182690+00:00 Job completed: parsec-streamcluster-2026-05-09-15h04m16s
2026-05-09T13:08:53.182972+00:00 Phase dependency satisfied for phase-05: streamcluster
2026-05-09T13:08:53.183074+00:00 Launching phase phase-05: radix
2026-05-09T13:08:54.361647+00:00 Scheduler heartbeat: launched_phases=['phase-01', 'phase-02', 'phase-03', 'phase-04', 'phase-05'] pending_phases=['phase-06'] completed_jobs=['barnes', 'canneal', 'streamcluster'] running_jobs=['parsec-blackscholes-2026-05-09-15h04m16s', 'parsec-freqmine-2026-05-09-15h04m16s', 'parsec-radix-2026-05-09-15h04m16s']
2026-05-09T13:09:04.615163+00:00 Job completed: parsec-blackscholes-2026-05-09-15h04m16s
2026-05-09T13:09:09.745643+00:00 Scheduler heartbeat: launched_phases=['phase-01', 'phase-02', 'phase-03', 'phase-04', 'phase-05'] pending_phases=['phase-06'] completed_jobs=['barnes', 'blackscholes', 'canneal', 'streamcluster'] running_jobs=['parsec-freqmine-2026-05-09-15h04m16s', 'parsec-radix-2026-05-09-15h04m16s']
2026-05-09T13:09:11.447832+00:00 Job completed: parsec-radix-2026-05-09-15h04m16s
2026-05-09T13:09:14.855193+00:00 Job completed: parsec-freqmine-2026-05-09-15h04m16s
2026-05-09T13:09:14.855647+00:00 Phase dependency satisfied for phase-06: freqmine,radix
2026-05-09T13:09:14.855756+00:00 Launching phase phase-06: vips
2026-05-09T13:09:26.259192+00:00 Scheduler heartbeat: launched_phases=['phase-01', 'phase-02', 'phase-03', 'phase-04', 'phase-05', 'phase-06'] pending_phases=[] completed_jobs=['barnes', 'blackscholes', 'canneal', 'freqmine', 'radix', 'streamcluster'] running_jobs=['parsec-vips-2026-05-09-15h04m16s']
2026-05-09T13:09:42.568762+00:00 Scheduler heartbeat: launched_phases=['phase-01', 'phase-02', 'phase-03', 'phase-04', 'phase-05', 'phase-06'] pending_phases=[] completed_jobs=['barnes', 'blackscholes', 'canneal', 'freqmine', 'radix', 'streamcluster'] running_jobs=['parsec-vips-2026-05-09-15h04m16s']
2026-05-09T13:09:50.824592+00:00 Job completed: parsec-vips-2026-05-09-15h04m16s
2026-05-09T13:09:50.825135+00:00 All batch jobs completed; capturing results.json and stopping mcperf
2026-05-09T13:09:50.825426+00:00 Waiting briefly for final pod termination metadata
2026-05-09T13:09:52.279245+00:00 Stopping mcperf measurement wrapper on client-measure-qsfk with SIGINT
2026-05-09T13:10:06.459652+00:00 mcperf is still running on client-measure-qsfk after SIGINT; escalating to SIGTERM
2026-05-09T13:10:10.822504+00:00 Summarizing run from captured pod snapshot and mcperf output
2026-05-09T13:10:10.827137+00:00 Run completed with status pass makespan=216.0 max_p95_us=589.1
2026-05-09T13:10:11.060357+00:00 Runtime stats refreshed: /home/carti/ETH/Msc/CCA/risultatiPart3/Matte/automation/runs/runtime_stats.json samples=497 eligible_runs=71
