2026-05-09T12:34:12.265177+00:00 Run directory prepared: /home/carti/ETH/Msc/CCA/risultatiPart3/Matte/automation/runs/part3-PartA/2026-05-09-14h34m12s
2026-05-09T12:34:12.265260+00:00 Rendered 8 manifests into /home/carti/ETH/Msc/CCA/risultatiPart3/Matte/automation/runs/part3-PartA/2026-05-09-14h34m12s/rendered_manifests
2026-05-09T12:34:12.265286+00:00 Cleaning previous managed workloads
2026-05-09T12:34:45.747575+00:00 Ensuring canonical node labels and checking client provisioning
2026-05-09T12:35:01.389489+00:00 Applying memcached manifest
2026-05-09T12:35:06.061113+00:00 Capturing benchmark node CPU platforms
2026-05-09T12:35:11.463848+00:00 Benchmark node CPU platform capture complete: node-a-8core=e2-standard-8/AMD Rome, node-b-4core=n2d-highcpu-4/AMD Milan
2026-05-09T12:35:11.465042+00:00 Restarting mcperf-agent.service on client-agent-a (client-agent-a-1p0l)
2026-05-09T12:35:19.763294+00:00 mcperf-agent.service active on client-agent-a (client-agent-a-1p0l)
2026-05-09T12:35:19.763607+00:00 Restarting mcperf-agent.service on client-agent-b (client-agent-b-j3kd)
2026-05-09T12:35:28.645317+00:00 mcperf-agent.service active on client-agent-b (client-agent-b-j3kd)
2026-05-09T12:35:28.645580+00:00 Starting measurement against memcached IP 100.96.4.11
2026-05-09T12:35:29.468188+00:00 Waiting for first mcperf measurement sample
2026-05-09T12:35:36.521239+00:00 mcperf measurement header observed
2026-05-09T12:35:48.130469+00:00 mcperf measurement sample observed
2026-05-09T12:35:48.131725+00:00 mcperf measurement is live
2026-05-09T12:35:48.132076+00:00 Starting phase scheduler
2026-05-09T12:35:48.706354+00:00 Phase dependency satisfied for phase-01: start
2026-05-09T12:35:48.706782+00:00 Phase dependency satisfied for phase-04: start
2026-05-09T12:35:48.706905+00:00 Phase dependency satisfied for phase-06: start
2026-05-09T12:35:48.706958+00:00 Launching phase phase-01: canneal
2026-05-09T12:35:49.315861+00:00 Launching phase phase-04: streamcluster
2026-05-09T12:35:50.122373+00:00 Launching phase phase-06: freqmine
2026-05-09T12:35:51.458269+00:00 Scheduler heartbeat: launched_phases=['phase-01', 'phase-04', 'phase-06'] pending_phases=['phase-02', 'phase-03', 'phase-05', 'phase-07'] completed_jobs=[] running_jobs=['parsec-canneal-2026-05-09-14h34m12s', 'parsec-freqmine-2026-05-09-14h34m12s', 'parsec-streamcluster-2026-05-09-14h34m12s']
2026-05-09T12:36:07.192317+00:00 Scheduler heartbeat: launched_phases=['phase-01', 'phase-04', 'phase-06'] pending_phases=['phase-02', 'phase-03', 'phase-05', 'phase-07'] completed_jobs=[] running_jobs=['parsec-canneal-2026-05-09-14h34m12s', 'parsec-freqmine-2026-05-09-14h34m12s', 'parsec-streamcluster-2026-05-09-14h34m12s']
2026-05-09T12:36:22.932534+00:00 Scheduler heartbeat: launched_phases=['phase-01', 'phase-04', 'phase-06'] pending_phases=['phase-02', 'phase-03', 'phase-05', 'phase-07'] completed_jobs=[] running_jobs=['parsec-canneal-2026-05-09-14h34m12s', 'parsec-freqmine-2026-05-09-14h34m12s', 'parsec-streamcluster-2026-05-09-14h34m12s']
2026-05-09T12:36:38.466779+00:00 Scheduler heartbeat: launched_phases=['phase-01', 'phase-04', 'phase-06'] pending_phases=['phase-02', 'phase-03', 'phase-05', 'phase-07'] completed_jobs=[] running_jobs=['parsec-canneal-2026-05-09-14h34m12s', 'parsec-freqmine-2026-05-09-14h34m12s', 'parsec-streamcluster-2026-05-09-14h34m12s']
2026-05-09T12:36:53.573191+00:00 Scheduler heartbeat: launched_phases=['phase-01', 'phase-04', 'phase-06'] pending_phases=['phase-02', 'phase-03', 'phase-05', 'phase-07'] completed_jobs=[] running_jobs=['parsec-canneal-2026-05-09-14h34m12s', 'parsec-freqmine-2026-05-09-14h34m12s', 'parsec-streamcluster-2026-05-09-14h34m12s']
2026-05-09T12:37:09.987918+00:00 Scheduler heartbeat: launched_phases=['phase-01', 'phase-04', 'phase-06'] pending_phases=['phase-02', 'phase-03', 'phase-05', 'phase-07'] completed_jobs=[] running_jobs=['parsec-canneal-2026-05-09-14h34m12s', 'parsec-freqmine-2026-05-09-14h34m12s', 'parsec-streamcluster-2026-05-09-14h34m12s']
2026-05-09T12:37:25.937516+00:00 Scheduler heartbeat: launched_phases=['phase-01', 'phase-04', 'phase-06'] pending_phases=['phase-02', 'phase-03', 'phase-05', 'phase-07'] completed_jobs=[] running_jobs=['parsec-canneal-2026-05-09-14h34m12s', 'parsec-freqmine-2026-05-09-14h34m12s', 'parsec-streamcluster-2026-05-09-14h34m12s']
2026-05-09T12:37:42.114896+00:00 Scheduler heartbeat: launched_phases=['phase-01', 'phase-04', 'phase-06'] pending_phases=['phase-02', 'phase-03', 'phase-05', 'phase-07'] completed_jobs=[] running_jobs=['parsec-canneal-2026-05-09-14h34m12s', 'parsec-freqmine-2026-05-09-14h34m12s', 'parsec-streamcluster-2026-05-09-14h34m12s']
2026-05-09T12:37:48.684906+00:00 Job completed: parsec-canneal-2026-05-09-14h34m12s
2026-05-09T12:37:48.685697+00:00 Phase dependency satisfied for phase-02: canneal
2026-05-09T12:37:48.685943+00:00 Launching phase phase-02: blackscholes
2026-05-09T12:37:58.411999+00:00 Job completed: parsec-freqmine-2026-05-09-14h34m12s
2026-05-09T12:37:58.412432+00:00 Phase dependency satisfied for phase-07: freqmine
2026-05-09T12:37:58.412513+00:00 Launching phase phase-07: barnes
2026-05-09T12:37:59.767076+00:00 Scheduler heartbeat: launched_phases=['phase-01', 'phase-02', 'phase-04', 'phase-06', 'phase-07'] pending_phases=['phase-03', 'phase-05'] completed_jobs=['canneal', 'freqmine'] running_jobs=['parsec-barnes-2026-05-09-14h34m12s', 'parsec-blackscholes-2026-05-09-14h34m12s', 'parsec-streamcluster-2026-05-09-14h34m12s']
2026-05-09T12:38:16.463184+00:00 Scheduler heartbeat: launched_phases=['phase-01', 'phase-02', 'phase-04', 'phase-06', 'phase-07'] pending_phases=['phase-03', 'phase-05'] completed_jobs=['canneal', 'freqmine'] running_jobs=['parsec-barnes-2026-05-09-14h34m12s', 'parsec-blackscholes-2026-05-09-14h34m12s', 'parsec-streamcluster-2026-05-09-14h34m12s']
2026-05-09T12:38:31.793217+00:00 Scheduler heartbeat: launched_phases=['phase-01', 'phase-02', 'phase-04', 'phase-06', 'phase-07'] pending_phases=['phase-03', 'phase-05'] completed_jobs=['canneal', 'freqmine'] running_jobs=['parsec-barnes-2026-05-09-14h34m12s', 'parsec-blackscholes-2026-05-09-14h34m12s', 'parsec-streamcluster-2026-05-09-14h34m12s']
2026-05-09T12:38:46.897074+00:00 Scheduler heartbeat: launched_phases=['phase-01', 'phase-02', 'phase-04', 'phase-06', 'phase-07'] pending_phases=['phase-03', 'phase-05'] completed_jobs=['canneal', 'freqmine'] running_jobs=['parsec-barnes-2026-05-09-14h34m12s', 'parsec-blackscholes-2026-05-09-14h34m12s', 'parsec-streamcluster-2026-05-09-14h34m12s']
2026-05-09T12:38:51.594225+00:00 Job completed: parsec-blackscholes-2026-05-09-14h34m12s
2026-05-09T12:38:51.594649+00:00 Phase dependency satisfied for phase-03: blackscholes
2026-05-09T12:38:51.594742+00:00 Launching phase phase-03: vips
2026-05-09T12:38:59.444517+00:00 Job completed: parsec-barnes-2026-05-09-14h34m12s
2026-05-09T12:38:59.444939+00:00 Phase dependency satisfied for phase-05: barnes
2026-05-09T12:38:59.445037+00:00 Launching phase phase-05: radix
2026-05-09T12:39:02.213206+00:00 Scheduler heartbeat: launched_phases=['phase-01', 'phase-02', 'phase-03', 'phase-04', 'phase-05', 'phase-06', 'phase-07'] pending_phases=[] completed_jobs=['barnes', 'blackscholes', 'canneal', 'freqmine'] running_jobs=['parsec-radix-2026-05-09-14h34m12s', 'parsec-streamcluster-2026-05-09-14h34m12s', 'parsec-vips-2026-05-09-14h34m12s']
2026-05-09T12:39:05.524328+00:00 Job completed: parsec-streamcluster-2026-05-09-14h34m12s
2026-05-09T12:39:13.918595+00:00 Job completed: parsec-radix-2026-05-09-14h34m12s
2026-05-09T12:39:18.948815+00:00 Scheduler heartbeat: launched_phases=['phase-01', 'phase-02', 'phase-03', 'phase-04', 'phase-05', 'phase-06', 'phase-07'] pending_phases=[] completed_jobs=['barnes', 'blackscholes', 'canneal', 'freqmine', 'radix', 'streamcluster'] running_jobs=['parsec-vips-2026-05-09-14h34m12s']
2026-05-09T12:39:34.944215+00:00 Scheduler heartbeat: launched_phases=['phase-01', 'phase-02', 'phase-03', 'phase-04', 'phase-05', 'phase-06', 'phase-07'] pending_phases=[] completed_jobs=['barnes', 'blackscholes', 'canneal', 'freqmine', 'radix', 'streamcluster'] running_jobs=['parsec-vips-2026-05-09-14h34m12s']
2026-05-09T12:39:50.066403+00:00 Scheduler heartbeat: launched_phases=['phase-01', 'phase-02', 'phase-03', 'phase-04', 'phase-05', 'phase-06', 'phase-07'] pending_phases=[] completed_jobs=['barnes', 'blackscholes', 'canneal', 'freqmine', 'radix', 'streamcluster'] running_jobs=['parsec-vips-2026-05-09-14h34m12s']
2026-05-09T12:40:06.181219+00:00 Job completed: parsec-vips-2026-05-09-14h34m12s
2026-05-09T12:40:06.181798+00:00 All batch jobs completed; capturing results.json and stopping mcperf
2026-05-09T12:40:06.181968+00:00 Waiting briefly for final pod termination metadata
2026-05-09T12:40:07.547144+00:00 Stopping mcperf measurement wrapper on client-measure-qsfk with SIGINT
2026-05-09T12:40:21.675951+00:00 mcperf is still running on client-measure-qsfk after SIGINT; escalating to SIGTERM
2026-05-09T12:40:25.804397+00:00 Summarizing run from captured pod snapshot and mcperf output
2026-05-09T12:40:25.806651+00:00 Run completed with status pass makespan=251.0 max_p95_us=417.5
2026-05-09T12:40:26.044867+00:00 Runtime stats refreshed: /home/carti/ETH/Msc/CCA/risultatiPart3/Matte/automation/runs/runtime_stats.json samples=469 eligible_runs=67
