2026-05-10T00:15:53.623332+00:00 Run directory prepared: /home/carti/ETH/Msc/CCA/risultatiPart3/Matte/automation/runs/part3-Parta/2026-05-10-02h15m53s
2026-05-10T00:15:53.623457+00:00 Rendered 8 manifests into /home/carti/ETH/Msc/CCA/risultatiPart3/Matte/automation/runs/part3-Parta/2026-05-10-02h15m53s/rendered_manifests
2026-05-10T00:15:53.623503+00:00 Cleaning previous managed workloads
2026-05-10T00:16:27.401200+00:00 Ensuring canonical node labels and checking client provisioning
2026-05-10T00:16:44.952888+00:00 Applying memcached manifest
2026-05-10T00:16:49.230755+00:00 Capturing benchmark node CPU platforms
2026-05-10T00:16:55.248675+00:00 Benchmark node CPU platform capture complete: node-a-8core=e2-standard-8/AMD Rome, node-b-4core=n2d-highcpu-4/AMD Milan
2026-05-10T00:16:55.249697+00:00 Restarting mcperf-agent.service on client-agent-a (client-agent-a-tp31)
2026-05-10T00:17:03.814588+00:00 mcperf-agent.service active on client-agent-a (client-agent-a-tp31)
2026-05-10T00:17:03.814950+00:00 Restarting mcperf-agent.service on client-agent-b (client-agent-b-ggp4)
2026-05-10T00:17:14.700467+00:00 mcperf-agent.service active on client-agent-b (client-agent-b-ggp4)
2026-05-10T00:17:14.700788+00:00 Starting measurement against memcached IP 100.96.4.36
2026-05-10T00:17:15.527442+00:00 Waiting for first mcperf measurement sample
2026-05-10T00:17:23.027804+00:00 mcperf measurement header observed
2026-05-10T00:17:33.774155+00:00 mcperf measurement is live
2026-05-10T00:17:33.774069+00:00 mcperf measurement sample observed
2026-05-10T00:17:33.774854+00:00 Starting phase scheduler
2026-05-10T00:17:34.378391+00:00 Phase dependency satisfied for phase-01: start
2026-05-10T00:17:34.379071+00:00 Launching phase phase-01: streamcluster, blackscholes
2026-05-10T00:17:36.612929+00:00 Scheduler heartbeat: launched_phases=['phase-01'] pending_phases=['phase-02', 'phase-03', 'phase-04', 'phase-05'] completed_jobs=[] running_jobs=['parsec-blackscholes-2026-05-10-02h15m53s', 'parsec-streamcluster-2026-05-10-02h15m53s']
2026-05-10T00:17:54.217584+00:00 Scheduler heartbeat: launched_phases=['phase-01'] pending_phases=['phase-02', 'phase-03', 'phase-04', 'phase-05'] completed_jobs=[] running_jobs=['parsec-blackscholes-2026-05-10-02h15m53s', 'parsec-streamcluster-2026-05-10-02h15m53s']
2026-05-10T00:18:10.239859+00:00 Scheduler heartbeat: launched_phases=['phase-01'] pending_phases=['phase-02', 'phase-03', 'phase-04', 'phase-05'] completed_jobs=[] running_jobs=['parsec-blackscholes-2026-05-10-02h15m53s', 'parsec-streamcluster-2026-05-10-02h15m53s']
2026-05-10T00:18:28.849166+00:00 Scheduler heartbeat: launched_phases=['phase-01'] pending_phases=['phase-02', 'phase-03', 'phase-04', 'phase-05'] completed_jobs=[] running_jobs=['parsec-blackscholes-2026-05-10-02h15m53s', 'parsec-streamcluster-2026-05-10-02h15m53s']
2026-05-10T00:18:33.350471+00:00 Job completed: parsec-blackscholes-2026-05-10-02h15m53s
2026-05-10T00:18:33.350866+00:00 Phase dependency satisfied for phase-03: blackscholes
2026-05-10T00:18:33.350952+00:00 Launching phase phase-03: canneal
2026-05-10T00:18:44.166874+00:00 Scheduler heartbeat: launched_phases=['phase-01', 'phase-03'] pending_phases=['phase-02', 'phase-04', 'phase-05'] completed_jobs=['blackscholes'] running_jobs=['parsec-canneal-2026-05-10-02h15m53s', 'parsec-streamcluster-2026-05-10-02h15m53s']
2026-05-10T00:19:02.153016+00:00 Scheduler heartbeat: launched_phases=['phase-01', 'phase-03'] pending_phases=['phase-02', 'phase-04', 'phase-05'] completed_jobs=['blackscholes'] running_jobs=['parsec-canneal-2026-05-10-02h15m53s', 'parsec-streamcluster-2026-05-10-02h15m53s']
2026-05-10T00:19:17.851551+00:00 Scheduler heartbeat: launched_phases=['phase-01', 'phase-03'] pending_phases=['phase-02', 'phase-04', 'phase-05'] completed_jobs=['blackscholes'] running_jobs=['parsec-canneal-2026-05-10-02h15m53s', 'parsec-streamcluster-2026-05-10-02h15m53s']
2026-05-10T00:19:23.980364+00:00 Job completed: parsec-streamcluster-2026-05-10-02h15m53s
2026-05-10T00:19:23.980812+00:00 Phase dependency satisfied for phase-02: streamcluster
2026-05-10T00:19:23.981017+00:00 Launching phase phase-02: freqmine
2026-05-10T00:19:35.963185+00:00 Scheduler heartbeat: launched_phases=['phase-01', 'phase-02', 'phase-03'] pending_phases=['phase-04', 'phase-05'] completed_jobs=['blackscholes', 'streamcluster'] running_jobs=['parsec-canneal-2026-05-10-02h15m53s', 'parsec-freqmine-2026-05-10-02h15m53s']
2026-05-10T00:19:52.244281+00:00 Scheduler heartbeat: launched_phases=['phase-01', 'phase-02', 'phase-03'] pending_phases=['phase-04', 'phase-05'] completed_jobs=['blackscholes', 'streamcluster'] running_jobs=['parsec-canneal-2026-05-10-02h15m53s', 'parsec-freqmine-2026-05-10-02h15m53s']
2026-05-10T00:20:10.617435+00:00 Scheduler heartbeat: launched_phases=['phase-01', 'phase-02', 'phase-03'] pending_phases=['phase-04', 'phase-05'] completed_jobs=['blackscholes', 'streamcluster'] running_jobs=['parsec-canneal-2026-05-10-02h15m53s', 'parsec-freqmine-2026-05-10-02h15m53s']
2026-05-10T00:20:27.141310+00:00 Job completed: parsec-canneal-2026-05-10-02h15m53s
2026-05-10T00:20:27.141833+00:00 Phase dependency satisfied for phase-05: canneal
2026-05-10T00:20:27.142137+00:00 Launching phase phase-05: barnes
2026-05-10T00:20:28.452004+00:00 Scheduler heartbeat: launched_phases=['phase-01', 'phase-02', 'phase-03', 'phase-05'] pending_phases=['phase-04'] completed_jobs=['blackscholes', 'canneal', 'streamcluster'] running_jobs=['parsec-barnes-2026-05-10-02h15m53s', 'parsec-freqmine-2026-05-10-02h15m53s']
2026-05-10T00:20:38.836854+00:00 Job completed: parsec-freqmine-2026-05-10-02h15m53s
2026-05-10T00:20:38.837203+00:00 Phase dependency satisfied for phase-04: freqmine
2026-05-10T00:20:38.837323+00:00 Launching phase phase-04: vips, radix
2026-05-10T00:20:45.815554+00:00 Scheduler heartbeat: launched_phases=['phase-01', 'phase-02', 'phase-03', 'phase-04', 'phase-05'] pending_phases=[] completed_jobs=['blackscholes', 'canneal', 'freqmine', 'streamcluster'] running_jobs=['parsec-barnes-2026-05-10-02h15m53s', 'parsec-radix-2026-05-10-02h15m53s', 'parsec-vips-2026-05-10-02h15m53s']
2026-05-10T00:21:02.196134+00:00 Scheduler heartbeat: launched_phases=['phase-01', 'phase-02', 'phase-03', 'phase-04', 'phase-05'] pending_phases=[] completed_jobs=['blackscholes', 'canneal', 'freqmine', 'streamcluster'] running_jobs=['parsec-barnes-2026-05-10-02h15m53s', 'parsec-radix-2026-05-10-02h15m53s', 'parsec-vips-2026-05-10-02h15m53s']
2026-05-10T00:21:14.523666+00:00 Job completed: parsec-vips-2026-05-10-02h15m53s
2026-05-10T00:21:14.524128+00:00 Job completed: parsec-radix-2026-05-10-02h15m53s
2026-05-10T00:21:19.495662+00:00 Scheduler heartbeat: launched_phases=['phase-01', 'phase-02', 'phase-03', 'phase-04', 'phase-05'] pending_phases=[] completed_jobs=['blackscholes', 'canneal', 'freqmine', 'radix', 'streamcluster', 'vips'] running_jobs=['parsec-barnes-2026-05-10-02h15m53s']
2026-05-10T00:21:35.287984+00:00 Scheduler heartbeat: launched_phases=['phase-01', 'phase-02', 'phase-03', 'phase-04', 'phase-05'] pending_phases=[] completed_jobs=['blackscholes', 'canneal', 'freqmine', 'radix', 'streamcluster', 'vips'] running_jobs=['parsec-barnes-2026-05-10-02h15m53s']
2026-05-10T00:21:36.841953+00:00 Job completed: parsec-barnes-2026-05-10-02h15m53s
2026-05-10T00:21:36.842342+00:00 All batch jobs completed; capturing results.json and stopping mcperf
2026-05-10T00:21:36.842605+00:00 Waiting briefly for final pod termination metadata
2026-05-10T00:21:38.147943+00:00 Stopping mcperf measurement wrapper on client-measure-2qdl with SIGINT
2026-05-10T00:21:55.157006+00:00 mcperf is still running on client-measure-2qdl after SIGINT; escalating to SIGTERM
2026-05-10T00:21:59.278679+00:00 Summarizing run from captured pod snapshot and mcperf output
2026-05-10T00:21:59.281164+00:00 Run completed with status pass makespan=237.0 max_p95_us=387.0
2026-05-10T00:21:59.722693+00:00 Runtime stats refreshed: /home/carti/ETH/Msc/CCA/risultatiPart3/Matte/automation/runs/runtime_stats.json samples=679 eligible_runs=97
