2026-05-10T00:34:13.144865+00:00 Run directory prepared: /home/carti/ETH/Msc/CCA/risultatiPart3/Matte/automation/runs/part3-Parta/2026-05-10-02h34m13s
2026-05-10T00:34:13.145199+00:00 Rendered 8 manifests into /home/carti/ETH/Msc/CCA/risultatiPart3/Matte/automation/runs/part3-Parta/2026-05-10-02h34m13s/rendered_manifests
2026-05-10T00:34:13.145253+00:00 Cleaning previous managed workloads
2026-05-10T00:34:47.480524+00:00 Ensuring canonical node labels and checking client provisioning
2026-05-10T00:35:05.343579+00:00 Applying memcached manifest
2026-05-10T00:35:09.112148+00:00 Capturing benchmark node CPU platforms
2026-05-10T00:35:15.598589+00:00 Benchmark node CPU platform capture complete: node-a-8core=e2-standard-8/AMD Rome, node-b-4core=n2d-highcpu-4/AMD Milan
2026-05-10T00:35:15.599231+00:00 Restarting mcperf-agent.service on client-agent-a (client-agent-a-tp31)
2026-05-10T00:35:24.436907+00:00 mcperf-agent.service active on client-agent-a (client-agent-a-tp31)
2026-05-10T00:35:24.437303+00:00 Restarting mcperf-agent.service on client-agent-b (client-agent-b-ggp4)
2026-05-10T00:35:35.330211+00:00 mcperf-agent.service active on client-agent-b (client-agent-b-ggp4)
2026-05-10T00:35:35.330490+00:00 Starting measurement against memcached IP 100.96.4.48
2026-05-10T00:35:36.100948+00:00 Waiting for first mcperf measurement sample
2026-05-10T00:35:42.702267+00:00 mcperf measurement header observed
2026-05-10T00:35:53.624413+00:00 mcperf measurement sample observed
2026-05-10T00:35:53.625643+00:00 mcperf measurement is live
2026-05-10T00:35:53.625881+00:00 Starting phase scheduler
2026-05-10T00:35:54.158764+00:00 Phase dependency satisfied for phase-01: start
2026-05-10T00:35:54.159505+00:00 Launching phase phase-01: streamcluster, blackscholes
2026-05-10T00:35:55.934251+00:00 Scheduler heartbeat: launched_phases=['phase-01'] pending_phases=['phase-02', 'phase-03', 'phase-04', 'phase-05'] completed_jobs=[] running_jobs=['parsec-blackscholes-2026-05-10-02h34m13s', 'parsec-streamcluster-2026-05-10-02h34m13s']
2026-05-10T00:36:14.152707+00:00 Scheduler heartbeat: launched_phases=['phase-01'] pending_phases=['phase-02', 'phase-03', 'phase-04', 'phase-05'] completed_jobs=[] running_jobs=['parsec-blackscholes-2026-05-10-02h34m13s', 'parsec-streamcluster-2026-05-10-02h34m13s']
2026-05-10T00:36:29.576747+00:00 Scheduler heartbeat: launched_phases=['phase-01'] pending_phases=['phase-02', 'phase-03', 'phase-04', 'phase-05'] completed_jobs=[] running_jobs=['parsec-blackscholes-2026-05-10-02h34m13s', 'parsec-streamcluster-2026-05-10-02h34m13s']
2026-05-10T00:36:47.675295+00:00 Scheduler heartbeat: launched_phases=['phase-01'] pending_phases=['phase-02', 'phase-03', 'phase-04', 'phase-05'] completed_jobs=[] running_jobs=['parsec-blackscholes-2026-05-10-02h34m13s', 'parsec-streamcluster-2026-05-10-02h34m13s']
2026-05-10T00:36:50.652104+00:00 Job completed: parsec-blackscholes-2026-05-10-02h34m13s
2026-05-10T00:36:50.652652+00:00 Phase dependency satisfied for phase-03: blackscholes
2026-05-10T00:36:50.652858+00:00 Launching phase phase-03: canneal
2026-05-10T00:37:02.920803+00:00 Scheduler heartbeat: launched_phases=['phase-01', 'phase-03'] pending_phases=['phase-02', 'phase-04', 'phase-05'] completed_jobs=['blackscholes'] running_jobs=['parsec-canneal-2026-05-10-02h34m13s', 'parsec-streamcluster-2026-05-10-02h34m13s']
2026-05-10T00:37:20.461066+00:00 Scheduler heartbeat: launched_phases=['phase-01', 'phase-03'] pending_phases=['phase-02', 'phase-04', 'phase-05'] completed_jobs=['blackscholes'] running_jobs=['parsec-canneal-2026-05-10-02h34m13s', 'parsec-streamcluster-2026-05-10-02h34m13s']
2026-05-10T00:37:35.938714+00:00 Scheduler heartbeat: launched_phases=['phase-01', 'phase-03'] pending_phases=['phase-02', 'phase-04', 'phase-05'] completed_jobs=['blackscholes'] running_jobs=['parsec-canneal-2026-05-10-02h34m13s', 'parsec-streamcluster-2026-05-10-02h34m13s']
2026-05-10T00:37:53.564663+00:00 Scheduler heartbeat: launched_phases=['phase-01', 'phase-03'] pending_phases=['phase-02', 'phase-04', 'phase-05'] completed_jobs=['blackscholes'] running_jobs=['parsec-canneal-2026-05-10-02h34m13s', 'parsec-streamcluster-2026-05-10-02h34m13s']
2026-05-10T00:38:09.814684+00:00 Scheduler heartbeat: launched_phases=['phase-01', 'phase-03'] pending_phases=['phase-02', 'phase-04', 'phase-05'] completed_jobs=['blackscholes'] running_jobs=['parsec-canneal-2026-05-10-02h34m13s', 'parsec-streamcluster-2026-05-10-02h34m13s']
2026-05-10T00:38:11.426669+00:00 Job completed: parsec-streamcluster-2026-05-10-02h34m13s
2026-05-10T00:38:11.427096+00:00 Phase dependency satisfied for phase-02: streamcluster
2026-05-10T00:38:11.427220+00:00 Launching phase phase-02: freqmine
2026-05-10T00:38:27.717970+00:00 Scheduler heartbeat: launched_phases=['phase-01', 'phase-02', 'phase-03'] pending_phases=['phase-04', 'phase-05'] completed_jobs=['blackscholes', 'streamcluster'] running_jobs=['parsec-canneal-2026-05-10-02h34m13s', 'parsec-freqmine-2026-05-10-02h34m13s']
2026-05-10T00:38:41.854580+00:00 Job completed: parsec-canneal-2026-05-10-02h34m13s
2026-05-10T00:38:41.854976+00:00 Phase dependency satisfied for phase-05: canneal
2026-05-10T00:38:41.855176+00:00 Launching phase phase-05: barnes
2026-05-10T00:38:42.960259+00:00 Scheduler heartbeat: launched_phases=['phase-01', 'phase-02', 'phase-03', 'phase-05'] pending_phases=['phase-04'] completed_jobs=['blackscholes', 'canneal', 'streamcluster'] running_jobs=['parsec-barnes-2026-05-10-02h34m13s', 'parsec-freqmine-2026-05-10-02h34m13s']
2026-05-10T00:39:00.883673+00:00 Scheduler heartbeat: launched_phases=['phase-01', 'phase-02', 'phase-03', 'phase-05'] pending_phases=['phase-04'] completed_jobs=['blackscholes', 'canneal', 'streamcluster'] running_jobs=['parsec-barnes-2026-05-10-02h34m13s', 'parsec-freqmine-2026-05-10-02h34m13s']
2026-05-10T00:39:17.051906+00:00 Scheduler heartbeat: launched_phases=['phase-01', 'phase-02', 'phase-03', 'phase-05'] pending_phases=['phase-04'] completed_jobs=['blackscholes', 'canneal', 'streamcluster'] running_jobs=['parsec-barnes-2026-05-10-02h34m13s', 'parsec-freqmine-2026-05-10-02h34m13s']
2026-05-10T00:39:24.989776+00:00 Job completed: parsec-freqmine-2026-05-10-02h34m13s
2026-05-10T00:39:24.990338+00:00 Phase dependency satisfied for phase-04: freqmine
2026-05-10T00:39:24.990473+00:00 Launching phase phase-04: vips, radix
2026-05-10T00:39:35.717465+00:00 Scheduler heartbeat: launched_phases=['phase-01', 'phase-02', 'phase-03', 'phase-04', 'phase-05'] pending_phases=[] completed_jobs=['blackscholes', 'canneal', 'freqmine', 'streamcluster'] running_jobs=['parsec-barnes-2026-05-10-02h34m13s', 'parsec-radix-2026-05-10-02h34m13s', 'parsec-vips-2026-05-10-02h34m13s']
2026-05-10T00:39:51.803437+00:00 Job completed: parsec-barnes-2026-05-10-02h34m13s
2026-05-10T00:39:51.803737+00:00 Scheduler heartbeat: launched_phases=['phase-01', 'phase-02', 'phase-03', 'phase-04', 'phase-05'] pending_phases=[] completed_jobs=['barnes', 'blackscholes', 'canneal', 'freqmine', 'streamcluster'] running_jobs=['parsec-radix-2026-05-10-02h34m13s', 'parsec-vips-2026-05-10-02h34m13s']
2026-05-10T00:40:01.231134+00:00 Job completed: parsec-vips-2026-05-10-02h34m13s
2026-05-10T00:40:01.231451+00:00 Job completed: parsec-radix-2026-05-10-02h34m13s
2026-05-10T00:40:01.231560+00:00 All batch jobs completed; capturing results.json and stopping mcperf
2026-05-10T00:40:01.231601+00:00 Waiting briefly for final pod termination metadata
2026-05-10T00:40:02.508045+00:00 Stopping mcperf measurement wrapper on client-measure-2qdl with SIGINT
2026-05-10T00:40:20.085168+00:00 mcperf is still running on client-measure-2qdl after SIGINT; escalating to SIGTERM
2026-05-10T00:40:24.646443+00:00 Summarizing run from captured pod snapshot and mcperf output
2026-05-10T00:40:24.649036+00:00 Run completed with status pass makespan=235.0 max_p95_us=384.8
2026-05-10T00:40:25.152141+00:00 Runtime stats refreshed: /home/carti/ETH/Msc/CCA/risultatiPart3/Matte/automation/runs/runtime_stats.json samples=700 eligible_runs=100
