2026-05-05T16:25:05.387432+00:00 Run directory prepared: /home/carti/ETH/Msc/CCA/risultatiPart3/Matte/part3_openEvolve/runs/part3-OPENEVOLVE/2026-05-05-18h25m05s
2026-05-05T16:25:05.387518+00:00 Rendered 8 manifests into /home/carti/ETH/Msc/CCA/risultatiPart3/Matte/part3_openEvolve/runs/part3-OPENEVOLVE/2026-05-05-18h25m05s/rendered_manifests
2026-05-05T16:25:05.387543+00:00 Cleaning previous managed workloads
2026-05-05T16:25:37.513145+00:00 Ensuring canonical node labels and checking client provisioning
2026-05-05T16:25:46.797140+00:00 Applying memcached manifest
2026-05-05T16:25:49.494897+00:00 Capturing benchmark node CPU platforms
2026-05-05T16:25:54.434284+00:00 Benchmark node CPU platform capture complete: node-a-8core=e2-standard-8/AMD Rome, node-b-4core=n2d-highcpu-4/AMD Milan
2026-05-05T16:25:54.435217+00:00 Restarting mcperf-agent.service on client-agent-a (client-agent-a-7cmp)
2026-05-05T16:25:58.697268+00:00 mcperf-agent.service active on client-agent-a (client-agent-a-7cmp)
2026-05-05T16:25:58.697440+00:00 Restarting mcperf-agent.service on client-agent-b (client-agent-b-67sh)
2026-05-05T16:26:03.109431+00:00 mcperf-agent.service active on client-agent-b (client-agent-b-67sh)
2026-05-05T16:26:03.109562+00:00 Starting measurement against memcached IP 100.96.6.65
2026-05-05T16:26:03.382913+00:00 Waiting for first mcperf measurement sample
2026-05-05T16:26:08.207265+00:00 mcperf measurement header observed
2026-05-05T16:26:18.930871+00:00 mcperf measurement is live
2026-05-05T16:26:18.930733+00:00 mcperf measurement sample observed
2026-05-05T16:26:18.931541+00:00 Starting phase scheduler
2026-05-05T16:26:19.128170+00:00 Phase dependency satisfied for phase-01: start
2026-05-05T16:26:19.128477+00:00 Phase dependency satisfied for phase-03: start
2026-05-05T16:26:19.128673+00:00 Launching phase phase-01: canneal
2026-05-05T16:26:19.387484+00:00 Launching phase phase-03: barnes, streamcluster
2026-05-05T16:26:20.084627+00:00 Scheduler heartbeat: launched_phases=['phase-01', 'phase-03'] pending_phases=['phase-02', 'phase-04', 'phase-05', 'phase-06'] completed_jobs=[] running_jobs=['parsec-barnes-2026-05-05-18h25m05s', 'parsec-canneal-2026-05-05-18h25m05s', 'parsec-streamcluster-2026-05-05-18h25m05s']
2026-05-05T16:26:38.481879+00:00 Scheduler heartbeat: launched_phases=['phase-01', 'phase-03'] pending_phases=['phase-02', 'phase-04', 'phase-05', 'phase-06'] completed_jobs=[] running_jobs=['parsec-barnes-2026-05-05-18h25m05s', 'parsec-canneal-2026-05-05-18h25m05s', 'parsec-streamcluster-2026-05-05-18h25m05s']
2026-05-05T16:26:54.149162+00:00 Scheduler heartbeat: launched_phases=['phase-01', 'phase-03'] pending_phases=['phase-02', 'phase-04', 'phase-05', 'phase-06'] completed_jobs=[] running_jobs=['parsec-barnes-2026-05-05-18h25m05s', 'parsec-canneal-2026-05-05-18h25m05s', 'parsec-streamcluster-2026-05-05-18h25m05s']
2026-05-05T16:27:12.573690+00:00 Scheduler heartbeat: launched_phases=['phase-01', 'phase-03'] pending_phases=['phase-02', 'phase-04', 'phase-05', 'phase-06'] completed_jobs=[] running_jobs=['parsec-barnes-2026-05-05-18h25m05s', 'parsec-canneal-2026-05-05-18h25m05s', 'parsec-streamcluster-2026-05-05-18h25m05s']
2026-05-05T16:27:22.234245+00:00 Job completed: parsec-barnes-2026-05-05-18h25m05s
2026-05-05T16:27:22.234383+00:00 Phase dependency satisfied for phase-04: barnes
2026-05-05T16:27:22.234402+00:00 Launching phase phase-04: freqmine
2026-05-05T16:27:28.737825+00:00 Scheduler heartbeat: launched_phases=['phase-01', 'phase-03', 'phase-04'] pending_phases=['phase-02', 'phase-05', 'phase-06'] completed_jobs=['barnes'] running_jobs=['parsec-canneal-2026-05-05-18h25m05s', 'parsec-freqmine-2026-05-05-18h25m05s', 'parsec-streamcluster-2026-05-05-18h25m05s']
2026-05-05T16:27:47.211636+00:00 Scheduler heartbeat: launched_phases=['phase-01', 'phase-03', 'phase-04'] pending_phases=['phase-02', 'phase-05', 'phase-06'] completed_jobs=['barnes'] running_jobs=['parsec-canneal-2026-05-05-18h25m05s', 'parsec-freqmine-2026-05-05-18h25m05s', 'parsec-streamcluster-2026-05-05-18h25m05s']
2026-05-05T16:28:02.984248+00:00 Scheduler heartbeat: launched_phases=['phase-01', 'phase-03', 'phase-04'] pending_phases=['phase-02', 'phase-05', 'phase-06'] completed_jobs=['barnes'] running_jobs=['parsec-canneal-2026-05-05-18h25m05s', 'parsec-freqmine-2026-05-05-18h25m05s', 'parsec-streamcluster-2026-05-05-18h25m05s']
2026-05-05T16:28:21.504803+00:00 Scheduler heartbeat: launched_phases=['phase-01', 'phase-03', 'phase-04'] pending_phases=['phase-02', 'phase-05', 'phase-06'] completed_jobs=['barnes'] running_jobs=['parsec-canneal-2026-05-05-18h25m05s', 'parsec-freqmine-2026-05-05-18h25m05s', 'parsec-streamcluster-2026-05-05-18h25m05s']
2026-05-05T16:28:22.712702+00:00 Job completed: parsec-canneal-2026-05-05-18h25m05s
2026-05-05T16:28:22.712860+00:00 Phase dependency satisfied for phase-02: canneal
2026-05-05T16:28:22.712883+00:00 Launching phase phase-02: blackscholes
2026-05-05T16:28:37.618463+00:00 Scheduler heartbeat: launched_phases=['phase-01', 'phase-02', 'phase-03', 'phase-04'] pending_phases=['phase-05', 'phase-06'] completed_jobs=['barnes', 'canneal'] running_jobs=['parsec-blackscholes-2026-05-05-18h25m05s', 'parsec-freqmine-2026-05-05-18h25m05s', 'parsec-streamcluster-2026-05-05-18h25m05s']
2026-05-05T16:28:56.078221+00:00 Scheduler heartbeat: launched_phases=['phase-01', 'phase-02', 'phase-03', 'phase-04'] pending_phases=['phase-05', 'phase-06'] completed_jobs=['barnes', 'canneal'] running_jobs=['parsec-blackscholes-2026-05-05-18h25m05s', 'parsec-freqmine-2026-05-05-18h25m05s', 'parsec-streamcluster-2026-05-05-18h25m05s']
2026-05-05T16:29:04.462850+00:00 Job completed: parsec-streamcluster-2026-05-05-18h25m05s
2026-05-05T16:29:04.462998+00:00 Phase dependency satisfied for phase-05: streamcluster
2026-05-05T16:29:04.463021+00:00 Launching phase phase-05: vips
2026-05-05T16:29:10.968476+00:00 Job completed: parsec-blackscholes-2026-05-05-18h25m05s
2026-05-05T16:29:12.172319+00:00 Scheduler heartbeat: launched_phases=['phase-01', 'phase-02', 'phase-03', 'phase-04', 'phase-05'] pending_phases=['phase-06'] completed_jobs=['barnes', 'blackscholes', 'canneal', 'streamcluster'] running_jobs=['parsec-freqmine-2026-05-05-18h25m05s', 'parsec-vips-2026-05-05-18h25m05s']
2026-05-05T16:29:31.370341+00:00 Scheduler heartbeat: launched_phases=['phase-01', 'phase-02', 'phase-03', 'phase-04', 'phase-05'] pending_phases=['phase-06'] completed_jobs=['barnes', 'blackscholes', 'canneal', 'streamcluster'] running_jobs=['parsec-freqmine-2026-05-05-18h25m05s', 'parsec-vips-2026-05-05-18h25m05s']
2026-05-05T16:29:38.639074+00:00 Job completed: parsec-freqmine-2026-05-05-18h25m05s
2026-05-05T16:29:38.639204+00:00 Job completed: parsec-vips-2026-05-05-18h25m05s
2026-05-05T16:29:38.639231+00:00 Phase dependency satisfied for phase-06: freqmine
2026-05-05T16:29:38.639243+00:00 Launching phase phase-06: radix
2026-05-05T16:29:46.413049+00:00 Scheduler heartbeat: launched_phases=['phase-01', 'phase-02', 'phase-03', 'phase-04', 'phase-05', 'phase-06'] pending_phases=[] completed_jobs=['barnes', 'blackscholes', 'canneal', 'freqmine', 'streamcluster', 'vips'] running_jobs=['parsec-radix-2026-05-05-18h25m05s']
2026-05-05T16:29:52.522259+00:00 Job completed: parsec-radix-2026-05-05-18h25m05s
2026-05-05T16:29:52.522436+00:00 All batch jobs completed; capturing results.json and stopping mcperf
2026-05-05T16:29:52.522463+00:00 Waiting briefly for final pod termination metadata
2026-05-05T16:29:52.967152+00:00 Stopping mcperf measurement wrapper on client-measure-1lr0 with SIGINT
2026-05-05T16:30:08.743067+00:00 mcperf is still running on client-measure-1lr0 after SIGINT; escalating to SIGTERM
2026-05-05T16:30:10.941000+00:00 Summarizing run from captured pod snapshot and mcperf output
2026-05-05T16:30:10.943421+00:00 Run completed with status pass makespan=210.0 max_p95_us=399.7
2026-05-05T16:30:10.981282+00:00 Runtime stats refreshed: /home/carti/ETH/Msc/CCA/risultatiPart3/Matte/part3_openEvolve/runs/runtime_stats.json samples=133 eligible_runs=19
