2026-05-09T23:39:25.002260+00:00 Run directory prepared: /home/carti/ETH/Msc/CCA/risultatiPart3/Matte/automation/runs/part3-Parta/2026-05-10-01h39m25s
2026-05-09T23:39:25.002361+00:00 Rendered 8 manifests into /home/carti/ETH/Msc/CCA/risultatiPart3/Matte/automation/runs/part3-Parta/2026-05-10-01h39m25s/rendered_manifests
2026-05-09T23:39:25.002398+00:00 Cleaning previous managed workloads
2026-05-09T23:39:59.385122+00:00 Ensuring canonical node labels and checking client provisioning
2026-05-09T23:40:14.279894+00:00 Applying memcached manifest
2026-05-09T23:40:18.706471+00:00 Capturing benchmark node CPU platforms
2026-05-09T23:40:23.364171+00:00 Benchmark node CPU platform capture complete: node-a-8core=e2-standard-8/AMD Rome, node-b-4core=n2d-highcpu-4/AMD Milan
2026-05-09T23:40:23.365078+00:00 Restarting mcperf-agent.service on client-agent-a (client-agent-a-tp31)
2026-05-09T23:40:30.681719+00:00 mcperf-agent.service active on client-agent-a (client-agent-a-tp31)
2026-05-09T23:40:30.682241+00:00 Restarting mcperf-agent.service on client-agent-b (client-agent-b-ggp4)
2026-05-09T23:40:39.983656+00:00 mcperf-agent.service active on client-agent-b (client-agent-b-ggp4)
2026-05-09T23:40:39.983900+00:00 Starting measurement against memcached IP 100.96.4.12
2026-05-09T23:40:40.801947+00:00 Waiting for first mcperf measurement sample
2026-05-09T23:40:46.804335+00:00 mcperf measurement header observed
2026-05-09T23:40:57.777588+00:00 mcperf measurement sample observed
2026-05-09T23:40:57.778021+00:00 mcperf measurement is live
2026-05-09T23:40:57.778307+00:00 Starting phase scheduler
2026-05-09T23:40:58.368392+00:00 Phase dependency satisfied for phase-01: start
2026-05-09T23:40:58.368763+00:00 Phase dependency satisfied for phase-04: start
2026-05-09T23:40:58.368932+00:00 Phase dependency satisfied for phase-06: start
2026-05-09T23:40:58.369119+00:00 Launching phase phase-01: canneal
2026-05-09T23:40:59.103716+00:00 Launching phase phase-04: streamcluster
2026-05-09T23:40:59.676849+00:00 Launching phase phase-06: freqmine
2026-05-09T23:41:01.025480+00:00 Scheduler heartbeat: launched_phases=['phase-01', 'phase-04', 'phase-06'] pending_phases=['phase-02', 'phase-03', 'phase-05', 'phase-07'] completed_jobs=[] running_jobs=['parsec-canneal-2026-05-10-01h39m25s', 'parsec-freqmine-2026-05-10-01h39m25s', 'parsec-streamcluster-2026-05-10-01h39m25s']
2026-05-09T23:41:18.607926+00:00 Scheduler heartbeat: launched_phases=['phase-01', 'phase-04', 'phase-06'] pending_phases=['phase-02', 'phase-03', 'phase-05', 'phase-07'] completed_jobs=[] running_jobs=['parsec-canneal-2026-05-10-01h39m25s', 'parsec-freqmine-2026-05-10-01h39m25s', 'parsec-streamcluster-2026-05-10-01h39m25s']
2026-05-09T23:41:34.386883+00:00 Scheduler heartbeat: launched_phases=['phase-01', 'phase-04', 'phase-06'] pending_phases=['phase-02', 'phase-03', 'phase-05', 'phase-07'] completed_jobs=[] running_jobs=['parsec-canneal-2026-05-10-01h39m25s', 'parsec-freqmine-2026-05-10-01h39m25s', 'parsec-streamcluster-2026-05-10-01h39m25s']
2026-05-09T23:41:51.266023+00:00 Scheduler heartbeat: launched_phases=['phase-01', 'phase-04', 'phase-06'] pending_phases=['phase-02', 'phase-03', 'phase-05', 'phase-07'] completed_jobs=[] running_jobs=['parsec-canneal-2026-05-10-01h39m25s', 'parsec-freqmine-2026-05-10-01h39m25s', 'parsec-streamcluster-2026-05-10-01h39m25s']
2026-05-09T23:42:07.408273+00:00 Scheduler heartbeat: launched_phases=['phase-01', 'phase-04', 'phase-06'] pending_phases=['phase-02', 'phase-03', 'phase-05', 'phase-07'] completed_jobs=[] running_jobs=['parsec-canneal-2026-05-10-01h39m25s', 'parsec-freqmine-2026-05-10-01h39m25s', 'parsec-streamcluster-2026-05-10-01h39m25s']
2026-05-09T23:42:24.898152+00:00 Scheduler heartbeat: launched_phases=['phase-01', 'phase-04', 'phase-06'] pending_phases=['phase-02', 'phase-03', 'phase-05', 'phase-07'] completed_jobs=[] running_jobs=['parsec-canneal-2026-05-10-01h39m25s', 'parsec-freqmine-2026-05-10-01h39m25s', 'parsec-streamcluster-2026-05-10-01h39m25s']
2026-05-09T23:42:40.088138+00:00 Scheduler heartbeat: launched_phases=['phase-01', 'phase-04', 'phase-06'] pending_phases=['phase-02', 'phase-03', 'phase-05', 'phase-07'] completed_jobs=[] running_jobs=['parsec-canneal-2026-05-10-01h39m25s', 'parsec-freqmine-2026-05-10-01h39m25s', 'parsec-streamcluster-2026-05-10-01h39m25s']
2026-05-09T23:42:55.788992+00:00 Job completed: parsec-canneal-2026-05-10-01h39m25s
2026-05-09T23:42:55.789363+00:00 Phase dependency satisfied for phase-02: canneal
2026-05-09T23:42:55.789509+00:00 Launching phase phase-02: blackscholes
2026-05-09T23:42:56.939953+00:00 Job completed: parsec-freqmine-2026-05-10-01h39m25s
2026-05-09T23:42:56.940207+00:00 Phase dependency satisfied for phase-07: freqmine
2026-05-09T23:42:56.940268+00:00 Launching phase phase-07: barnes
2026-05-09T23:42:58.240324+00:00 Scheduler heartbeat: launched_phases=['phase-01', 'phase-02', 'phase-04', 'phase-06', 'phase-07'] pending_phases=['phase-03', 'phase-05'] completed_jobs=['canneal', 'freqmine'] running_jobs=['parsec-barnes-2026-05-10-01h39m25s', 'parsec-blackscholes-2026-05-10-01h39m25s', 'parsec-streamcluster-2026-05-10-01h39m25s']
2026-05-09T23:43:14.682867+00:00 Scheduler heartbeat: launched_phases=['phase-01', 'phase-02', 'phase-04', 'phase-06', 'phase-07'] pending_phases=['phase-03', 'phase-05'] completed_jobs=['canneal', 'freqmine'] running_jobs=['parsec-barnes-2026-05-10-01h39m25s', 'parsec-blackscholes-2026-05-10-01h39m25s', 'parsec-streamcluster-2026-05-10-01h39m25s']
2026-05-09T23:43:31.979032+00:00 Scheduler heartbeat: launched_phases=['phase-01', 'phase-02', 'phase-04', 'phase-06', 'phase-07'] pending_phases=['phase-03', 'phase-05'] completed_jobs=['canneal', 'freqmine'] running_jobs=['parsec-barnes-2026-05-10-01h39m25s', 'parsec-blackscholes-2026-05-10-01h39m25s', 'parsec-streamcluster-2026-05-10-01h39m25s']
2026-05-09T23:43:47.965780+00:00 Scheduler heartbeat: launched_phases=['phase-01', 'phase-02', 'phase-04', 'phase-06', 'phase-07'] pending_phases=['phase-03', 'phase-05'] completed_jobs=['canneal', 'freqmine'] running_jobs=['parsec-barnes-2026-05-10-01h39m25s', 'parsec-blackscholes-2026-05-10-01h39m25s', 'parsec-streamcluster-2026-05-10-01h39m25s']
2026-05-09T23:43:52.799499+00:00 Job completed: parsec-barnes-2026-05-10-01h39m25s
2026-05-09T23:43:52.799962+00:00 Phase dependency satisfied for phase-05: barnes
2026-05-09T23:43:52.800158+00:00 Launching phase phase-05: radix
2026-05-09T23:43:55.527889+00:00 Job completed: parsec-blackscholes-2026-05-10-01h39m25s
2026-05-09T23:43:55.529293+00:00 Phase dependency satisfied for phase-03: blackscholes
2026-05-09T23:43:55.529820+00:00 Launching phase phase-03: vips
2026-05-09T23:44:06.203713+00:00 Scheduler heartbeat: launched_phases=['phase-01', 'phase-02', 'phase-03', 'phase-04', 'phase-05', 'phase-06', 'phase-07'] pending_phases=[] completed_jobs=['barnes', 'blackscholes', 'canneal', 'freqmine'] running_jobs=['parsec-radix-2026-05-10-01h39m25s', 'parsec-streamcluster-2026-05-10-01h39m25s', 'parsec-vips-2026-05-10-01h39m25s']
2026-05-09T23:44:07.768084+00:00 Job completed: parsec-streamcluster-2026-05-10-01h39m25s
2026-05-09T23:44:09.431679+00:00 Job completed: parsec-radix-2026-05-10-01h39m25s
2026-05-09T23:44:21.647798+00:00 Scheduler heartbeat: launched_phases=['phase-01', 'phase-02', 'phase-03', 'phase-04', 'phase-05', 'phase-06', 'phase-07'] pending_phases=[] completed_jobs=['barnes', 'blackscholes', 'canneal', 'freqmine', 'radix', 'streamcluster'] running_jobs=['parsec-vips-2026-05-10-01h39m25s']
2026-05-09T23:44:38.697451+00:00 Scheduler heartbeat: launched_phases=['phase-01', 'phase-02', 'phase-03', 'phase-04', 'phase-05', 'phase-06', 'phase-07'] pending_phases=[] completed_jobs=['barnes', 'blackscholes', 'canneal', 'freqmine', 'radix', 'streamcluster'] running_jobs=['parsec-vips-2026-05-10-01h39m25s']
2026-05-09T23:44:55.166645+00:00 Scheduler heartbeat: launched_phases=['phase-01', 'phase-02', 'phase-03', 'phase-04', 'phase-05', 'phase-06', 'phase-07'] pending_phases=[] completed_jobs=['barnes', 'blackscholes', 'canneal', 'freqmine', 'radix', 'streamcluster'] running_jobs=['parsec-vips-2026-05-10-01h39m25s']
2026-05-09T23:45:11.540370+00:00 Job completed: parsec-vips-2026-05-10-01h39m25s
2026-05-09T23:45:11.541024+00:00 All batch jobs completed; capturing results.json and stopping mcperf
2026-05-09T23:45:11.541298+00:00 Waiting briefly for final pod termination metadata
2026-05-09T23:45:12.680236+00:00 Stopping mcperf measurement wrapper on client-measure-2qdl with SIGINT
2026-05-09T23:45:26.434767+00:00 mcperf is still running on client-measure-2qdl after SIGINT; escalating to SIGTERM
2026-05-09T23:45:30.649008+00:00 Summarizing run from captured pod snapshot and mcperf output
2026-05-09T23:45:30.650926+00:00 Run completed with status pass makespan=244.0 max_p95_us=385.8
2026-05-09T23:45:30.954251+00:00 Runtime stats refreshed: /home/carti/ETH/Msc/CCA/risultatiPart3/Matte/automation/runs/runtime_stats.json samples=637 eligible_runs=91
