2026-05-05T13:05:12.830560+00:00 Run directory prepared: /home/carti/ETH/Msc/CCA/risultatiPart3/Matte/automation/runs/part3-handcrafted/2026-05-05-15h05m12s
2026-05-05T13:05:12.830595+00:00 Rendered 8 manifests into /home/carti/ETH/Msc/CCA/risultatiPart3/Matte/automation/runs/part3-handcrafted/2026-05-05-15h05m12s/rendered_manifests
2026-05-05T13:05:12.830606+00:00 Cleaning previous managed workloads
2026-05-05T13:05:41.855515+00:00 Ensuring canonical node labels and checking client provisioning
2026-05-05T13:05:54.816789+00:00 Applying memcached manifest
2026-05-05T13:05:58.121851+00:00 Capturing benchmark node CPU platforms
2026-05-05T13:06:00.876735+00:00 Benchmark node CPU platform capture complete: node-a-8core=e2-standard-8/AMD Rome, node-b-4core=n2d-highcpu-4/AMD Milan
2026-05-05T13:06:00.877188+00:00 Restarting mcperf-agent.service on client-agent-a (client-agent-a-7cmp)
2026-05-05T13:06:05.677802+00:00 mcperf-agent.service active on client-agent-a (client-agent-a-7cmp)
2026-05-05T13:06:05.678025+00:00 Restarting mcperf-agent.service on client-agent-b (client-agent-b-67sh)
2026-05-05T13:06:10.735387+00:00 mcperf-agent.service active on client-agent-b (client-agent-b-67sh)
2026-05-05T13:06:10.735508+00:00 Starting measurement against memcached IP 100.96.6.16
2026-05-05T13:06:11.032388+00:00 Waiting for first mcperf measurement sample
2026-05-05T13:06:15.937423+00:00 mcperf measurement header observed
2026-05-05T13:06:30.005929+00:00 mcperf measurement sample observed
2026-05-05T13:06:30.005984+00:00 mcperf measurement is live
2026-05-05T13:06:30.006182+00:00 Starting phase scheduler
2026-05-05T13:06:30.249667+00:00 Phase dependency satisfied for phase-01: start
2026-05-05T13:06:30.249789+00:00 Phase dependency satisfied for phase-03: start
2026-05-05T13:06:30.249808+00:00 Phase dependency satisfied for phase-05: start
2026-05-05T13:06:30.249825+00:00 Launching phase phase-01: canneal
2026-05-05T13:06:30.518509+00:00 Launching phase phase-03: streamcluster
2026-05-05T13:06:30.778829+00:00 Launching phase phase-05: freqmine
2026-05-05T13:06:31.265080+00:00 Scheduler heartbeat: launched_phases=['phase-01', 'phase-03', 'phase-05'] pending_phases=['phase-02', 'phase-04', 'phase-06', 'phase-07'] completed_jobs=[] running_jobs=['parsec-canneal-2026-05-05-15h05m12s', 'parsec-freqmine-2026-05-05-15h05m12s', 'parsec-streamcluster-2026-05-05-15h05m12s']
2026-05-05T13:06:46.960983+00:00 Scheduler heartbeat: launched_phases=['phase-01', 'phase-03', 'phase-05'] pending_phases=['phase-02', 'phase-04', 'phase-06', 'phase-07'] completed_jobs=[] running_jobs=['parsec-canneal-2026-05-05-15h05m12s', 'parsec-freqmine-2026-05-05-15h05m12s', 'parsec-streamcluster-2026-05-05-15h05m12s']
2026-05-05T13:07:06.419764+00:00 Scheduler heartbeat: launched_phases=['phase-01', 'phase-03', 'phase-05'] pending_phases=['phase-02', 'phase-04', 'phase-06', 'phase-07'] completed_jobs=[] running_jobs=['parsec-canneal-2026-05-05-15h05m12s', 'parsec-freqmine-2026-05-05-15h05m12s', 'parsec-streamcluster-2026-05-05-15h05m12s']
2026-05-05T13:07:22.119964+00:00 Scheduler heartbeat: launched_phases=['phase-01', 'phase-03', 'phase-05'] pending_phases=['phase-02', 'phase-04', 'phase-06', 'phase-07'] completed_jobs=[] running_jobs=['parsec-canneal-2026-05-05-15h05m12s', 'parsec-freqmine-2026-05-05-15h05m12s', 'parsec-streamcluster-2026-05-05-15h05m12s']
2026-05-05T13:07:41.612946+00:00 Scheduler heartbeat: launched_phases=['phase-01', 'phase-03', 'phase-05'] pending_phases=['phase-02', 'phase-04', 'phase-06', 'phase-07'] completed_jobs=[] running_jobs=['parsec-canneal-2026-05-05-15h05m12s', 'parsec-freqmine-2026-05-05-15h05m12s', 'parsec-streamcluster-2026-05-05-15h05m12s']
2026-05-05T13:07:57.450720+00:00 Scheduler heartbeat: launched_phases=['phase-01', 'phase-03', 'phase-05'] pending_phases=['phase-02', 'phase-04', 'phase-06', 'phase-07'] completed_jobs=[] running_jobs=['parsec-canneal-2026-05-05-15h05m12s', 'parsec-freqmine-2026-05-05-15h05m12s', 'parsec-streamcluster-2026-05-05-15h05m12s']
2026-05-05T13:08:16.897278+00:00 Scheduler heartbeat: launched_phases=['phase-01', 'phase-03', 'phase-05'] pending_phases=['phase-02', 'phase-04', 'phase-06', 'phase-07'] completed_jobs=[] running_jobs=['parsec-canneal-2026-05-05-15h05m12s', 'parsec-freqmine-2026-05-05-15h05m12s', 'parsec-streamcluster-2026-05-05-15h05m12s']
2026-05-05T13:08:27.765226+00:00 Job completed: parsec-canneal-2026-05-05-15h05m12s
2026-05-05T13:08:27.765540+00:00 Phase dependency satisfied for phase-02: canneal
2026-05-05T13:08:27.765617+00:00 Launching phase phase-02: barnes
2026-05-05T13:08:33.064006+00:00 Scheduler heartbeat: launched_phases=['phase-01', 'phase-02', 'phase-03', 'phase-05'] pending_phases=['phase-04', 'phase-06', 'phase-07'] completed_jobs=['canneal'] running_jobs=['parsec-barnes-2026-05-05-15h05m12s', 'parsec-freqmine-2026-05-05-15h05m12s', 'parsec-streamcluster-2026-05-05-15h05m12s']
2026-05-05T13:08:37.985033+00:00 Job completed: parsec-freqmine-2026-05-05-15h05m12s
2026-05-05T13:08:37.985159+00:00 Phase dependency satisfied for phase-06: freqmine
2026-05-05T13:08:37.985178+00:00 Launching phase phase-06: vips
2026-05-05T13:08:51.745233+00:00 Scheduler heartbeat: launched_phases=['phase-01', 'phase-02', 'phase-03', 'phase-05', 'phase-06'] pending_phases=['phase-04', 'phase-07'] completed_jobs=['canneal', 'freqmine'] running_jobs=['parsec-barnes-2026-05-05-15h05m12s', 'parsec-streamcluster-2026-05-05-15h05m12s', 'parsec-vips-2026-05-05-15h05m12s']
2026-05-05T13:09:07.584330+00:00 Scheduler heartbeat: launched_phases=['phase-01', 'phase-02', 'phase-03', 'phase-05', 'phase-06'] pending_phases=['phase-04', 'phase-07'] completed_jobs=['canneal', 'freqmine'] running_jobs=['parsec-barnes-2026-05-05-15h05m12s', 'parsec-streamcluster-2026-05-05-15h05m12s', 'parsec-vips-2026-05-05-15h05m12s']
2026-05-05T13:09:23.468736+00:00 Job completed: parsec-vips-2026-05-05-15h05m12s
2026-05-05T13:09:23.468878+00:00 Phase dependency satisfied for phase-07: vips
2026-05-05T13:09:23.468901+00:00 Launching phase phase-07: blackscholes
2026-05-05T13:09:26.445495+00:00 Scheduler heartbeat: launched_phases=['phase-01', 'phase-02', 'phase-03', 'phase-05', 'phase-06', 'phase-07'] pending_phases=['phase-04'] completed_jobs=['canneal', 'freqmine', 'vips'] running_jobs=['parsec-barnes-2026-05-05-15h05m12s', 'parsec-blackscholes-2026-05-05-15h05m12s', 'parsec-streamcluster-2026-05-05-15h05m12s']
2026-05-05T13:09:35.161497+00:00 Job completed: parsec-barnes-2026-05-05-15h05m12s
2026-05-05T13:09:42.619957+00:00 Scheduler heartbeat: launched_phases=['phase-01', 'phase-02', 'phase-03', 'phase-05', 'phase-06', 'phase-07'] pending_phases=['phase-04'] completed_jobs=['barnes', 'canneal', 'freqmine', 'vips'] running_jobs=['parsec-blackscholes-2026-05-05-15h05m12s', 'parsec-streamcluster-2026-05-05-15h05m12s']
2026-05-05T13:10:02.377298+00:00 Scheduler heartbeat: launched_phases=['phase-01', 'phase-02', 'phase-03', 'phase-05', 'phase-06', 'phase-07'] pending_phases=['phase-04'] completed_jobs=['barnes', 'canneal', 'freqmine', 'vips'] running_jobs=['parsec-blackscholes-2026-05-05-15h05m12s', 'parsec-streamcluster-2026-05-05-15h05m12s']
2026-05-05T13:10:18.560985+00:00 Scheduler heartbeat: launched_phases=['phase-01', 'phase-02', 'phase-03', 'phase-05', 'phase-06', 'phase-07'] pending_phases=['phase-04'] completed_jobs=['barnes', 'canneal', 'freqmine', 'vips'] running_jobs=['parsec-blackscholes-2026-05-05-15h05m12s', 'parsec-streamcluster-2026-05-05-15h05m12s']
2026-05-05T13:10:23.412394+00:00 Job completed: parsec-blackscholes-2026-05-05-15h05m12s
2026-05-05T13:10:35.680348+00:00 Job completed: parsec-streamcluster-2026-05-05-15h05m12s
2026-05-05T13:10:35.680593+00:00 Phase dependency satisfied for phase-04: streamcluster
2026-05-05T13:10:35.680666+00:00 Launching phase phase-04: radix
2026-05-05T13:10:37.547834+00:00 Scheduler heartbeat: launched_phases=['phase-01', 'phase-02', 'phase-03', 'phase-04', 'phase-05', 'phase-06', 'phase-07'] pending_phases=[] completed_jobs=['barnes', 'blackscholes', 'canneal', 'freqmine', 'streamcluster', 'vips'] running_jobs=['parsec-radix-2026-05-05-15h05m12s']
2026-05-05T13:10:53.459792+00:00 Scheduler heartbeat: launched_phases=['phase-01', 'phase-02', 'phase-03', 'phase-04', 'phase-05', 'phase-06', 'phase-07'] pending_phases=[] completed_jobs=['barnes', 'blackscholes', 'canneal', 'freqmine', 'streamcluster', 'vips'] running_jobs=['parsec-radix-2026-05-05-15h05m12s']
2026-05-05T13:10:54.685132+00:00 Job completed: parsec-radix-2026-05-05-15h05m12s
2026-05-05T13:10:54.685468+00:00 All batch jobs completed; capturing results.json and stopping mcperf
2026-05-05T13:10:54.685537+00:00 Waiting briefly for final pod termination metadata
2026-05-05T13:10:55.141895+00:00 Stopping mcperf measurement wrapper on client-measure-1lr0 with SIGINT
2026-05-05T13:11:11.202014+00:00 mcperf is still running on client-measure-1lr0 after SIGINT; escalating to SIGTERM
2026-05-05T13:11:13.510575+00:00 Summarizing run from captured pod snapshot and mcperf output
2026-05-05T13:11:13.512345+00:00 Run completed with status pass makespan=261.0 max_p95_us=391.8
2026-05-05T13:11:13.606795+00:00 Runtime stats refreshed: /home/carti/ETH/Msc/CCA/risultatiPart3/Matte/automation/runs/runtime_stats.json samples=280 eligible_runs=40
